<html>
<body>
<pre>
<h1>µVision Build Log</h1>
<h2>Tool Versions:</h2>
IDE-Version: ¦ÌVision V5.36.0.0
Copyright (C) 2021 ARM Ltd and ARM Germany GmbH. All rights reserved.
License Information: jiabin wang, freiburg, LIC=WHYH9-4A92X-HLMCL-0C78W-IEFBT-GUH3X
 
Tool Versions:
Toolchain:       MDK-ARM Plus  Version: 5.36.0.0
Toolchain Path:  F:\keil\ARM\ARMCC\Bin
C Compiler:      Armcc.exe V5.06 update 7 (build 960)
Assembler:       Armasm.exe V5.06 update 7 (build 960)
Linker/Locator:  ArmLink.exe V5.06 update 7 (build 960)
Library Manager: ArmAr.exe V5.06 update 7 (build 960)
Hex Converter:   FromElf.exe V5.06 update 7 (build 960)
CPU DLL:         SARMCM3.DLL V5.36.0.0
Dialog DLL:      DCM.DLL V1.17.3.0
Target DLL:      CMSIS_AGDI.dll V1.33.0.0
Dialog DLL:      TCM.DLL V1.53.0.0
 
<h2>Project:</h2>
E:\jiabin_github\MSP432-\msp432\12_rt_thread _messageQueue\keil\blinky.uvprojx
Project File Date:  05/20/2023

<h2>Output:</h2>
*** Using Compiler 'V5.06 update 7 (build 960)', folder: 'F:\keil\ARM\ARMCC\Bin'
Build target 'blinky'
assembling startup_msp432e401y_uvision.s...
compiling system_msp432e401y.c...
compiling retarget_io.c...
compiling cmd.c...
compiling blinky.c...
..\blinky.c(115): warning:  #1-D: last line of file ends without a newline
  }
..\blinky.c: 1 warning, 0 errors
compiling msh.c...
compiling pinout.c...
assembling context_rvds.S...
compiling cpuport.c...
compiling shell.c...
compiling uartstdio.c...
compiling clock.c...
compiling ipc.c...
compiling components.c...
compiling idle.c...
compiling irq.c...
compiling mempool.c...
compiling kservice.c...
compiling mem.c...
compiling timer.c...
compiling scheduler.c...
compiling object.c...
compiling thread.c...
compiling board.c...
compiling finsh_port.c...
linking...
Program Size: Code=15018 RO-data=2234 RW-data=196 ZI-data=17052  
FromELF: creating hex file...
".\Objects\blinky.axf" - 0 Error(s), 1 Warning(s).

<h2>Software Packages used:</h2>

Package Vendor: ARM
                http://www.keil.com/pack/ARM.CMSIS.5.9.0.pack
                ARM.CMSIS.5.9.0
                CMSIS (Common Microcontroller Software Interface Standard)
   * Component: CORE Version: 5.6.0

Package Vendor: RealThread
                https://www.rt-thread.org/download/mdk/RealThread.RT-Thread.3.1.5.pack
                RealThread.RT-Thread.3.1.5
                RT-Thread Software Components
   * Component: kernel Version: 3.1.5
   * Component: shell Version: 3.1.5

Package Vendor: TexasInstruments
                http://software-dl.ti.com/msp430/msp430_public_sw/mcu/msp430/msp432cmsis/latest/exports/TexasInstruments.MSP432E4_DFP.3.2.6.pack
                TexasInstruments.MSP432E4_DFP.3.2.6
                Device Family Pack for Texas Instruments SimpleLink(TM) MSP432E4 Series

Package Vendor: Keil
                https://www.keil.com/pack/Keil.ARM_Compiler.1.7.2.pack
                Keil.ARM_Compiler.1.7.2
                Keil ARM Compiler extensions for ARM Compiler 5 and ARM Compiler 6
   * Component: STDERR Variant: ITM Version: 1.2.0

<h2>Collection of Component include folders:</h2>
  .\RTE\RTOS
  .\RTE\_blinky
  C:\Users\hoshiraku\AppData\Local\Arm\Packs\ARM\CMSIS\5.9.0\CMSIS\Core\Include
  C:\Users\hoshiraku\AppData\Local\Arm\Packs\RealThread\RT-Thread\3.1.5\components\finsh
  C:\Users\hoshiraku\AppData\Local\Arm\Packs\RealThread\RT-Thread\3.1.5\include
  C:\Users\hoshiraku\AppData\Local\Arm\Packs\TexasInstruments\MSP432E4_DFP\3.2.6\Device\Include

<h2>Collection of Component Files used:</h2>

   * Component: ARM::CMSIS:CORE:5.6.0

   * Component: Keil.ARM Compiler::Compiler:I/O:STDERR:ITM:1.2.0
      Source file:   Source\retarget_io.c

   * Component: RealThread.RT-Thread::RTOS:kernel:3.1.5
      Source file:   src\scheduler.c
      Include file:  bsp\_template\rtconfig.h
      Source file:   src\irq.c
      Source file:   src\clock.c
      Source file:   src\idle.c
      Source file:   src\kservice.c
      Source file:   src\mempool.c
      Source file:   src\object.c
      Source file:   src\mem.c
      Source file:   src\thread.c
      Source file:   src\timer.c
      Source file:   src\components.c
      Source file:   libcpu\arm\cortex-m4\cpuport.c
      Source file:   libcpu\arm\cortex-m4\context_rvds.S
      Source file:   bsp\_template\board.c
      Source file:   src\ipc.c

   * Component: RealThread.RT-Thread::RTOS:shell:3.1.5
      Source file:   components\finsh\finsh_port.c
      Include file:  components\finsh\finsh_config.h
      Source file:   components\finsh\cmd.c
      Source file:   components\finsh\shell.c
      Source file:   components\finsh\msh.c
Build Time Elapsed:  00:00:41
</pre>
</body>
</html>
