Component: ARM Compiler 5.06 update 7 (build 960) Tool: armlink [4d3601]

==============================================================================

Section Cross References

    blinky.o(i.PWM_configure) refers to blinky.o(.data) for duty_cycle
    blinky.o(i.led1_thread_entry) refers to blinky.o(i.uart_init) for uart_init
    blinky.o(i.led1_thread_entry) refers to adc.o(i.ADCSequenceStepConfigure) for ADCSequenceStepConfigure
    blinky.o(i.led1_thread_entry) refers to blinky.o(i.LED0_Blinky) for LED0_Blinky
    blinky.o(i.led1_thread_entry) refers to thread.o(i.rt_thread_delay) for rt_thread_delay
    blinky.o(i.led1_thread_entry) refers to blinky.o(.data) for getSystemClock
    blinky.o(i.led2_thread_entry) refers to blinky.o(i.uart_init) for uart_init
    blinky.o(i.led2_thread_entry) refers to blinky.o(i.PWM_configure) for PWM_configure
    blinky.o(i.led2_thread_entry) refers to oled.o(i.OLED_Init) for OLED_Init
    blinky.o(i.led2_thread_entry) refers to oled.o(i.OLED_Clear) for OLED_Clear
    blinky.o(i.led2_thread_entry) refers to test.o(i.TEST_Menu2) for TEST_Menu2
    blinky.o(i.led2_thread_entry) refers to oled.o(i.OLED_Display_On) for OLED_Display_On
    blinky.o(i.led2_thread_entry) refers to thread.o(i.rt_thread_delay) for rt_thread_delay
    blinky.o(i.led2_thread_entry) refers to blinky.o(.data) for getSystemClock
    blinky.o(i.led3_thread_entry) refers to blinky.o(i.uart1_init) for uart1_init
    blinky.o(i.led3_thread_entry) refers to blinky.o(i.PWM_configure) for PWM_configure
    blinky.o(i.led3_thread_entry) refers to oled.o(i.OLED_Init) for OLED_Init
    blinky.o(i.led3_thread_entry) refers to oled.o(i.OLED_Clear) for OLED_Clear
    blinky.o(i.led3_thread_entry) refers to test.o(i.TEST_Menu2) for TEST_Menu2
    blinky.o(i.led3_thread_entry) refers to oled.o(i.OLED_Display_On) for OLED_Display_On
    blinky.o(i.led3_thread_entry) refers to kservice.o(i.rt_kprintf) for rt_kprintf
    blinky.o(i.led3_thread_entry) refers to thread.o(i.rt_thread_delay) for rt_thread_delay
    blinky.o(i.led3_thread_entry) refers to blinky.o(.data) for getSystemClock
    blinky.o(i.main) refers to sysctl.o(i.SysCtlClockFreqSet) for SysCtlClockFreqSet
    blinky.o(i.main) refers to thread.o(i.rt_thread_create) for rt_thread_create
    blinky.o(i.main) refers to thread.o(i.rt_thread_startup) for rt_thread_startup
    blinky.o(i.main) refers to blinky.o(.data) for getSystemClock
    blinky.o(i.main) refers to blinky.o(i.led1_thread_entry) for led1_thread_entry
    blinky.o(i.main) refers to blinky.o(i.led3_thread_entry) for led3_thread_entry
    system_msp432e401y.o(i.SystemCoreClockUpdate) refers to system_msp432e401y.o(.data) for SystemCoreClock
    system_msp432e401y.o(i.SystemInit) refers to system_msp432e401y.o(.data) for SystemCoreClock
    startup_msp432e401y_uvision.o(RESET) refers to startup_msp432e401y_uvision.o(STACK) for __initial_sp
    startup_msp432e401y_uvision.o(RESET) refers to startup_msp432e401y_uvision.o(.text) for Reset_Handler
    startup_msp432e401y_uvision.o(RESET) refers to context_rvds.o(.text) for HardFault_Handler
    startup_msp432e401y_uvision.o(RESET) refers to board.o(i.SysTick_Handler) for SysTick_Handler
    startup_msp432e401y_uvision.o(RESET) refers to blinky.o(i.PWM0_0_IRQHandler) for PWM0_0_IRQHandler
    startup_msp432e401y_uvision.o(.text) refers to system_msp432e401y.o(i.SystemInit) for SystemInit
    startup_msp432e401y_uvision.o(.text) refers to entry.o(.ARM.Collect$$$$00000000) for __main
    pinout.o(i.LEDRead) refers to gpio.o(i.GPIOPinRead) for GPIOPinRead
    pinout.o(i.LEDWrite) refers to gpio.o(i.GPIOPinWrite) for GPIOPinWrite
    pinout.o(i.PinoutSet) refers to gpio.o(i.GPIOPadConfigSet) for GPIOPadConfigSet
    pinout.o(i.PinoutSet) refers to gpio.o(i.GPIOPinTypeEthernetLED) for GPIOPinTypeEthernetLED
    uartstdio.o(i.UARTStdioConfig) refers to uartstdio.o(.constdata) for g_ui32UARTPeriph
    uartstdio.o(i.UARTStdioConfig) refers to uartstdio.o(.data) for g_ui32Base
    uartstdio.o(i.UARTgetc) refers to uartstdio.o(.data) for g_ui32Base
    uartstdio.o(i.UARTgets) refers to uartstdio.o(i.UARTwrite) for UARTwrite
    uartstdio.o(i.UARTgets) refers to uartstdio.o(.data) for g_ui32Base
    uartstdio.o(i.UARTprintf) refers to uartstdio.o(i.UARTvprintf) for UARTvprintf
    uartstdio.o(i.UARTvprintf) refers to uartstdio.o(i.UARTwrite) for UARTwrite
    uartstdio.o(i.UARTvprintf) refers to uartstdio.o(.constdata) for g_pcHex
    uartstdio.o(i.UARTwrite) refers to uartstdio.o(.data) for g_ui32Base
    uartstdio.o(.constdata) refers to uartstdio.o(.conststring) for .conststring
    oled.o(i.OLED_Clear) refers to memseta.o(.text) for __aeabi_memset
    oled.o(i.OLED_Clear) refers to oled.o(i.OLED_Display) for OLED_Display
    oled.o(i.OLED_Clear) refers to oled.o(.bss) for OLED_buffer
    oled.o(i.OLED_Display) refers to oled.o(i.OLED_WR_Byte) for OLED_WR_Byte
    oled.o(i.OLED_Display) refers to oled.o(.bss) for OLED_buffer
[...]
    _rt_timer_init                           0x000014e9   Thumb Code    66  timer.o(i._rt_timer_init)
    i._rt_timer_remove                       0x0000152a   Section        0  timer.o(i._rt_timer_remove)
    _rt_timer_remove                         0x0000152b   Thumb Code    28  timer.o(i._rt_timer_remove)
    i._thread_cleanup_execute                0x00001546   Section        0  thread.o(i._thread_cleanup_execute)
    _thread_cleanup_execute                  0x00001547   Thumb Code    28  thread.o(i._thread_cleanup_execute)
    i.bus_fault_track                        0x00001564   Section        0  cpuport.o(i.bus_fault_track)
    bus_fault_track                          0x00001565   Thumb Code   130  cpuport.o(i.bus_fault_track)
    i.cmd_free                               0x00001660   Section        0  msh.o(i.cmd_free)
    i.cmd_ps                                 0x0000166e   Section        0  msh.o(i.cmd_ps)
    i.delay_ms                               0x0000167c   Section        0  oled.o(i.delay_ms)
    i.finsh_get_prompt                       0x00001694   Section        0  shell.o(i.finsh_get_prompt)
    i.finsh_getchar                          0x0000170c   Section        0  shell.o(i.finsh_getchar)
    finsh_getchar                            0x0000170d   Thumb Code     8  shell.o(i.finsh_getchar)
    i.finsh_set_prompt_mode                  0x00001714   Section        0  shell.o(i.finsh_set_prompt_mode)
    i.finsh_system_function_init             0x00001730   Section        0  shell.o(i.finsh_system_function_init)
    i.finsh_system_init                      0x00001744   Section        0  shell.o(i.finsh_system_init)
    i.finsh_thread_entry                     0x000017e0   Section        0  shell.o(i.finsh_thread_entry)
    i.hard_fault_track                       0x00001ba8   Section        0  cpuport.o(i.hard_fault_track)
    hard_fault_track                         0x00001ba9   Thumb Code    82  cpuport.o(i.hard_fault_track)
    i.hello                                  0x00001c28   Section        0  cmd.o(i.hello)
    i.led1_thread_entry                      0x00001c48   Section        0  blinky.o(i.led1_thread_entry)
    led1_thread_entry                        0x00001c49   Thumb Code   340  blinky.o(i.led1_thread_entry)
    i.led3_thread_entry                      0x00001db8   Section        0  blinky.o(i.led3_thread_entry)
    led3_thread_entry                        0x00001db9   Thumb Code   144  blinky.o(i.led3_thread_entry)
    i.list                                   0x00001e6c   Section        0  cmd.o(i.list)
    i.list_find_init                         0x00001ed4   Section        0  cmd.o(i.list_find_init)
    list_find_init                           0x00001ed5   Thumb Code    42  cmd.o(i.list_find_init)
    i.list_get_next                          0x00001efe   Section        0  cmd.o(i.list_get_next)
    list_get_next                            0x00001eff   Thumb Code   136  cmd.o(i.list_get_next)
    i.list_mailbox                           0x00001f88   Section        0  cmd.o(i.list_mailbox)
    i.list_mem                               0x000020e4   Section        0  mem.o(i.list_mem)
    i.list_sem                               0x0000215c   Section        0  cmd.o(i.list_sem)
    i.list_thread                            0x00002294   Section        0  cmd.o(i.list_thread)
    i.list_timer                             0x00002478   Section        0  cmd.o(i.list_timer)
    i.main                                   0x000025d8   Section        0  blinky.o(i.main)
    i.main_thread_entry                      0x00002678   Section        0  components.o(i.main_thread_entry)
    i.mem_manage_fault_track                 0x00002688   Section        0  cpuport.o(i.mem_manage_fault_track)
    mem_manage_fault_track                   0x00002689   Thumb Code   114  cpuport.o(i.mem_manage_fault_track)
    i.msh_auto_complete                      0x00002770   Section        0  msh.o(i.msh_auto_complete)
    i.msh_exec                               0x00002810   Section        0  msh.o(i.msh_exec)
    i.msh_get_cmd                            0x0000287c   Section        0  msh.o(i.msh_get_cmd)
    msh_get_cmd                              0x0000287d   Thumb Code    76  msh.o(i.msh_get_cmd)
    i.msh_help                               0x000028d8   Section        0  msh.o(i.msh_help)
    i.msh_is_used                            0x00002958   Section        0  msh.o(i.msh_is_used)
    i.msh_split                              0x0000295c   Section        0  msh.o(i.msh_split)
    msh_split                                0x0000295d   Thumb Code   202  msh.o(i.msh_split)
    i.mypow                                  0x00002a4c   Section        0  gui.o(i.mypow)
    mypow                                    0x00002a4d   Thumb Code    22  gui.o(i.mypow)
    i.object_split                           0x00002a64   Section        0  cmd.o(i.object_split)
    object_split                             0x00002a65   Thumb Code    22  cmd.o(i.object_split)
    i.plug_holes                             0x00002a80   Section        0  mem.o(i.plug_holes)
    plug_holes                               0x00002a81   Thumb Code   108  mem.o(i.plug_holes)
    i.print_number                           0x00002af8   Section        0  kservice.o(i.print_number)
    print_number                             0x00002af9   Thumb Code   400  kservice.o(i.print_number)
    i.rt_application_init                    0x00002c90   Section        0  components.o(i.rt_application_init)
    i.rt_calloc                              0x00002cc0   Section        0  mem.o(i.rt_calloc)
    i.rt_components_board_init               0x00002ce4   Section        0  components.o(i.rt_components_board_init)
    i.rt_components_init                     0x00002d00   Section        0  components.o(i.rt_components_init)
    i.rt_enter_critical                      0x00002d1c   Section        0  scheduler.o(i.rt_enter_critical)
    i.rt_exit_critical                       0x00002d3c   Section        0  scheduler.o(i.rt_exit_critical)
    i.rt_free                                0x00002d80   Section        0  mem.o(i.rt_free)
    i.rt_heap_begin_get                      0x00002e60   Section        0  board.o(i.rt_heap_begin_get)
    i.rt_heap_end_get                        0x00002e68   Section        0  board.o(i.rt_heap_end_get)
    i.rt_hw_board_init                       0x00002e70   Section        0  board.o(i.rt_hw_board_init)
    i.rt_hw_console_getchar                  0x00002e94   Section        0  finsh_port.o(i.rt_hw_console_getchar)
    i.rt_hw_console_output                   0x00002edc   Section        0  board.o(i.rt_hw_console_output)
    i.rt_hw_hard_fault_exception             0x00002f1c   Section        0  cpuport.o(i.rt_hw_hard_fault_exception)
    i.rt_hw_stack_init                       0x00003148   Section        0  cpuport.o(i.rt_hw_stack_init)
    i.rt_interrupt_enter                     0x00003198   Section        0  irq.o(i.rt_interrupt_enter)
    i.rt_interrupt_leave                     0x000031b8   Section        0  irq.o(i.rt_interrupt_leave)
    i.rt_ipc_list_resume                     0x000031d8   Section        0  ipc.o(i.rt_ipc_list_resume)
    rt_ipc_list_resume                       0x000031d9   Thumb Code    20  ipc.o(i.rt_ipc_list_resume)
    i.rt_ipc_list_suspend                    0x000031ec   Section        0  ipc.o(i.rt_ipc_list_suspend)
    rt_ipc_list_suspend                      0x000031ed   Thumb Code   110  ipc.o(i.rt_ipc_list_suspend)
    i.rt_ipc_object_init                     0x0000325a   Section        0  ipc.o(i.rt_ipc_object_init)
    rt_ipc_object_init                       0x0000325b   Thumb Code    16  ipc.o(i.rt_ipc_object_init)
    i.rt_kprintf                             0x0000326c   Section        0  kservice.o(i.rt_kprintf)
    i.rt_list_init                           0x0000329c   Section        0  ipc.o(i.rt_list_init)
    rt_list_init                             0x0000329d   Thumb Code     6  ipc.o(i.rt_list_init)
    i.rt_list_init                           0x000032a2   Section        0  scheduler.o(i.rt_list_init)
    rt_list_init                             0x000032a3   Thumb Code     6  scheduler.o(i.rt_list_init)
    i.rt_list_init                           0x000032a8   Section        0  timer.o(i.rt_list_init)
    rt_list_init                             0x000032a9   Thumb Code     6  timer.o(i.rt_list_init)
    i.rt_list_insert_after                   0x000032ae   Section        0  object.o(i.rt_list_insert_after)
    rt_list_insert_after                     0x000032af   Thumb Code    14  object.o(i.rt_list_insert_after)
    i.rt_list_insert_after                   0x000032bc   Section        0  thread.o(i.rt_list_insert_after)
    rt_list_insert_after                     0x000032bd   Thumb Code    14  thread.o(i.rt_list_insert_after)
    i.rt_list_insert_after                   0x000032ca   Section        0  timer.o(i.rt_list_insert_after)
    rt_list_insert_after                     0x000032cb   Thumb Code    14  timer.o(i.rt_list_insert_after)
    i.rt_list_insert_before                  0x000032d8   Section        0  ipc.o(i.rt_list_insert_before)
    rt_list_insert_before                    0x000032d9   Thumb Code    14  ipc.o(i.rt_list_insert_before)
    i.rt_list_isempty                        0x000032e6   Section        0  cmd.o(i.rt_list_isempty)
    rt_list_isempty                          0x000032e7   Thumb Code    16  cmd.o(i.rt_list_isempty)
    i.rt_list_isempty                        0x000032f6   Section        0  ipc.o(i.rt_list_isempty)
    rt_list_isempty                          0x000032f7   Thumb Code    16  ipc.o(i.rt_list_isempty)
    i.rt_list_isempty                        0x00003306   Section        0  timer.o(i.rt_list_isempty)
    rt_list_isempty                          0x00003307   Thumb Code    16  timer.o(i.rt_list_isempty)
    i.rt_list_len                            0x00003316   Section        0  cmd.o(i.rt_list_len)
    rt_list_len                              0x00003317   Thumb Code    20  cmd.o(i.rt_list_len)
    i.rt_list_remove                         0x0000332a   Section        0  object.o(i.rt_list_remove)
    rt_list_remove                           0x0000332b   Thumb Code    18  object.o(i.rt_list_remove)
    i.rt_list_remove                         0x0000333c   Section        0  thread.o(i.rt_list_remove)
    rt_list_remove                           0x0000333d   Thumb Code    18  thread.o(i.rt_list_remove)
    i.rt_list_remove                         0x0000334e   Section        0  timer.o(i.rt_list_remove)
    rt_list_remove                           0x0000334f   Thumb Code    18  timer.o(i.rt_list_remove)
    i.rt_malloc                              0x00003360   Section        0  mem.o(i.rt_malloc)
    i.rt_memmove                             0x000034cc   Section        0  kservice.o(i.rt_memmove)
    i.rt_memset                              0x0000350e   Section        0  kservice.o(i.rt_memset)
    i.rt_object_allocate                     0x00003556   Section        0  object.o(i.rt_object_allocate)
    i.rt_object_delete                       0x000035aa   Section        0  object.o(i.rt_object_delete)
    i.rt_object_detach                       0x000035ce   Section        0  object.o(i.rt_object_detach)
    i.rt_object_get_information              0x000035ec   Section        0  object.o(i.rt_object_get_information)
    i.rt_object_init                         0x00003614   Section        0  object.o(i.rt_object_init)
    i.rt_object_is_systemobject              0x0000366a   Section        0  object.o(i.rt_object_is_systemobject)
    i.rt_os_tick_callback                    0x0000367c   Section        0  board.o(i.rt_os_tick_callback)
    i.rt_schedule                            0x0000368c   Section        0  scheduler.o(i.rt_schedule)
    i.rt_schedule_insert_thread              0x00003710   Section        0  scheduler.o(i.rt_schedule_insert_thread)
    i.rt_schedule_remove_thread              0x00003760   Section        0  scheduler.o(i.rt_schedule_remove_thread)
    i.rt_sem_init                            0x000037b4   Section        0  ipc.o(i.rt_sem_init)
    i.rt_sem_release                         0x000037da   Section        0  ipc.o(i.rt_sem_release)
    i.rt_sem_take                            0x0000382c   Section        0  ipc.o(i.rt_sem_take)
    i.rt_show_version                        0x000038a0   Section        0  kservice.o(i.rt_show_version)
    i.rt_strncpy                             0x00003950   Section        0  kservice.o(i.rt_strncpy)
    i.rt_system_heap_init                    0x00003984   Section        0  mem.o(i.rt_system_heap_init)
    i.rt_system_scheduler_init               0x00003a7c   Section        0  scheduler.o(i.rt_system_scheduler_init)
    i.rt_system_scheduler_start              0x00003ac8   Section        0  scheduler.o(i.rt_system_scheduler_start)
    i.rt_system_timer_init                   0x00003af8   Section        0  timer.o(i.rt_system_timer_init)
    i.rt_system_timer_thread_init            0x00003b14   Section        0  timer.o(i.rt_system_timer_thread_init)
    i.rt_thread_create                       0x00003b16   Section        0  thread.o(i.rt_thread_create)
    i.rt_thread_delay                        0x00003b66   Section        0  thread.o(i.rt_thread_delay)
    i.rt_thread_exit                         0x00003b74   Section        0  thread.o(i.rt_thread_exit)
    i.rt_thread_idle_entry                   0x00003bcc   Section        0  idle.o(i.rt_thread_idle_entry)
    rt_thread_idle_entry                     0x00003bcd   Thumb Code     8  idle.o(i.rt_thread_idle_entry)
    i.rt_thread_idle_excute                  0x00003bd4   Section        0  idle.o(i.rt_thread_idle_excute)
    i.rt_thread_idle_init                    0x00003c34   Section        0  idle.o(i.rt_thread_idle_init)
    i.rt_thread_init                         0x00003c70   Section        0  thread.o(i.rt_thread_init)
    i.rt_thread_resume                       0x00003ca4   Section        0  thread.o(i.rt_thread_resume)
    i.rt_thread_self                         0x00003ce0   Section        0  thread.o(i.rt_thread_self)
    i.rt_thread_sleep                        0x00003cec   Section        0  thread.o(i.rt_thread_sleep)
    i.rt_thread_startup                      0x00003d30   Section        0  thread.o(i.rt_thread_startup)
    i.rt_thread_suspend                      0x00003d5c   Section        0  thread.o(i.rt_thread_suspend)
    i.rt_thread_timeout                      0x00003da0   Section        0  thread.o(i.rt_thread_timeout)
    i.rt_thread_yield                        0x00003dc0   Section        0  thread.o(i.rt_thread_yield)
    i.rt_tick_get                            0x00003e24   Section        0  clock.o(i.rt_tick_get)
    i.rt_tick_increase                       0x00003e30   Section        0  clock.o(i.rt_tick_increase)
    i.rt_timer_check                         0x00003e60   Section        0  timer.o(i.rt_timer_check)
    i.rt_timer_control                       0x00003f04   Section        0  timer.o(i.rt_timer_control)
    i.rt_timer_detach                        0x00003f66   Section        0  timer.o(i.rt_timer_detach)
    i.rt_timer_init                          0x00003f8e   Section        0  timer.o(i.rt_timer_init)
    i.rt_timer_start                         0x00003fbc   Section        0  timer.o(i.rt_timer_start)
    i.rt_timer_stop                          0x000040a8   Section        0  timer.o(i.rt_timer_stop)
    i.rt_vsnprintf                           0x000040d8   Section        0  kservice.o(i.rt_vsnprintf)
    i.rti_board_end                          0x00004418   Section        0  components.o(i.rti_board_end)
    rti_board_end                            0x00004419   Thumb Code     4  components.o(i.rti_board_end)
    i.rti_board_start                        0x0000441c   Section        0  components.o(i.rti_board_start)
    rti_board_start                          0x0000441d   Thumb Code     4  components.o(i.rti_board_start)
    i.rti_end                                0x00004420   Section        0  components.o(i.rti_end)
    rti_end                                  0x00004421   Thumb Code     4  components.o(i.rti_end)
    i.rti_start                              0x00004424   Section        0  components.o(i.rti_start)
    rti_start                                0x00004425   Thumb Code     4  components.o(i.rti_start)
    i.rtthread_startup                       0x00004428   Section        0  components.o(i.rtthread_startup)
    i.shell_auto_complete                    0x00004454   Section        0  shell.o(i.shell_auto_complete)
    shell_auto_complete                      0x00004455   Thumb Code    42  shell.o(i.shell_auto_complete)
    i.show_wait_queue                        0x0000448c   Section        0  cmd.o(i.show_wait_queue)
    show_wait_queue                          0x0000448d   Thumb Code    40  cmd.o(i.show_wait_queue)
    i.skip_atoi                              0x000044bc   Section        0  kservice.o(i.skip_atoi)
    skip_atoi                                0x000044bd   Thumb Code    38  kservice.o(i.skip_atoi)
    i.str_common                             0x000044e2   Section        0  msh.o(i.str_common)
    str_common                               0x000044e3   Thumb Code    32  msh.o(i.str_common)
    i.uart1_init                             0x00004504   Section        0  blinky.o(i.uart1_init)
    uart1_init                               0x00004505   Thumb Code   118  blinky.o(i.uart1_init)
    i.uart_init                              0x00004590   Section        0  blinky.o(i.uart_init)
    uart_init                                0x00004591   Thumb Code   118  blinky.o(i.uart_init)
    i.uart_init                              0x00004618   Section        0  board.o(i.uart_init)
    uart_init                                0x00004619   Thumb Code   118  board.o(i.uart_init)
    i.usage_fault_track                      0x000046a4   Section        0  cpuport.o(i.usage_fault_track)
    usage_fault_track                        0x000046a5   Thumb Code   122  cpuport.o(i.usage_fault_track)
    i.version                                0x0000478c   Section        0  cmd.o(i.version)
    .constdata                               0x00004796   Section     4048  gui.o(.constdata)
    .constdata                               0x00005766   Section      290  kservice.o(.constdata)
    small_digits                             0x00005866   Data          17  kservice.o(.constdata)
    large_digits                             0x00005877   Data          17  kservice.o(.constdata)
    .constdata                               0x00005888   Section      528  sysctl.o(.constdata)
    g_pui32VCOFrequencies                    0x00005888   Data           8  sysctl.o(.constdata)
    g_pui32Xtals                             0x00005890   Data          40  sysctl.o(.constdata)
    g_pppui32XTALtoVCO                       0x000058b8   Data         432  sysctl.o(.constdata)
    g_sXTALtoMEMTIM                          0x00005a68   Data          48  sysctl.o(.constdata)
    .conststring                             0x00005a98   Section       68  cmd.o(.conststring)
    .rodata.name                             0x00005adc   Section      423  cmd.o(.rodata.name)
    .rodata.name                             0x00005c83   Section      118  msh.o(.rodata.name)
    .rodata.name                             0x00005cf9   Section       39  mem.o(.rodata.name)
    .rti_fn.0                                0x00005d20   Section        4  components.o(.rti_fn.0)
    __tagsym$$used                           0x00005d20   Number         0  components.o(.rti_fn.0)
    .rti_fn.0.end                            0x00005d24   Section        4  components.o(.rti_fn.0.end)
    __tagsym$$used                           0x00005d24   Number         0  components.o(.rti_fn.0.end)
    .rti_fn.1                                0x00005d28   Section        4  board.o(.rti_fn.1)
    __tagsym$$used                           0x00005d28   Number         0  board.o(.rti_fn.1)
    .rti_fn.1.end                            0x00005d2c   Section        4  components.o(.rti_fn.1.end)
    __tagsym$$used                           0x00005d2c   Number         0  components.o(.rti_fn.1.end)
    .rti_fn.6                                0x00005d30   Section        4  shell.o(.rti_fn.6)
    __tagsym$$used                           0x00005d30   Number         0  shell.o(.rti_fn.6)
    .rti_fn.6.end                            0x00005d34   Section        4  components.o(.rti_fn.6.end)
    __tagsym$$used                           0x00005d34   Number         0  components.o(.rti_fn.6.end)
    FSymTab                                  0x00005d38   Section      144  cmd.o(FSymTab)
    __tagsym$$used                           0x00005d38   Number         0  cmd.o(FSymTab)
    __tagsym$$used                           0x00005d44   Number         0  cmd.o(FSymTab)
    __tagsym$$used                           0x00005d50   Number         0  cmd.o(FSymTab)
    __tagsym$$used                           0x00005d5c   Number         0  cmd.o(FSymTab)
    __tagsym$$used                           0x00005d68   Number         0  cmd.o(FSymTab)
    __tagsym$$used                           0x00005d74   Number         0  cmd.o(FSymTab)
    __tagsym$$used                           0x00005d80   Number         0  cmd.o(FSymTab)
    __tagsym$$used                           0x00005d8c   Number         0  cmd.o(FSymTab)
    __tagsym$$used                           0x00005d98   Number         0  cmd.o(FSymTab)
    __tagsym$$used                           0x00005da4   Number         0  cmd.o(FSymTab)
    __tagsym$$used                           0x00005db0   Number         0  cmd.o(FSymTab)
    __tagsym$$used                           0x00005dbc   Number         0  cmd.o(FSymTab)
    FSymTab                                  0x00005dc8   Section       36  msh.o(FSymTab)
    __tagsym$$used                           0x00005dc8   Number         0  msh.o(FSymTab)
    __tagsym$$used                           0x00005dd4   Number         0  msh.o(FSymTab)
    __tagsym$$used                           0x00005de0   Number         0  msh.o(FSymTab)
    FSymTab                                  0x00005dec   Section       12  mem.o(FSymTab)
    __tagsym$$used                           0x00005dec   Number         0  mem.o(FSymTab)
    .data                                    0x20000000   Section       32  blinky.o(.data)
    led1_thread                              0x2000000c   Data           4  blinky.o(.data)
    led2_thread                              0x20000010   Data           4  blinky.o(.data)
    led3_thread                              0x20000014   Data           4  blinky.o(.data)
    .data                                    0x20000020   Section        4  system_msp432e401y.o(.data)
    .data                                    0x20000024   Section     6528  test.o(.data)
    .data                                    0x200019a4   Section       24  shell.o(.data)
    finsh_prompt_custom                      0x200019b8   Data           4  shell.o(.data)
    .data                                    0x200019bc   Section       16  cpuport.o(.data)
    rt_exception_hook                        0x200019c8   Data           4  cpuport.o(.data)
    .data                                    0x200019cc   Section        4  clock.o(.data)
    rt_tick                                  0x200019cc   Data           4  clock.o(.data)
    .data                                    0x200019d0   Section        1  irq.o(.data)
    .data                                    0x200019d4   Section       24  mem.o(.data)
    heap_ptr                                 0x200019d4   Data           4  mem.o(.data)
    heap_end                                 0x200019d8   Data           4  mem.o(.data)
    lfree                                    0x200019dc   Data           4  mem.o(.data)
    mem_size_aligned                         0x200019e0   Data           4  mem.o(.data)
    used_mem                                 0x200019e4   Data           4  mem.o(.data)
    max_mem                                  0x200019e8   Data           4  mem.o(.data)
    .data                                    0x200019ec   Section       64  object.o(.data)
    rt_object_container                      0x200019ec   Data          64  object.o(.data)
    .data                                    0x20001a2c   Section       24  scheduler.o(.data)
    rt_scheduler_lock_nest                   0x20001a30   Data           2  scheduler.o(.data)
    .data                                    0x20001a44   Section       12  timer.o(.data)
    rt_timer_list                            0x20001a44   Data           8  timer.o(.data)
    random_nr                                0x20001a4c   Data           4  timer.o(.data)
    .data                                    0x20001a50   Section        8  board.o(.data)
    .data                                    0x20001a58   Section        4  rand.o(.data)
    _rand_state                              0x20001a58   Data           4  rand.o(.data)
    .bss                                     0x20001a5c   Section     1024  oled.o(.bss)
    OLED_buffer                              0x20001a5c   Data        1024  oled.o(.bss)
    .bss                                     0x20001e5c   Section      257  shell.o(.bss)
    finsh_prompt                             0x20001e5c   Data         257  shell.o(.bss)
    .bss                                     0x20001f60   Section      376  idle.o(.bss)
    idle                                     0x20001f60   Data         120  idle.o(.bss)
    rt_thread_stack                          0x20001fd8   Data         256  idle.o(.bss)
    .bss                                     0x200020d8   Section      256  kservice.o(.bss)
    rt_log_buf                               0x200020d8   Data         256  kservice.o(.bss)
    .bss                                     0x200021d8   Section       32  mem.o(.bss)
    heap_sem                                 0x200021d8   Data          32  mem.o(.bss)
    .bss                                     0x200021f8   Section      256  scheduler.o(.bss)
    .bss                                     0x200022f8   Section    15360  board.o(.bss)
    rt_heap                                  0x200022f8   Data       15360  board.o(.bss)
    STACK                                    0x20005ef8   Section      512  startup_msp432e401y_uvision.o(STACK)

    Global Symbols

    Symbol Name                              Value     Ov Type        Size  Object(Section)

    BuildAttributes$$THM_ISAv4$E$P$D$K$B$S$7EM$VFPi3$EXTD16$VFPS$VFMA$PE$A:L22UL41UL21$X:L11$S22US41US21$IEEE1$IW$USESV6$~STKCKD$USESV7$~SHL$OSPACE$EBA8$MICROLIB$REQ8$PRES8$EABIv2 0x00000000   Number         0  anon$$obj.o ABSOLUTE
    __ARM_use_no_argv                        0x00000000   Number         0  blinky.o ABSOLUTE
    __Vectors                                0x00000000   Data           4  startup_msp432e401y_uvision.o(RESET)
    __arm_fini_                               - Undefined Weak Reference
    __cpp_initialize__aeabi_                  - Undefined Weak Reference
    __cxa_finalize                            - Undefined Weak Reference
    _clock_init                               - Undefined Weak Reference
    _microlib_exit                            - Undefined Weak Reference
    __Vectors_End                            0x000001fc   Data           0  startup_msp432e401y_uvision.o(RESET)
    __Vectors_Size                           0x000001fc   Number         0  startup_msp432e401y_uvision.o ABSOLUTE
    __main                                   0x000001fd   Thumb Code     0  entry.o(.ARM.Collect$$$$00000000)
    _main_stk                                0x000001fd   Thumb Code     0  entry2.o(.ARM.Collect$$$$00000001)
    _main_scatterload                        0x00000201   Thumb Code     0  entry5.o(.ARM.Collect$$$$00000004)
    __main_after_scatterload                 0x00000205   Thumb Code     0  entry5.o(.ARM.Collect$$$$00000004)
    _main_clock                              0x00000205   Thumb Code     0  entry7b.o(.ARM.Collect$$$$00000008)
    _main_cpp_init                           0x00000205   Thumb Code     0  entry8b.o(.ARM.Collect$$$$0000000A)
    _main_init                               0x00000205   Thumb Code     0  entry9a.o(.ARM.Collect$$$$0000000B)
    __rt_lib_shutdown_fini                   0x0000020d   Thumb Code     0  entry12b.o(.ARM.Collect$$$$0000000E)
    __rt_final_cpp                           0x00000211   Thumb Code     0  entry10a.o(.ARM.Collect$$$$0000000F)
    __rt_final_exit                          0x00000211   Thumb Code     0  entry11a.o(.ARM.Collect$$$$00000011)
    Reset_Handler                            0x00000215   Thumb Code     8  startup_msp432e401y_uvision.o(.text)
    NMI_Handler                              0x0000021d   Thumb Code     2  startup_msp432e401y_uvision.o(.text)
    MemManage_Handler                        0x00000221   Thumb Code     2  startup_msp432e401y_uvision.o(.text)
    BusFault_Handler                         0x00000223   Thumb Code     2  startup_msp432e401y_uvision.o(.text)
    UsageFault_Handler                       0x00000225   Thumb Code     2  startup_msp432e401y_uvision.o(.text)
    SVC_Handler                              0x00000227   Thumb Code     2  startup_msp432e401y_uvision.o(.text)
    DebugMon_Handler                         0x00000229   Thumb Code     2  startup_msp432e401y_uvision.o(.text)
    ADC0SS0_IRQHandler                       0x0000022f   Thumb Code     0  startup_msp432e401y_uvision.o(.text)
    ADC0SS1_IRQHandler                       0x0000022f   Thumb Code     0  startup_msp432e401y_uvision.o(.text)
    ADC0SS2_IRQHandler                       0x0000022f   Thumb Code     0  startup_msp432e401y_uvision.o(.text)
    ADC0SS3_IRQHandler                       0x0000022f   Thumb Code     0  startup_msp432e401y_uvision.o(.text)
    ADC1SS0_IRQHandler                       0x0000022f   Thumb Code     0  startup_msp432e401y_uvision.o(.text)
    ADC1SS1_IRQHandler                       0x0000022f   Thumb Code     0  startup_msp432e401y_uvision.o(.text)
    ADC1SS2_IRQHandler                       0x0000022f   Thumb Code     0  startup_msp432e401y_uvision.o(.text)
    ADC1SS3_IRQHandler                       0x0000022f   Thumb Code     0  startup_msp432e401y_uvision.o(.text)
    AES0_IRQHandler                          0x0000022f   Thumb Code     0  startup_msp432e401y_uvision.o(.text)
    CAN0_IRQHandler                          0x0000022f   Thumb Code     0  startup_msp432e401y_uvision.o(.text)
    CAN1_IRQHandler                          0x0000022f   Thumb Code     0  startup_msp432e401y_uvision.o(.text)
    COMP0_IRQHandler                         0x0000022f   Thumb Code     0  startup_msp432e401y_uvision.o(.text)
    COMP1_IRQHandler                         0x0000022f   Thumb Code     0  startup_msp432e401y_uvision.o(.text)
    COMP2_IRQHandler                         0x0000022f   Thumb Code     0  startup_msp432e401y_uvision.o(.text)
    DES0_IRQHandler                          0x0000022f   Thumb Code     0  startup_msp432e401y_uvision.o(.text)
    EMAC0_IRQHandler                         0x0000022f   Thumb Code     0  startup_msp432e401y_uvision.o(.text)
    EPI0_IRQHandler                          0x0000022f   Thumb Code     0  startup_msp432e401y_uvision.o(.text)
    FLASH_IRQHandler                         0x0000022f   Thumb Code     0  startup_msp432e401y_uvision.o(.text)
    GPIOA_IRQHandler                         0x0000022f   Thumb Code     0  startup_msp432e401y_uvision.o(.text)
    GPIOB_IRQHandler                         0x0000022f   Thumb Code     0  startup_msp432e401y_uvision.o(.text)
    GPIOC_IRQHandler                         0x0000022f   Thumb Code     0  startup_msp432e401y_uvision.o(.text)
    GPIOD_IRQHandler                         0x0000022f   Thumb Code     0  startup_msp432e401y_uvision.o(.text)
    GPIOE_IRQHandler                         0x0000022f   Thumb Code     0  startup_msp432e401y_uvision.o(.text)
    GPIOF_IRQHandler                         0x0000022f   Thumb Code     0  startup_msp432e401y_uvision.o(.text)
    GPIOG_IRQHandler                         0x0000022f   Thumb Code     0  startup_msp432e401y_uvision.o(.text)
    GPIOH_IRQHandler                         0x0000022f   Thumb Code     0  startup_msp432e401y_uvision.o(.text)
    GPIOJ_IRQHandler                         0x0000022f   Thumb Code     0  startup_msp432e401y_uvision.o(.text)
    GPIOK_IRQHandler                         0x0000022f   Thumb Code     0  startup_msp432e401y_uvision.o(.text)
    GPIOL_IRQHandler                         0x0000022f   Thumb Code     0  startup_msp432e401y_uvision.o(.text)
    GPIOM_IRQHandler                         0x0000022f   Thumb Code     0  startup_msp432e401y_uvision.o(.text)
    GPION_IRQHandler                         0x0000022f   Thumb Code     0  startup_msp432e401y_uvision.o(.text)
    GPIOP0_IRQHandler                        0x0000022f   Thumb Code     0  startup_msp432e401y_uvision.o(.text)
    GPIOP1_IRQHandler                        0x0000022f   Thumb Code     0  startup_msp432e401y_uvision.o(.text)
    GPIOP2_IRQHandler                        0x0000022f   Thumb Code     0  startup_msp432e401y_uvision.o(.text)
    GPIOP3_IRQHandler                        0x0000022f   Thumb Code     0  startup_msp432e401y_uvision.o(.text)
    GPIOP4_IRQHandler                        0x0000022f   Thumb Code     0  startup_msp432e401y_uvision.o(.text)
    GPIOP5_IRQHandler                        0x0000022f   Thumb Code     0  startup_msp432e401y_uvision.o(.text)
    GPIOP6_IRQHandler                        0x0000022f   Thumb Code     0  startup_msp432e401y_uvision.o(.text)
    GPIOP7_IRQHandler                        0x0000022f   Thumb Code     0  startup_msp432e401y_uvision.o(.text)
    GPIOQ0_IRQHandler                        0x0000022f   Thumb Code     0  startup_msp432e401y_uvision.o(.text)
    GPIOQ1_IRQHandler                        0x0000022f   Thumb Code     0  startup_msp432e401y_uvision.o(.text)
    GPIOQ2_IRQHandler                        0x0000022f   Thumb Code     0  startup_msp432e401y_uvision.o(.text)
    GPIOQ3_IRQHandler                        0x0000022f   Thumb Code     0  startup_msp432e401y_uvision.o(.text)
    GPIOQ4_IRQHandler                        0x0000022f   Thumb Code     0  startup_msp432e401y_uvision.o(.text)
    GPIOQ5_IRQHandler                        0x0000022f   Thumb Code     0  startup_msp432e401y_uvision.o(.text)
    GPIOQ6_IRQHandler                        0x0000022f   Thumb Code     0  startup_msp432e401y_uvision.o(.text)
    GPIOQ7_IRQHandler                        0x0000022f   Thumb Code     0  startup_msp432e401y_uvision.o(.text)
    HIBERNATE_IRQHandler                     0x0000022f   Thumb Code     0  startup_msp432e401y_uvision.o(.text)
    I2C0_IRQHandler                          0x0000022f   Thumb Code     0  startup_msp432e401y_uvision.o(.text)
    I2C1_IRQHandler                          0x0000022f   Thumb Code     0  startup_msp432e401y_uvision.o(.text)
    I2C2_IRQHandler                          0x0000022f   Thumb Code     0  startup_msp432e401y_uvision.o(.text)
    I2C3_IRQHandler                          0x0000022f   Thumb Code     0  startup_msp432e401y_uvision.o(.text)
    I2C4_IRQHandler                          0x0000022f   Thumb Code     0  startup_msp432e401y_uvision.o(.text)
    I2C5_IRQHandler                          0x0000022f   Thumb Code     0  startup_msp432e401y_uvision.o(.text)
    I2C6_IRQHandler                          0x0000022f   Thumb Code     0  startup_msp432e401y_uvision.o(.text)
    I2C7_IRQHandler                          0x0000022f   Thumb Code     0  startup_msp432e401y_uvision.o(.text)
    I2C8_IRQHandler                          0x0000022f   Thumb Code     0  startup_msp432e401y_uvision.o(.text)
    I2C9_IRQHandler                          0x0000022f   Thumb Code     0  startup_msp432e401y_uvision.o(.text)
    PWM0_1_IRQHandler                        0x0000022f   Thumb Code     0  startup_msp432e401y_uvision.o(.text)
    PWM0_2_IRQHandler                        0x0000022f   Thumb Code     0  startup_msp432e401y_uvision.o(.text)
    PWM0_3_IRQHandler                        0x0000022f   Thumb Code     0  startup_msp432e401y_uvision.o(.text)
    PWM0_FAULT_IRQHandler                    0x0000022f   Thumb Code     0  startup_msp432e401y_uvision.o(.text)
    QEI0_IRQHandler                          0x0000022f   Thumb Code     0  startup_msp432e401y_uvision.o(.text)
    SHA0_IRQHandler                          0x0000022f   Thumb Code     0  startup_msp432e401y_uvision.o(.text)
    SSI0_IRQHandler                          0x0000022f   Thumb Code     0  startup_msp432e401y_uvision.o(.text)
    SSI1_IRQHandler                          0x0000022f   Thumb Code     0  startup_msp432e401y_uvision.o(.text)
    SSI2_IRQHandler                          0x0000022f   Thumb Code     0  startup_msp432e401y_uvision.o(.text)
    SSI3_IRQHandler                          0x0000022f   Thumb Code     0  startup_msp432e401y_uvision.o(.text)
    SYSCTL_IRQHandler                        0x0000022f   Thumb Code     0  startup_msp432e401y_uvision.o(.text)
    SYSEXC_IRQHandler                        0x0000022f   Thumb Code     0  startup_msp432e401y_uvision.o(.text)
    TAMPER0_IRQHandler                       0x0000022f   Thumb Code     0  startup_msp432e401y_uvision.o(.text)
    TIMER0A_IRQHandler                       0x0000022f   Thumb Code     0  startup_msp432e401y_uvision.o(.text)
    TIMER0B_IRQHandler                       0x0000022f   Thumb Code     0  startup_msp432e401y_uvision.o(.text)
    TIMER1A_IRQHandler                       0x0000022f   Thumb Code     0  startup_msp432e401y_uvision.o(.text)
    TIMER1B_IRQHandler                       0x0000022f   Thumb Code     0  startup_msp432e401y_uvision.o(.text)
    TIMER2A_IRQHandler                       0x0000022f   Thumb Code     0  startup_msp432e401y_uvision.o(.text)
    TIMER2B_IRQHandler                       0x0000022f   Thumb Code     0  startup_msp432e401y_uvision.o(.text)
    TIMER3A_IRQHandler                       0x0000022f   Thumb Code     0  startup_msp432e401y_uvision.o(.text)
    TIMER3B_IRQHandler                       0x0000022f   Thumb Code     0  startup_msp432e401y_uvision.o(.text)
    TIMER4A_IRQHandler                       0x0000022f   Thumb Code     0  startup_msp432e401y_uvision.o(.text)
    TIMER4B_IRQHandler                       0x0000022f   Thumb Code     0  startup_msp432e401y_uvision.o(.text)
    TIMER5A_IRQHandler                       0x0000022f   Thumb Code     0  startup_msp432e401y_uvision.o(.text)
    TIMER5B_IRQHandler                       0x0000022f   Thumb Code     0  startup_msp432e401y_uvision.o(.text)
    TIMER6A_IRQHandler                       0x0000022f   Thumb Code     0  startup_msp432e401y_uvision.o(.text)
    TIMER6B_IRQHandler                       0x0000022f   Thumb Code     0  startup_msp432e401y_uvision.o(.text)
    TIMER7A_IRQHandler                       0x0000022f   Thumb Code     0  startup_msp432e401y_uvision.o(.text)
    TIMER7B_IRQHandler                       0x0000022f   Thumb Code     0  startup_msp432e401y_uvision.o(.text)
    UART0_IRQHandler                         0x0000022f   Thumb Code     0  startup_msp432e401y_uvision.o(.text)
    UART1_IRQHandler                         0x0000022f   Thumb Code     0  startup_msp432e401y_uvision.o(.text)
    UART2_IRQHandler                         0x0000022f   Thumb Code     0  startup_msp432e401y_uvision.o(.text)
    UART3_IRQHandler                         0x0000022f   Thumb Code     0  startup_msp432e401y_uvision.o(.text)
    UART4_IRQHandler                         0x0000022f   Thumb Code     0  startup_msp432e401y_uvision.o(.text)
    UART5_IRQHandler                         0x0000022f   Thumb Code     0  startup_msp432e401y_uvision.o(.text)
    UART6_IRQHandler                         0x0000022f   Thumb Code     0  startup_msp432e401y_uvision.o(.text)
    UART7_IRQHandler                         0x0000022f   Thumb Code     0  startup_msp432e401y_uvision.o(.text)
    UDMAERR_IRQHandler                       0x0000022f   Thumb Code     0  startup_msp432e401y_uvision.o(.text)
    UDMA_IRQHandler                          0x0000022f   Thumb Code     0  startup_msp432e401y_uvision.o(.text)
    USB0_IRQHandler                          0x0000022f   Thumb Code     0  startup_msp432e401y_uvision.o(.text)
    WATCHDOG_IRQHandler                      0x0000022f   Thumb Code     0  startup_msp432e401y_uvision.o(.text)
    rt_hw_interrupt_disable                  0x00000239   Thumb Code     8  context_rvds.o(.text)
    rt_hw_interrupt_enable                   0x00000241   Thumb Code     6  context_rvds.o(.text)
    rt_hw_context_switch                     0x00000247   Thumb Code    32  context_rvds.o(.text)
    rt_hw_context_switch_interrupt           0x00000247   Thumb Code     0  context_rvds.o(.text)
    PendSV_Handler                           0x00000267   Thumb Code   108  context_rvds.o(.text)
    rt_hw_context_switch_to                  0x000002d3   Thumb Code    68  context_rvds.o(.text)
    rt_hw_interrupt_thread_switch            0x00000317   Thumb Code     2  context_rvds.o(.text)
    HardFault_Handler                        0x00000319   Thumb Code    56  context_rvds.o(.text)
    rand                                     0x0000036d   Thumb Code    20  rand.o(.text)
    srand                                    0x00000381   Thumb Code     6  rand.o(.text)
    __aeabi_memcpy                           0x00000391   Thumb Code    36  memcpya.o(.text)
    __aeabi_memcpy4                          0x00000391   Thumb Code     0  memcpya.o(.text)
    __aeabi_memcpy8                          0x00000391   Thumb Code     0  memcpya.o(.text)
    __aeabi_memset                           0x000003b5   Thumb Code    14  memseta.o(.text)
    __aeabi_memset4                          0x000003b5   Thumb Code     0  memseta.o(.text)
    __aeabi_memset8                          0x000003b5   Thumb Code     0  memseta.o(.text)
    __aeabi_memclr                           0x000003c3   Thumb Code     4  memseta.o(.text)
    __aeabi_memclr4                          0x000003c3   Thumb Code     0  memseta.o(.text)
    __aeabi_memclr8                          0x000003c3   Thumb Code     0  memseta.o(.text)
    _memset$wrapper                          0x000003c7   Thumb Code    18  memseta.o(.text)
    strcat                                   0x000003d9   Thumb Code    24  strcat.o(.text)
    strncpy                                  0x000003f1   Thumb Code    24  strncpy.o(.text)
    strlen                                   0x00000409   Thumb Code    14  strlen.o(.text)
    strcpy                                   0x00000417   Thumb Code    18  strcpy.o(.text)
    strncmp                                  0x00000429   Thumb Code    30  strncmp.o(.text)
    __scatterload                            0x00000449   Thumb Code    28  init.o(.text)
    __scatterload_rt2                        0x00000449   Thumb Code     0  init.o(.text)
    __decompress                             0x0000046d   Thumb Code     0  __dczerorl2.o(.text)
    __decompress1                            0x0000046d   Thumb Code    86  __dczerorl2.o(.text)
    main                                     0x000004c3   Thumb Code    10  components.o(i.$Sub$$main)
    ADCSequenceStepConfigure                 0x000004cd   Thumb Code   112  adc.o(i.ADCSequenceStepConfigure)
    GUI_DrawBMP                              0x0000053d   Thumb Code   172  gui.o(i.GUI_DrawBMP)
    GUI_DrawLine                             0x000005e9   Thumb Code   176  gui.o(i.GUI_DrawLine)
    GUI_Fill                                 0x00000699   Thumb Code    78  gui.o(i.GUI_Fill)
    GUI_ShowChar                             0x000006e9   Thumb Code   262  gui.o(i.GUI_ShowChar)
    GUI_ShowNum                              0x000007f9   Thumb Code   170  gui.o(i.GUI_ShowNum)
    GUI_ShowString                           0x000008a3   Thumb Code   110  gui.o(i.GUI_ShowString)
    IIC_Start                                0x00000911   Thumb Code    68  iic.o(i.IIC_Start)
    IIC_Stop                                 0x00000959   Thumb Code    52  iic.o(i.IIC_Stop)
    IIC_Wait_Ack                             0x00000991   Thumb Code    36  iic.o(i.IIC_Wait_Ack)
    LED0_Blinky                              0x000009b9   Thumb Code    40  blinky.o(i.LED0_Blinky)
    LED_GPIO_Config                          0x000009e5   Thumb Code    66  board.o(i.LED_GPIO_Config)
    OLED_Clear                               0x00000a31   Thumb Code    36  oled.o(i.OLED_Clear)
    OLED_Display                             0x00000a59   Thumb Code    68  oled.o(i.OLED_Display)
    OLED_Display_On                          0x00000aa1   Thumb Code    28  oled.o(i.OLED_Display_On)
    OLED_Init                                0x00000abd   Thumb Code   326  oled.o(i.OLED_Init)
    OLED_Set_Pixel                           0x00000c0d   Thumb Code   122  oled.o(i.OLED_Set_Pixel)
    OLED_WR_Byte                             0x00000c8d   Thumb Code    24  oled.o(i.OLED_WR_Byte)
    PWM0_0_IRQHandler                        0x00000ca5   Thumb Code    38  blinky.o(i.PWM0_0_IRQHandler)
    PWM_configure                            0x00000cd1   Thumb Code   318  blinky.o(i.PWM_configure)
    SysCtlClockFreqSet                       0x00000e2d   Thumb Code   530  sysctl.o(i.SysCtlClockFreqSet)
    SysCtlPeripheralReady                    0x0000105d   Thumb Code    40  sysctl.o(i.SysCtlPeripheralReady)
    SysTick_Handler                          0x00001089   Thumb Code     8  board.o(i.SysTick_Handler)
    SystemClock_Config                       0x00001091   Thumb Code    60  board.o(i.SystemClock_Config)
    SystemInit                               0x000010d9   Thumb Code    20  system_msp432e401y.o(i.SystemInit)
    TEST_Menu2                               0x000010f9   Thumb Code   332  test.o(i.TEST_Menu2)
    Write_IIC_Byte                           0x00001299   Thumb Code   118  iic.o(i.Write_IIC_Byte)
    Write_IIC_Command                        0x00001315   Thumb Code    44  iic.o(i.Write_IIC_Command)
    Write_IIC_Data                           0x00001341   Thumb Code    44  iic.o(i.Write_IIC_Data)
    __rt_ffs                                 0x00001391   Thumb Code    70  kservice.o(i.__rt_ffs)
    __scatterload_copy                       0x000013dd   Thumb Code    14  handlers.o(i.__scatterload_copy)
    __scatterload_null                       0x000013eb   Thumb Code     2  handlers.o(i.__scatterload_null)
    __scatterload_zeroinit                   0x000013ed   Thumb Code    14  handlers.o(i.__scatterload_zeroinit)
    cmd_free                                 0x00001661   Thumb Code    14  msh.o(i.cmd_free)
    cmd_ps                                   0x0000166f   Thumb Code    14  msh.o(i.cmd_ps)
    delay_ms                                 0x0000167d   Thumb Code    24  oled.o(i.delay_ms)
    finsh_get_prompt                         0x00001695   Thumb Code    86  shell.o(i.finsh_get_prompt)
    finsh_set_prompt_mode                    0x00001715   Thumb Code    22  shell.o(i.finsh_set_prompt_mode)
    finsh_system_function_init               0x00001731   Thumb Code    10  shell.o(i.finsh_system_function_init)
    finsh_system_init                        0x00001745   Thumb Code    98  shell.o(i.finsh_system_init)
    finsh_thread_entry                       0x000017e1   Thumb Code   936  shell.o(i.finsh_thread_entry)
    hello                                    0x00001c29   Thumb Code    12  cmd.o(i.hello)
    list                                     0x00001e6d   Thumb Code    54  cmd.o(i.list)
    list_mailbox                             0x00001f89   Thumb Code   224  cmd.o(i.list_mailbox)
    list_mem                                 0x000020e5   Thumb Code    34  mem.o(i.list_mem)
    list_sem                                 0x0000215d   Thumb Code   216  cmd.o(i.list_sem)
    list_thread                              0x00002295   Thumb Code   294  cmd.o(i.list_thread)
    list_timer                               0x00002479   Thumb Code   190  cmd.o(i.list_timer)
    $Super$$main                             0x000025d9   Thumb Code   114  blinky.o(i.main)
    main_thread_entry                        0x00002679   Thumb Code    14  components.o(i.main_thread_entry)
    msh_auto_complete                        0x00002771   Thumb Code   138  msh.o(i.msh_auto_complete)
    msh_exec                                 0x00002811   Thumb Code    84  msh.o(i.msh_exec)
    msh_help                                 0x000028d9   Thumb Code    66  msh.o(i.msh_help)
    msh_is_used                              0x00002959   Thumb Code     4  msh.o(i.msh_is_used)
    rt_application_init                      0x00002c91   Thumb Code    34  components.o(i.rt_application_init)
    rt_calloc                                0x00002cc1   Thumb Code    34  mem.o(i.rt_calloc)
    rt_components_board_init                 0x00002ce5   Thumb Code    20  components.o(i.rt_components_board_init)
    rt_components_init                       0x00002d01   Thumb Code    20  components.o(i.rt_components_init)
    rt_enter_critical                        0x00002d1d   Thumb Code    28  scheduler.o(i.rt_enter_critical)
    rt_exit_critical                         0x00002d3d   Thumb Code    60  scheduler.o(i.rt_exit_critical)
    rt_free                                  0x00002d81   Thumb Code   128  mem.o(i.rt_free)
    rt_heap_begin_get                        0x00002e61   Thumb Code     4  board.o(i.rt_heap_begin_get)
    rt_heap_end_get                          0x00002e69   Thumb Code     4  board.o(i.rt_heap_end_get)
    rt_hw_board_init                         0x00002e71   Thumb Code    34  board.o(i.rt_hw_board_init)
    rt_hw_console_getchar                    0x00002e95   Thumb Code    68  finsh_port.o(i.rt_hw_console_getchar)
    rt_hw_console_output                     0x00002edd   Thumb Code    58  board.o(i.rt_hw_console_output)
    rt_hw_hard_fault_exception               0x00002f1d   Thumb Code   220  cpuport.o(i.rt_hw_hard_fault_exception)
    rt_hw_stack_init                         0x00003149   Thumb Code    74  cpuport.o(i.rt_hw_stack_init)
    rt_interrupt_enter                       0x00003199   Thumb Code    26  irq.o(i.rt_interrupt_enter)
    rt_interrupt_leave                       0x000031b9   Thumb Code    26  irq.o(i.rt_interrupt_leave)
    rt_kprintf                               0x0000326d   Thumb Code    44  kservice.o(i.rt_kprintf)
    rt_malloc                                0x00003361   Thumb Code   336  mem.o(i.rt_malloc)
    rt_memmove                               0x000034cd   Thumb Code    66  kservice.o(i.rt_memmove)
    rt_memset                                0x0000350f   Thumb Code    72  kservice.o(i.rt_memset)
    rt_object_allocate                       0x00003557   Thumb Code    84  object.o(i.rt_object_allocate)
    rt_object_delete                         0x000035ab   Thumb Code    36  object.o(i.rt_object_delete)
    rt_object_detach                         0x000035cf   Thumb Code    30  object.o(i.rt_object_detach)
    rt_object_get_information                0x000035ed   Thumb Code    36  object.o(i.rt_object_get_information)
    rt_object_init                           0x00003615   Thumb Code    86  object.o(i.rt_object_init)
    rt_object_is_systemobject                0x0000366b   Thumb Code    18  object.o(i.rt_object_is_systemobject)
    rt_os_tick_callback                      0x0000367d   Thumb Code    16  board.o(i.rt_os_tick_callback)
    rt_schedule                              0x0000368d   Thumb Code   106  scheduler.o(i.rt_schedule)
    rt_schedule_insert_thread                0x00003711   Thumb Code    72  scheduler.o(i.rt_schedule_insert_thread)
    rt_schedule_remove_thread                0x00003761   Thumb Code    76  scheduler.o(i.rt_schedule_remove_thread)
    rt_sem_init                              0x000037b5   Thumb Code    38  ipc.o(i.rt_sem_init)
    rt_sem_release                           0x000037db   Thumb Code    82  ipc.o(i.rt_sem_release)
    rt_sem_take                              0x0000382d   Thumb Code   116  ipc.o(i.rt_sem_take)
    rt_show_version                          0x000038a1   Thumb Code    38  kservice.o(i.rt_show_version)
    rt_strncpy                               0x00003951   Thumb Code    52  kservice.o(i.rt_strncpy)
    rt_system_heap_init                      0x00003985   Thumb Code   160  mem.o(i.rt_system_heap_init)
    rt_system_scheduler_init                 0x00003a7d   Thumb Code    52  scheduler.o(i.rt_system_scheduler_init)
    rt_system_scheduler_start                0x00003ac9   Thumb Code    36  scheduler.o(i.rt_system_scheduler_start)
    rt_system_timer_init                     0x00003af9   Thumb Code    24  timer.o(i.rt_system_timer_init)
    rt_system_timer_thread_init              0x00003b15   Thumb Code     2  timer.o(i.rt_system_timer_thread_init)
    rt_thread_create                         0x00003b17   Thumb Code    80  thread.o(i.rt_thread_create)
    rt_thread_delay                          0x00003b67   Thumb Code    12  thread.o(i.rt_thread_delay)
    rt_thread_exit                           0x00003b75   Thumb Code    78  thread.o(i.rt_thread_exit)
    rt_thread_idle_excute                    0x00003bd5   Thumb Code    92  idle.o(i.rt_thread_idle_excute)
    rt_thread_idle_init                      0x00003c35   Thumb Code    38  idle.o(i.rt_thread_idle_init)
    rt_thread_init                           0x00003c71   Thumb Code    52  thread.o(i.rt_thread_init)
    rt_thread_resume                         0x00003ca5   Thumb Code    60  thread.o(i.rt_thread_resume)
    rt_thread_self                           0x00003ce1   Thumb Code     6  thread.o(i.rt_thread_self)
    rt_thread_sleep                          0x00003ced   Thumb Code    62  thread.o(i.rt_thread_sleep)
    rt_thread_startup                        0x00003d31   Thumb Code    44  thread.o(i.rt_thread_startup)
    rt_thread_suspend                        0x00003d5d   Thumb Code    68  thread.o(i.rt_thread_suspend)
    rt_thread_timeout                        0x00003da1   Thumb Code    32  thread.o(i.rt_thread_timeout)
    rt_thread_yield                          0x00003dc1   Thumb Code    92  thread.o(i.rt_thread_yield)
    rt_tick_get                              0x00003e25   Thumb Code     6  clock.o(i.rt_tick_get)
    rt_tick_increase                         0x00003e31   Thumb Code    42  clock.o(i.rt_tick_increase)
    rt_timer_check                           0x00003e61   Thumb Code   160  timer.o(i.rt_timer_check)
    rt_timer_control                         0x00003f05   Thumb Code    98  timer.o(i.rt_timer_control)
    rt_timer_detach                          0x00003f67   Thumb Code    40  timer.o(i.rt_timer_detach)
    rt_timer_init                            0x00003f8f   Thumb Code    46  timer.o(i.rt_timer_init)
    rt_timer_start                           0x00003fbd   Thumb Code   226  timer.o(i.rt_timer_start)
    rt_timer_stop                            0x000040a9   Thumb Code    48  timer.o(i.rt_timer_stop)
    rt_vsnprintf                             0x000040d9   Thumb Code   824  kservice.o(i.rt_vsnprintf)
    rtthread_startup                         0x00004429   Thumb Code    42  components.o(i.rtthread_startup)
    version                                  0x0000478d   Thumb Code    10  cmd.o(i.version)
    F6x8                                     0x00004796   Data         760  gui.o(.constdata)
    F8X16                                    0x00004a8e   Data        1520  gui.o(.constdata)
    cfont16                                  0x0000507e   Data         544  gui.o(.constdata)
    cfont24                                  0x0000529e   Data         444  gui.o(.constdata)
    cfont32                                  0x0000545a   Data         780  gui.o(.constdata)
    __lowest_bit_bitmap                      0x00005766   Data         256  kservice.o(.constdata)
    __fsym_hello_name                        0x00005adc   Data           6  cmd.o(.rodata.name)
    __fsym_hello_desc                        0x00005ae2   Data          16  cmd.o(.rodata.name)
    __fsym_version_name                      0x00005af2   Data           8  cmd.o(.rodata.name)
    __fsym_version_desc                      0x00005afa   Data          35  cmd.o(.rodata.name)
    __fsym___cmd_version_name                0x00005b1d   Data          14  cmd.o(.rodata.name)
    __fsym___cmd_version_desc                0x00005b2b   Data          35  cmd.o(.rodata.name)
    __fsym_list_thread_name                  0x00005b4e   Data          12  cmd.o(.rodata.name)
    __fsym_list_thread_desc                  0x00005b5a   Data          12  cmd.o(.rodata.name)
    __fsym___cmd_list_thread_name            0x00005b66   Data          18  cmd.o(.rodata.name)
    __fsym___cmd_list_thread_desc            0x00005b78   Data          12  cmd.o(.rodata.name)
    __fsym_list_sem_name                     0x00005b84   Data           9  cmd.o(.rodata.name)
    __fsym_list_sem_desc                     0x00005b8d   Data          25  cmd.o(.rodata.name)
    __fsym___cmd_list_sem_name               0x00005ba6   Data          15  cmd.o(.rodata.name)
    __fsym___cmd_list_sem_desc               0x00005bb5   Data          25  cmd.o(.rodata.name)
    __fsym_list_mailbox_name                 0x00005bce   Data          13  cmd.o(.rodata.name)
    __fsym_list_mailbox_desc                 0x00005bdb   Data          24  cmd.o(.rodata.name)
    __fsym___cmd_list_mailbox_name           0x00005bf3   Data          19  cmd.o(.rodata.name)
    __fsym___cmd_list_mailbox_desc           0x00005c06   Data          24  cmd.o(.rodata.name)
    __fsym_list_timer_name                   0x00005c1e   Data          11  cmd.o(.rodata.name)
    __fsym_list_timer_desc                   0x00005c29   Data          21  cmd.o(.rodata.name)
    __fsym___cmd_list_timer_name             0x00005c3e   Data          17  cmd.o(.rodata.name)
    __fsym___cmd_list_timer_desc             0x00005c4f   Data          21  cmd.o(.rodata.name)
    __fsym_list_name                         0x00005c64   Data           5  cmd.o(.rodata.name)
    __fsym_list_desc                         0x00005c69   Data          26  cmd.o(.rodata.name)
    __fsym___cmd_help_name                   0x00005c83   Data          11  msh.o(.rodata.name)
    __fsym___cmd_help_desc                   0x00005c8e   Data          22  msh.o(.rodata.name)
    __fsym___cmd_ps_name                     0x00005ca4   Data           9  msh.o(.rodata.name)
    __fsym___cmd_ps_desc                     0x00005cad   Data          28  msh.o(.rodata.name)
    __fsym___cmd_free_name                   0x00005cc9   Data          11  msh.o(.rodata.name)
    __fsym___cmd_free_desc                   0x00005cd4   Data          37  msh.o(.rodata.name)
    __fsym_list_mem_name                     0x00005cf9   Data           9  mem.o(.rodata.name)
    __fsym_list_mem_desc                     0x00005d02   Data          30  mem.o(.rodata.name)
    __rt_init_rti_start                      0x00005d20   Data           4  components.o(.rti_fn.0)
    __rt_init_rti_board_start                0x00005d24   Data           4  components.o(.rti_fn.0.end)
    __rt_init_uart_init                      0x00005d28   Data           4  board.o(.rti_fn.1)
    __rt_init_rti_board_end                  0x00005d2c   Data           4  components.o(.rti_fn.1.end)
    __rt_init_finsh_system_init              0x00005d30   Data           4  shell.o(.rti_fn.6)
    __rt_init_rti_end                        0x00005d34   Data           4  components.o(.rti_fn.6.end)
    FSymTab$$Base                            0x00005d38   Number         0  cmd.o(FSymTab)
    __fsym_hello                             0x00005d38   Data          12  cmd.o(FSymTab)
    __fsym_version                           0x00005d44   Data          12  cmd.o(FSymTab)
    __fsym___cmd_version                     0x00005d50   Data          12  cmd.o(FSymTab)
    __fsym_list_thread                       0x00005d5c   Data          12  cmd.o(FSymTab)
    __fsym___cmd_list_thread                 0x00005d68   Data          12  cmd.o(FSymTab)
    __fsym_list_sem                          0x00005d74   Data          12  cmd.o(FSymTab)
    __fsym___cmd_list_sem                    0x00005d80   Data          12  cmd.o(FSymTab)
    __fsym_list_mailbox                      0x00005d8c   Data          12  cmd.o(FSymTab)
    __fsym___cmd_list_mailbox                0x00005d98   Data          12  cmd.o(FSymTab)
    __fsym_list_timer                        0x00005da4   Data          12  cmd.o(FSymTab)
    __fsym___cmd_list_timer                  0x00005db0   Data          12  cmd.o(FSymTab)
    __fsym_list                              0x00005dbc   Data          12  cmd.o(FSymTab)
    __fsym___cmd_help                        0x00005dc8   Data          12  msh.o(FSymTab)
    __fsym___cmd_ps                          0x00005dd4   Data          12  msh.o(FSymTab)
    __fsym___cmd_free                        0x00005de0   Data          12  msh.o(FSymTab)
    __fsym_list_mem                          0x00005dec   Data          12  mem.o(FSymTab)
    FSymTab$$Limit                           0x00005df8   Number         0  mem.o(FSymTab)
    Region$$Table$$Base                      0x00005df8   Number         0  anon$$obj.o(Region$$Table)
    Region$$Table$$Limit                     0x00005e18   Number         0  anon$$obj.o(Region$$Table)
    getSystemClock                           0x20000000   Data           4  blinky.o(.data)
    duty_cycle                               0x20000004   Data           4  blinky.o(.data)
    increment                                0x20000008   Data           4  blinky.o(.data)
    getADCValue                              0x20000018   Data           4  blinky.o(.data)
    theWaterDept                             0x2000001c   Data           4  blinky.o(.data)
    SystemCoreClock                          0x20000020   Data           4  system_msp432e401y.o(.data)
    BMP2                                     0x20000024   Data        1024  test.o(.data)
    BMP3                                     0x20000424   Data        1024  test.o(.data)
    BMP4                                     0x20000824   Data        1024  test.o(.data)
    BMP5                                     0x20000c24   Data         224  test.o(.data)
    BMP6                                     0x20000d04   Data        3232  test.o(.data)
    _syscall_table_begin                     0x200019a4   Data           4  shell.o(.data)
    _syscall_table_end                       0x200019a8   Data           4  shell.o(.data)
    _sysvar_table_begin                      0x200019ac   Data           4  shell.o(.data)
    _sysvar_table_end                        0x200019b0   Data           4  shell.o(.data)
    shell                                    0x200019b4   Data           4  shell.o(.data)
    rt_interrupt_from_thread                 0x200019bc   Data           4  cpuport.o(.data)
    rt_interrupt_to_thread                   0x200019c0   Data           4  cpuport.o(.data)
    rt_thread_switch_interrupt_flag          0x200019c4   Data           4  cpuport.o(.data)
    rt_interrupt_nest                        0x200019d0   Data           1  irq.o(.data)
    rt_thread_ready_priority_group           0x20001a2c   Data           4  scheduler.o(.data)
    rt_current_thread                        0x20001a34   Data           4  scheduler.o(.data)
    rt_current_priority                      0x20001a38   Data           1  scheduler.o(.data)
    rt_thread_defunct                        0x20001a3c   Data           8  scheduler.o(.data)
    systemClock                              0x20001a50   Data           4  board.o(.data)
    g_ui32SysClock                           0x20001a54   Data           4  board.o(.data)
    rt_thread_priority_table                 0x200021f8   Data         256  scheduler.o(.bss)
    __initial_sp                             0x200060f8   Data           0  startup_msp432e401y_uvision.o(STACK)



==============================================================================

Memory Map of the image

  Image Entry point : 0x000001fd

  Load Region LR_IROM1 (Base: 0x00000000, Size: 0x00007874, Max: 0x00100000, ABSOLUTE, COMPRESSED[0x000068b8])

    Execution Region ER_IROM1 (Exec base: 0x00000000, Load base: 0x00000000, Size: 0x00005e18, Max: 0x00100000, ABSOLUTE)

    Exec Addr    Load Addr    Size         Type   Attr      Idx    E Section Name        Object

    0x00000000   0x00000000   0x000001fc   Data   RO          305    RESET               startup_msp432e401y_uvision.o
    0x000001fc   0x000001fc   0x00000000   Code   RO         3289  * .ARM.Collect$$$$00000000  mc_w.l(entry.o)
    0x000001fc   0x000001fc   0x00000004   Code   RO         3316    .ARM.Collect$$$$00000001  mc_w.l(entry2.o)
    0x00000200   0x00000200   0x00000004   Code   RO         3319    .ARM.Collect$$$$00000004  mc_w.l(entry5.o)
    0x00000204   0x00000204   0x00000000   Code   RO         3321    .ARM.Collect$$$$00000008  mc_w.l(entry7b.o)
    0x00000204   0x00000204   0x00000000   Code   RO         3323    .ARM.Collect$$$$0000000A  mc_w.l(entry8b.o)
    0x00000204   0x00000204   0x00000008   Code   RO         3324    .ARM.Collect$$$$0000000B  mc_w.l(entry9a.o)
    0x0000020c   0x0000020c   0x00000004   Code   RO         3331    .ARM.Collect$$$$0000000E  mc_w.l(entry12b.o)
    0x00000210   0x00000210   0x00000000   Code   RO         3326    .ARM.Collect$$$$0000000F  mc_w.l(entry10a.o)
    0x00000210   0x00000210   0x00000000   Code   RO         3328    .ARM.Collect$$$$00000011  mc_w.l(entry11a.o)
    0x00000210   0x00000210   0x00000004   Code   RO         3317    .ARM.Collect$$$$00002712  mc_w.l(entry2.o)
    0x00000214   0x00000214   0x00000024   Code   RO          306    .text               startup_msp432e401y_uvision.o
    0x00000238   0x00000238   0x00000134   Code   RO         1134    .text               context_rvds.o
    0x0000036c   0x0000036c   0x00000024   Code   RO         3297    .text               mc_w.l(rand.o)
    0x00000390   0x00000390   0x00000024   Code   RO         3300    .text               mc_w.l(memcpya.o)
    0x000003b4   0x000003b4   0x00000024   Code   RO         3302    .text               mc_w.l(memseta.o)
    0x000003d8   0x000003d8   0x00000018   Code   RO         3304    .text               mc_w.l(strcat.o)
    0x000003f0   0x000003f0   0x00000018   Code   RO         3306    .text               mc_w.l(strncpy.o)
    0x00000408   0x00000408   0x0000000e   Code   RO         3308    .text               mc_w.l(strlen.o)
    0x00000416   0x00000416   0x00000012   Code   RO         3310    .text               mc_w.l(strcpy.o)
    0x00000428   0x00000428   0x0000001e   Code   RO         3312    .text               mc_w.l(strncmp.o)
    0x00000446   0x00000446   0x00000002   PAD
    0x00000448   0x00000448   0x00000024   Code   RO         3332    .text               mc_w.l(init.o)
    0x0000046c   0x0000046c   0x00000056   Code   RO         3342    .text               mc_w.l(__dczerorl2.o)
    0x000004c2   0x000004c2   0x0000000a   Code   RO         1235    i.$Sub$$main        components.o
    0x000004cc   0x000004cc   0x00000070   Code   RO         2282    i.ADCSequenceStepConfigure  msp432e4_driverlib.a(adc.o)
    0x0000053c   0x0000053c   0x000000ac   Code   RO          550    i.GUI_DrawBMP       gui.o
    0x000005e8   0x000005e8   0x000000b0   Code   RO          552    i.GUI_DrawLine      gui.o
    0x00000698   0x00000698   0x0000004e   Code   RO          556    i.GUI_Fill          gui.o
    0x000006e6   0x000006e6   0x00000002   PAD
    0x000006e8   0x000006e8   0x00000110   Code   RO          561    i.GUI_ShowChar      gui.o
    0x000007f8   0x000007f8   0x000000aa   Code   RO          565    i.GUI_ShowNum       gui.o
    0x000008a2   0x000008a2   0x0000006e   Code   RO          566    i.GUI_ShowString    gui.o
    0x00000910   0x00000910   0x00000048   Code   RO          496    i.IIC_Start         iic.o
    0x00000958   0x00000958   0x00000038   Code   RO          497    i.IIC_Stop          iic.o
    0x00000990   0x00000990   0x00000028   Code   RO          498    i.IIC_Wait_Ack      iic.o
    0x000009b8   0x000009b8   0x0000002c   Code   RO            4    i.LED0_Blinky       blinky.o
    0x000009e4   0x000009e4   0x0000004c   Code   RO         2148    i.LED_GPIO_Config   board.o
    0x00000a30   0x00000a30   0x00000028   Code   RO          410    i.OLED_Clear        oled.o
    0x00000a58   0x00000a58   0x00000048   Code   RO          411    i.OLED_Display      oled.o
    0x00000aa0   0x00000aa0   0x0000001c   Code   RO          413    i.OLED_Display_On   oled.o
    0x00000abc   0x00000abc   0x00000150   Code   RO          414    i.OLED_Init         oled.o
    0x00000c0c   0x00000c0c   0x00000080   Code   RO          416    i.OLED_Set_Pixel    oled.o
    0x00000c8c   0x00000c8c   0x00000018   Code   RO          418    i.OLED_WR_Byte      oled.o
    0x00000ca4   0x00000ca4   0x0000002c   Code   RO            5    i.PWM0_0_IRQHandler  blinky.o
    0x00000cd0   0x00000cd0   0x0000015c   Code   RO            6    i.PWM_configure     blinky.o
    0x00000e2c   0x00000e2c   0x00000230   Code   RO         2878    i.SysCtlClockFreqSet  msp432e4_driverlib.a(sysctl.o)
    0x0000105c   0x0000105c   0x0000002c   Code   RO         2905    i.SysCtlPeripheralReady  msp432e4_driverlib.a(sysctl.o)
    0x00001088   0x00001088   0x00000008   Code   RO         2149    i.SysTick_Handler   board.o
    0x00001090   0x00001090   0x00000048   Code   RO         2150    i.SystemClock_Config  board.o
    0x000010d8   0x000010d8   0x00000020   Code   RO          271    i.SystemInit        system_msp432e401y.o
    0x000010f8   0x000010f8   0x000001a0   Code   RO          701    i.TEST_Menu2        test.o
    0x00001298   0x00001298   0x0000007c   Code   RO          499    i.Write_IIC_Byte    iic.o
    0x00001314   0x00001314   0x0000002c   Code   RO          500    i.Write_IIC_Command  iic.o
    0x00001340   0x00001340   0x0000002c   Code   RO          501    i.Write_IIC_Data    iic.o
    0x0000136c   0x0000136c   0x00000024   Code   RO         2921    i._SysCtlMemTimingGet  msp432e4_driverlib.a(sysctl.o)
    0x00001390   0x00001390   0x0000004c   Code   RO         1505    i.__rt_ffs          kservice.o
    0x000013dc   0x000013dc   0x0000000e   Code   RO         3336    i.__scatterload_copy  mc_w.l(handlers.o)
    0x000013ea   0x000013ea   0x00000002   Code   RO         3337    i.__scatterload_null  mc_w.l(handlers.o)
    0x000013ec   0x000013ec   0x0000000e   Code   RO         3338    i.__scatterload_zeroinit  mc_w.l(handlers.o)
    0x000013fa   0x000013fa   0x0000006a   Code   RO          973    i._msh_exec_cmd     msh.o
    0x00001464   0x00001464   0x00000084   Code   RO         1901    i._rt_thread_init   thread.o
    0x000014e8   0x000014e8   0x00000042   Code   RO         2033    i._rt_timer_init    timer.o
    0x0000152a   0x0000152a   0x0000001c   Code   RO         2034    i._rt_timer_remove  timer.o
    0x00001546   0x00001546   0x0000001c   Code   RO         1902    i._thread_cleanup_execute  thread.o
    0x00001562   0x00001562   0x00000002   PAD
    0x00001564   0x00001564   0x000000fc   Code   RO         1138    i.bus_fault_track   cpuport.o
    0x00001660   0x00001660   0x0000000e   Code   RO          974    i.cmd_free          msh.o
    0x0000166e   0x0000166e   0x0000000e   Code   RO          975    i.cmd_ps            msh.o
    0x0000167c   0x0000167c   0x00000018   Code   RO          419    i.delay_ms          oled.o
    0x00001694   0x00001694   0x00000078   Code   RO         1046    i.finsh_get_prompt  shell.o
    0x0000170c   0x0000170c   0x00000008   Code   RO         1048    i.finsh_getchar     shell.o
    0x00001714   0x00001714   0x0000001c   Code   RO         1051    i.finsh_set_prompt_mode  shell.o
    0x00001730   0x00001730   0x00000014   Code   RO         1052    i.finsh_system_function_init  shell.o
    0x00001744   0x00001744   0x0000009c   Code   RO         1053    i.finsh_system_init  shell.o
    0x000017e0   0x000017e0   0x000003c8   Code   RO         1055    i.finsh_thread_entry  shell.o
    0x00001ba8   0x00001ba8   0x00000080   Code   RO         1139    i.hard_fault_track  cpuport.o
    0x00001c28   0x00001c28   0x00000020   Code   RO          870    i.hello             cmd.o
    0x00001c48   0x00001c48   0x00000170   Code   RO            7    i.led1_thread_entry  blinky.o
    0x00001db8   0x00001db8   0x000000b4   Code   RO            9    i.led3_thread_entry  blinky.o
    0x00001e6c   0x00001e6c   0x00000068   Code   RO          871    i.list              cmd.o
    0x00001ed4   0x00001ed4   0x0000002a   Code   RO          872    i.list_find_init    cmd.o
    0x00001efe   0x00001efe   0x00000088   Code   RO          873    i.list_get_next     cmd.o
    0x00001f86   0x00001f86   0x00000002   PAD
    0x00001f88   0x00001f88   0x0000015c   Code   RO          874    i.list_mailbox      cmd.o
    0x000020e4   0x000020e4   0x00000078   Code   RO         1682    i.list_mem          mem.o
    0x0000215c   0x0000215c   0x00000138   Code   RO          875    i.list_sem          cmd.o
    0x00002294   0x00002294   0x000001e4   Code   RO          876    i.list_thread       cmd.o
    0x00002478   0x00002478   0x00000160   Code   RO          877    i.list_timer        cmd.o
    0x000025d8   0x000025d8   0x000000a0   Code   RO           10    i.main              blinky.o
    0x00002678   0x00002678   0x0000000e   Code   RO         1236    i.main_thread_entry  components.o
    0x00002686   0x00002686   0x00000002   PAD
    0x00002688   0x00002688   0x000000e8   Code   RO         1140    i.mem_manage_fault_track  cpuport.o
    0x00002770   0x00002770   0x000000a0   Code   RO          976    i.msh_auto_complete  msh.o
    0x00002810   0x00002810   0x0000006c   Code   RO          977    i.msh_exec          msh.o
    0x0000287c   0x0000287c   0x0000005c   Code   RO          978    i.msh_get_cmd       msh.o
    0x000028d8   0x000028d8   0x00000080   Code   RO          979    i.msh_help          msh.o
    0x00002958   0x00002958   0x00000004   Code   RO          980    i.msh_is_used       msh.o
    0x0000295c   0x0000295c   0x000000f0   Code   RO          981    i.msh_split         msh.o
    0x00002a4c   0x00002a4c   0x00000016   Code   RO          570    i.mypow             gui.o
    0x00002a62   0x00002a62   0x00000002   PAD
    0x00002a64   0x00002a64   0x0000001c   Code   RO          878    i.object_split      cmd.o
    0x00002a80   0x00002a80   0x00000078   Code   RO         1683    i.plug_holes        mem.o
    0x00002af8   0x00002af8   0x00000198   Code   RO         1507    i.print_number      kservice.o
    0x00002c90   0x00002c90   0x00000030   Code   RO         1237    i.rt_application_init  components.o
    0x00002cc0   0x00002cc0   0x00000022   Code   RO         1684    i.rt_calloc         mem.o
    0x00002ce2   0x00002ce2   0x00000002   PAD
    0x00002ce4   0x00002ce4   0x0000001c   Code   RO         1238    i.rt_components_board_init  components.o
    0x00002d00   0x00002d00   0x0000001c   Code   RO         1239    i.rt_components_init  components.o
    0x00002d1c   0x00002d1c   0x00000020   Code   RO         1835    i.rt_enter_critical  scheduler.o
    0x00002d3c   0x00002d3c   0x00000044   Code   RO         1836    i.rt_exit_critical  scheduler.o
    0x00002d80   0x00002d80   0x000000e0   Code   RO         1685    i.rt_free           mem.o
    0x00002e60   0x00002e60   0x00000008   Code   RO         2151    i.rt_heap_begin_get  board.o
    0x00002e68   0x00002e68   0x00000008   Code   RO         2152    i.rt_heap_end_get   board.o
    0x00002e70   0x00002e70   0x00000022   Code   RO         2153    i.rt_hw_board_init  board.o
    0x00002e92   0x00002e92   0x00000002   PAD
    0x00002e94   0x00002e94   0x00000048   Code   RO         2224    i.rt_hw_console_getchar  finsh_port.o
    0x00002edc   0x00002edc   0x00000040   Code   RO         2154    i.rt_hw_console_output  board.o
    0x00002f1c   0x00002f1c   0x0000022c   Code   RO         1144    i.rt_hw_hard_fault_exception  cpuport.o
    0x00003148   0x00003148   0x00000050   Code   RO         1145    i.rt_hw_stack_init  cpuport.o
    0x00003198   0x00003198   0x00000020   Code   RO         1478    i.rt_interrupt_enter  irq.o
    0x000031b8   0x000031b8   0x00000020   Code   RO         1480    i.rt_interrupt_leave  irq.o
    0x000031d8   0x000031d8   0x00000014   Code   RO         1338    i.rt_ipc_list_resume  ipc.o
    0x000031ec   0x000031ec   0x0000006e   Code   RO         1340    i.rt_ipc_list_suspend  ipc.o
    0x0000325a   0x0000325a   0x00000010   Code   RO         1341    i.rt_ipc_object_init  ipc.o
    0x0000326a   0x0000326a   0x00000002   PAD
    0x0000326c   0x0000326c   0x00000030   Code   RO         1511    i.rt_kprintf        kservice.o
    0x0000329c   0x0000329c   0x00000006   Code   RO         1342    i.rt_list_init      ipc.o
    0x000032a2   0x000032a2   0x00000006   Code   RO         1837    i.rt_list_init      scheduler.o
    0x000032a8   0x000032a8   0x00000006   Code   RO         2035    i.rt_list_init      timer.o
    0x000032ae   0x000032ae   0x0000000e   Code   RO         1747    i.rt_list_insert_after  object.o
    0x000032bc   0x000032bc   0x0000000e   Code   RO         1903    i.rt_list_insert_after  thread.o
    0x000032ca   0x000032ca   0x0000000e   Code   RO         2036    i.rt_list_insert_after  timer.o
    0x000032d8   0x000032d8   0x0000000e   Code   RO         1343    i.rt_list_insert_before  ipc.o
    0x000032e6   0x000032e6   0x00000010   Code   RO          879    i.rt_list_isempty   cmd.o
    0x000032f6   0x000032f6   0x00000010   Code   RO         1344    i.rt_list_isempty   ipc.o
    0x00003306   0x00003306   0x00000010   Code   RO         2037    i.rt_list_isempty   timer.o
    0x00003316   0x00003316   0x00000014   Code   RO          880    i.rt_list_len       cmd.o
    0x0000332a   0x0000332a   0x00000012   Code   RO         1748    i.rt_list_remove    object.o
    0x0000333c   0x0000333c   0x00000012   Code   RO         1904    i.rt_list_remove    thread.o
    0x0000334e   0x0000334e   0x00000012   Code   RO         2038    i.rt_list_remove    timer.o
    0x00003360   0x00003360   0x0000016c   Code   RO         1686    i.rt_malloc         mem.o
    0x000034cc   0x000034cc   0x00000042   Code   RO         1516    i.rt_memmove        kservice.o
    0x0000350e   0x0000350e   0x00000048   Code   RO         1517    i.rt_memset         kservice.o
    0x00003556   0x00003556   0x00000054   Code   RO         1749    i.rt_object_allocate  object.o
    0x000035aa   0x000035aa   0x00000024   Code   RO         1750    i.rt_object_delete  object.o
    0x000035ce   0x000035ce   0x0000001e   Code   RO         1751    i.rt_object_detach  object.o
    0x000035ec   0x000035ec   0x00000028   Code   RO         1753    i.rt_object_get_information  object.o
    0x00003614   0x00003614   0x00000056   Code   RO         1757    i.rt_object_init    object.o
    0x0000366a   0x0000366a   0x00000012   Code   RO         1758    i.rt_object_is_systemobject  object.o
    0x0000367c   0x0000367c   0x00000010   Code   RO         2155    i.rt_os_tick_callback  board.o
    0x0000368c   0x0000368c   0x00000084   Code   RO         1838    i.rt_schedule       scheduler.o
    0x00003710   0x00003710   0x00000050   Code   RO         1839    i.rt_schedule_insert_thread  scheduler.o
    0x00003760   0x00003760   0x00000054   Code   RO         1840    i.rt_schedule_remove_thread  scheduler.o
    0x000037b4   0x000037b4   0x00000026   Code   RO         1357    i.rt_sem_init       ipc.o
    0x000037da   0x000037da   0x00000052   Code   RO         1358    i.rt_sem_release    ipc.o
    0x0000382c   0x0000382c   0x00000074   Code   RO         1359    i.rt_sem_take       ipc.o
    0x000038a0   0x000038a0   0x000000b0   Code   RO         1519    i.rt_show_version   kservice.o
    0x00003950   0x00003950   0x00000034   Code   RO         1527    i.rt_strncpy        kservice.o
    0x00003984   0x00003984   0x000000f8   Code   RO         1689    i.rt_system_heap_init  mem.o
    0x00003a7c   0x00003a7c   0x0000004c   Code   RO         1841    i.rt_system_scheduler_init  scheduler.o
    0x00003ac8   0x00003ac8   0x00000030   Code   RO         1842    i.rt_system_scheduler_start  scheduler.o
    0x00003af8   0x00003af8   0x0000001c   Code   RO         2039    i.rt_system_timer_init  timer.o
    0x00003b14   0x00003b14   0x00000002   Code   RO         2040    i.rt_system_timer_thread_init  timer.o
    0x00003b16   0x00003b16   0x00000050   Code   RO         1906    i.rt_thread_create  thread.o
    0x00003b66   0x00003b66   0x0000000c   Code   RO         1907    i.rt_thread_delay   thread.o
    0x00003b72   0x00003b72   0x00000002   PAD
    0x00003b74   0x00003b74   0x00000058   Code   RO         1911    i.rt_thread_exit    thread.o
    0x00003bcc   0x00003bcc   0x00000008   Code   RO         1303    i.rt_thread_idle_entry  idle.o
    0x00003bd4   0x00003bd4   0x00000060   Code   RO         1304    i.rt_thread_idle_excute  idle.o
    0x00003c34   0x00003c34   0x0000003c   Code   RO         1306    i.rt_thread_idle_init  idle.o
    0x00003c70   0x00003c70   0x00000034   Code   RO         1913    i.rt_thread_init    thread.o
    0x00003ca4   0x00003ca4   0x0000003c   Code   RO         1915    i.rt_thread_resume  thread.o
    0x00003ce0   0x00003ce0   0x0000000c   Code   RO         1916    i.rt_thread_self    thread.o
    0x00003cec   0x00003cec   0x00000044   Code   RO         1917    i.rt_thread_sleep   thread.o
    0x00003d30   0x00003d30   0x0000002c   Code   RO         1918    i.rt_thread_startup  thread.o
    0x00003d5c   0x00003d5c   0x00000044   Code   RO         1919    i.rt_thread_suspend  thread.o
    0x00003da0   0x00003da0   0x00000020   Code   RO         1920    i.rt_thread_timeout  thread.o
    0x00003dc0   0x00003dc0   0x00000064   Code   RO         1921    i.rt_thread_yield   thread.o
    0x00003e24   0x00003e24   0x0000000c   Code   RO         1199    i.rt_tick_get       clock.o
    0x00003e30   0x00003e30   0x00000030   Code   RO         1200    i.rt_tick_increase  clock.o
    0x00003e60   0x00003e60   0x000000a4   Code   RO         2041    i.rt_timer_check    timer.o
    0x00003f04   0x00003f04   0x00000062   Code   RO         2042    i.rt_timer_control  timer.o
    0x00003f66   0x00003f66   0x00000028   Code   RO         2045    i.rt_timer_detach   timer.o
    0x00003f8e   0x00003f8e   0x0000002e   Code   RO         2046    i.rt_timer_init     timer.o
    0x00003fbc   0x00003fbc   0x000000ec   Code   RO         2049    i.rt_timer_start    timer.o
    0x000040a8   0x000040a8   0x00000030   Code   RO         2050    i.rt_timer_stop     timer.o
    0x000040d8   0x000040d8   0x00000340   Code   RO         1530    i.rt_vsnprintf      kservice.o
    0x00004418   0x00004418   0x00000004   Code   RO         1240    i.rti_board_end     components.o
    0x0000441c   0x0000441c   0x00000004   Code   RO         1241    i.rti_board_start   components.o
    0x00004420   0x00004420   0x00000004   Code   RO         1242    i.rti_end           components.o
    0x00004424   0x00004424   0x00000004   Code   RO         1243    i.rti_start         components.o
    0x00004428   0x00004428   0x0000002a   Code   RO         1244    i.rtthread_startup  components.o
    0x00004452   0x00004452   0x00000002   PAD
    0x00004454   0x00004454   0x00000038   Code   RO         1056    i.shell_auto_complete  shell.o
    0x0000448c   0x0000448c   0x00000030   Code   RO          881    i.show_wait_queue   cmd.o
    0x000044bc   0x000044bc   0x00000026   Code   RO         1532    i.skip_atoi         kservice.o
    0x000044e2   0x000044e2   0x00000020   Code   RO          982    i.str_common        msh.o
    0x00004502   0x00004502   0x00000002   PAD
    0x00004504   0x00004504   0x0000008c   Code   RO           11    i.uart1_init        blinky.o
    0x00004590   0x00004590   0x00000088   Code   RO           12    i.uart_init         blinky.o
    0x00004618   0x00004618   0x0000008c   Code   RO         2156    i.uart_init         board.o
    0x000046a4   0x000046a4   0x000000e8   Code   RO         1146    i.usage_fault_track  cpuport.o
    0x0000478c   0x0000478c   0x0000000a   Code   RO          882    i.version           cmd.o
    0x00004796   0x00004796   0x00000fd0   Data   RO          571    .constdata          gui.o
    0x00005766   0x00005766   0x00000122   Data   RO         1534    .constdata          kservice.o
    0x00005888   0x00005888   0x00000210   Data   RO         2922    .constdata          msp432e4_driverlib.a(sysctl.o)
    0x00005a98   0x00005a98   0x00000044   Data   RO          883    .conststring        cmd.o
    0x00005adc   0x00005adc   0x000001a7   Data   RO          884    .rodata.name        cmd.o
    0x00005c83   0x00005c83   0x00000076   Data   RO          983    .rodata.name        msh.o
    0x00005cf9   0x00005cf9   0x00000027   Data   RO         1692    .rodata.name        mem.o
    0x00005d20   0x00005d20   0x00000004   Data   RO         1245    .rti_fn.0           components.o
    0x00005d24   0x00005d24   0x00000004   Data   RO         1246    .rti_fn.0.end       components.o
    0x00005d28   0x00005d28   0x00000004   Data   RO         2159    .rti_fn.1           board.o
    0x00005d2c   0x00005d2c   0x00000004   Data   RO         1247    .rti_fn.1.end       components.o
    0x00005d30   0x00005d30   0x00000004   Data   RO         1059    .rti_fn.6           shell.o
    0x00005d34   0x00005d34   0x00000004   Data   RO         1248    .rti_fn.6.end       components.o
    0x00005d38   0x00005d38   0x00000090   Data   RO          885    FSymTab             cmd.o
    0x00005dc8   0x00005dc8   0x00000024   Data   RO          984    FSymTab             msh.o
    0x00005dec   0x00005dec   0x0000000c   Data   RO         1693    FSymTab             mem.o
    0x00005df8   0x00005df8   0x00000020   Data   RO         3334    Region$$Table       anon$$obj.o


    Execution Region RW_IRAM1 (Exec base: 0x20000000, Load base: 0x00005e18, Size: 0x000060f8, Max: 0x00040000, ABSOLUTE, COMPRESSED[0x00000aa0])

    Exec Addr    Load Addr    Size         Type   Attr      Idx    E Section Name        Object

    0x20000000   COMPRESSED   0x00000020   Data   RW           13    .data               blinky.o
    0x20000020   COMPRESSED   0x00000004   Data   RW          272    .data               system_msp432e401y.o
    0x20000024   COMPRESSED   0x00001980   Data   RW          707    .data               test.o
    0x200019a4   COMPRESSED   0x00000018   Data   RW         1058    .data               shell.o
    0x200019bc   COMPRESSED   0x00000010   Data   RW         1147    .data               cpuport.o
    0x200019cc   COMPRESSED   0x00000004   Data   RW         1202    .data               clock.o
    0x200019d0   COMPRESSED   0x00000001   Data   RW         1481    .data               irq.o
    0x200019d1   COMPRESSED   0x00000003   PAD
    0x200019d4   COMPRESSED   0x00000018   Data   RW         1691    .data               mem.o
    0x200019ec   COMPRESSED   0x00000040   Data   RW         1760    .data               object.o
    0x20001a2c   COMPRESSED   0x00000018   Data   RW         1844    .data               scheduler.o
    0x20001a44   COMPRESSED   0x0000000c   Data   RW         2051    .data               timer.o
    0x20001a50   COMPRESSED   0x00000008   Data   RW         2158    .data               board.o
    0x20001a58   COMPRESSED   0x00000004   Data   RW         3298    .data               mc_w.l(rand.o)
    0x20001a5c        -       0x00000400   Zero   RW          420    .bss                oled.o
    0x20001e5c        -       0x00000101   Zero   RW         1057    .bss                shell.o
    0x20001f5d   COMPRESSED   0x00000003   PAD
    0x20001f60        -       0x00000178   Zero   RW         1307    .bss                idle.o
    0x200020d8        -       0x00000100   Zero   RW         1533    .bss                kservice.o
    0x200021d8        -       0x00000020   Zero   RW         1690    .bss                mem.o
    0x200021f8        -       0x00000100   Zero   RW         1843    .bss                scheduler.o
    0x200022f8        -       0x00003c00   Zero   RW         2157    .bss                board.o
    0x20005ef8        -       0x00000200   Zero   RW          303    STACK               startup_msp432e401y_uvision.o


==============================================================================

Image component sizes


      Code (inc. data)   RO Data    RW Data    ZI Data      Debug   Object Name

      1420        190          0         32          0      17886   blinky.o
       426         58          4          8      15360       5560   board.o
        60         12          0          4          0       1345   clock.o
      1932        656        635          0          0      16417   cmd.o
       186         30         16          0          0       6724   components.o
       308         28          0          0          0        956   context_rvds.o
      1480        738          0         16          0       6922   cpuport.o
        72          4          0          0          0        608   finsh_port.o
      1000         10       4048          0          0       7563   gui.o
       164         26          0          0        376       5506   idle.o
       380         18          0          0          0       3232   iic.o
       418          0          0          0          0       9173   ipc.o
        64         12          0          1          0       1830   irq.o
      1768        164        290          0        256       9773   kservice.o
      1110        310         51         24         32       5863   mem.o
       898        162        154          0          0      10356   msh.o
       326          4          0         64          0       8996   object.o
       652         24          0          0       1024       4605   oled.o
       526         90          0         24        256       9302   scheduler.o
      1356        154          4         24        257      11192   shell.o
        36          8        508          0        512        836   startup_msp432e401y_uvision.o
        32         12          0          4          0        731   system_msp432e401y.o
       416         84          0       6528          0       1228   test.o
       808         38          0          0          0      13687   thread.o
       810         24          0         12          0      12828   timer.o

    ----------------------------------------------------------------------
     16670       2856       5742       6744      18076     173119   Object Totals
         0          0         32          0          0          0   (incl. Generated)
        22          0          0          3          3          0   (incl. Padding)

    ----------------------------------------------------------------------

      Code (inc. data)   RO Data    RW Data    ZI Data      Debug   Library Member Name

        86          0          0          0          0          0   __dczerorl2.o
         0          0          0          0          0          0   entry.o
         0          0          0          0          0          0   entry10a.o
         0          0          0          0          0          0   entry11a.o
         4          0          0          0          0          0   entry12b.o
         8          4          0          0          0          0   entry2.o
         4          0          0          0          0          0   entry5.o
         0          0          0          0          0          0   entry7b.o
         0          0          0          0          0          0   entry8b.o
         8          4          0          0          0          0   entry9a.o
        30          0          0          0          0          0   handlers.o
        36          8          0          0          0         68   init.o
        36          0          0          0          0         68   memcpya.o
        36          0          0          0          0        108   memseta.o
        36         10          0          4          0        136   rand.o
        24          0          0          0          0         68   strcat.o
        18          0          0          0          0         68   strcpy.o
        14          0          0          0          0         68   strlen.o
        30          0          0          0          0         80   strncmp.o
        24          0          0          0          0         76   strncpy.o
       112          0          0          0          0       3875   adc.o
       640         40        528          0          0       5085   sysctl.o

    ----------------------------------------------------------------------
      1148         66        528          4          0       9700   Library Totals
         2          0          0          0          0          0   (incl. Padding)

    ----------------------------------------------------------------------

      Code (inc. data)   RO Data    RW Data    ZI Data      Debug   Library Name

       394         26          0          4          0        740   mc_w.l
       752         40        528          0          0       8960   msp432e4_driverlib.a

    ----------------------------------------------------------------------
      1148         66        528          4          0       9700   Library Totals

    ----------------------------------------------------------------------

==============================================================================


      Code (inc. data)   RO Data    RW Data    ZI Data      Debug   

     17818       2922       6270       6748      18076     166891   Grand Totals
     17818       2922       6270       2720      18076     166891   ELF Image Totals (compressed)
     17818       2922       6270       2720          0          0   ROM Totals

==============================================================================

    Total RO  Size (Code + RO Data)                24088 (  23.52kB)
    Total RW  Size (RW Data + ZI Data)             24824 (  24.24kB)
    Total ROM Size (Code + RO Data + RW Data)      26808 (  26.18kB)

==============================================================================

