Component: ARM Compiler 5.06 update 7 (build 960) Tool: armlink [4d3601]

==============================================================================

Section Cross References

    blinky.o(i.OLED_thread_entry) refers to blinky.o(i.uart_init) for uart_init
    blinky.o(i.OLED_thread_entry) refers to blinky.o(i.PWM_configure) for PWM_configure
    blinky.o(i.OLED_thread_entry) refers to oled.o(i.OLED_Init) for OLED_Init
    blinky.o(i.OLED_thread_entry) refers to oled.o(i.OLED_Clear) for OLED_Clear
    blinky.o(i.OLED_thread_entry) refers to test.o(i.TEST_Menu2) for TEST_Menu2
    blinky.o(i.OLED_thread_entry) refers to oled.o(i.OLED_Display_On) for OLED_Display_On
    blinky.o(i.OLED_thread_entry) refers to thread.o(i.rt_thread_delay) for rt_thread_delay
    blinky.o(i.OLED_thread_entry) refers to blinky.o(.data) for getSystemClock
    blinky.o(i.PWM_configure) refers to blinky.o(.data) for duty_cycle
    blinky.o(i.WaterSensor_thread_entry) refers to blinky.o(i.uart_init) for uart_init
    blinky.o(i.WaterSensor_thread_entry) refers to adc.o(i.ADCSequenceStepConfigure) for ADCSequenceStepConfigure
    blinky.o(i.WaterSensor_thread_entry) refers to blinky.o(i.LED0_Blinky) for LED0_Blinky
    blinky.o(i.WaterSensor_thread_entry) refers to thread.o(i.rt_thread_delay) for rt_thread_delay
    blinky.o(i.WaterSensor_thread_entry) refers to blinky.o(.data) for getSystemClock
    blinky.o(i.main) refers to sysctl.o(i.SysCtlClockFreqSet) for SysCtlClockFreqSet
    blinky.o(i.main) refers to thread.o(i.rt_thread_create) for rt_thread_create
    blinky.o(i.main) refers to thread.o(i.rt_thread_startup) for rt_thread_startup
    blinky.o(i.main) refers to blinky.o(.data) for getSystemClock
    blinky.o(i.main) refers to blinky.o(i.WaterSensor_thread_entry) for WaterSensor_thread_entry
    blinky.o(i.main) refers to blinky.o(i.OLED_thread_entry) for OLED_thread_entry
    blinky.o(i.sd01_thread_entry) refers to blinky.o(i.uart1_init) for uart1_init
    blinky.o(i.sd01_thread_entry) refers to blinky.o(i.PWM_configure) for PWM_configure
    blinky.o(i.sd01_thread_entry) refers to oled.o(i.OLED_Init) for OLED_Init
    blinky.o(i.sd01_thread_entry) refers to oled.o(i.OLED_Clear) for OLED_Clear
    blinky.o(i.sd01_thread_entry) refers to test.o(i.TEST_Menu2) for TEST_Menu2
    blinky.o(i.sd01_thread_entry) refers to oled.o(i.OLED_Display_On) for OLED_Display_On
    blinky.o(i.sd01_thread_entry) refers to kservice.o(i.rt_kprintf) for rt_kprintf
    blinky.o(i.sd01_thread_entry) refers to thread.o(i.rt_thread_delay) for rt_thread_delay
    blinky.o(i.sd01_thread_entry) refers to blinky.o(.data) for getSystemClock
    system_msp432e401y.o(i.SystemCoreClockUpdate) refers to system_msp432e401y.o(.data) for SystemCoreClock
    system_msp432e401y.o(i.SystemInit) refers to system_msp432e401y.o(.data) for SystemCoreClock
    startup_msp432e401y_uvision.o(RESET) refers to startup_msp432e401y_uvision.o(STACK) for __initial_sp
    startup_msp432e401y_uvision.o(RESET) refers to startup_msp432e401y_uvision.o(.text) for Reset_Handler
    startup_msp432e401y_uvision.o(RESET) refers to context_rvds.o(.text) for HardFault_Handler
    startup_msp432e401y_uvision.o(RESET) refers to board.o(i.SysTick_Handler) for SysTick_Handler
    startup_msp432e401y_uvision.o(RESET) refers to blinky.o(i.PWM0_0_IRQHandler) for PWM0_0_IRQHandler
    startup_msp432e401y_uvision.o(RESET) refers to timer.o(i.TIMER0A_IRQHandler) for TIMER0A_IRQHandler
    startup_msp432e401y_uvision.o(RESET) refers to sd01.o(i.GPIOM_IRQHandler) for GPIOM_IRQHandler
    startup_msp432e401y_uvision.o(.text) refers to system_msp432e401y.o(i.SystemInit) for SystemInit
    startup_msp432e401y_uvision.o(.text) refers to entry.o(.ARM.Collect$$$$00000000) for __main
    pinout.o(i.LEDRead) refers to gpio.o(i.GPIOPinRead) for GPIOPinRead
    pinout.o(i.LEDWrite) refers to gpio.o(i.GPIOPinWrite) for GPIOPinWrite
    pinout.o(i.PinoutSet) refers to gpio.o(i.GPIOPadConfigSet) for GPIOPadConfigSet
    pinout.o(i.PinoutSet) refers to gpio.o(i.GPIOPinTypeEthernetLED) for GPIOPinTypeEthernetLED
    uartstdio.o(i.UARTStdioConfig) refers to uartstdio.o(.constdata) for g_ui32UARTPeriph
    uartstdio.o(i.UARTStdioConfig) refers to uartstdio.o(.data) for g_ui32Base
    uartstdio.o(i.UARTgetc) refers to uartstdio.o(.data) for g_ui32Base
    uartstdio.o(i.UARTgets) refers to uartstdio.o(i.UARTwrite) for UARTwrite
    uartstdio.o(i.UARTgets) refers to uartstdio.o(.data) for g_ui32Base
    uartstdio.o(i.UARTprintf) refers to uartstdio.o(i.UARTvprintf) for UARTvprintf
    uartstdio.o(i.UARTvprintf) refers to uartstdio.o(i.UARTwrite) for UARTwrite
    uartstdio.o(i.UARTvprintf) refers to uartstdio.o(.constdata) for g_pcHex
    uartstdio.o(i.UARTwrite) refers to uartstdio.o(.data) for g_ui32Base
    uartstdio.o(.constdata) refers to uartstdio.o(.conststring) for .conststring
    uart.o(i.u0_printf) refers to printfa.o(i.__0vsprintf) for vsprintf
[...]
    i.rt_hw_board_init                       0x00003558   Section        0  board.o(i.rt_hw_board_init)
    i.rt_hw_console_getchar                  0x0000357c   Section        0  finsh_port.o(i.rt_hw_console_getchar)
    i.rt_hw_console_output                   0x000035c4   Section        0  board.o(i.rt_hw_console_output)
    i.rt_hw_hard_fault_exception             0x00003604   Section        0  cpuport.o(i.rt_hw_hard_fault_exception)
    i.rt_hw_stack_init                       0x00003830   Section        0  cpuport.o(i.rt_hw_stack_init)
    i.rt_interrupt_enter                     0x00003880   Section        0  irq.o(i.rt_interrupt_enter)
    i.rt_interrupt_leave                     0x000038a0   Section        0  irq.o(i.rt_interrupt_leave)
    i.rt_ipc_list_resume                     0x000038c0   Section        0  ipc.o(i.rt_ipc_list_resume)
    rt_ipc_list_resume                       0x000038c1   Thumb Code    20  ipc.o(i.rt_ipc_list_resume)
    i.rt_ipc_list_suspend                    0x000038d4   Section        0  ipc.o(i.rt_ipc_list_suspend)
    rt_ipc_list_suspend                      0x000038d5   Thumb Code   110  ipc.o(i.rt_ipc_list_suspend)
    i.rt_ipc_object_init                     0x00003942   Section        0  ipc.o(i.rt_ipc_object_init)
    rt_ipc_object_init                       0x00003943   Thumb Code    16  ipc.o(i.rt_ipc_object_init)
    i.rt_kprintf                             0x00003954   Section        0  kservice.o(i.rt_kprintf)
    i.rt_list_init                           0x00003984   Section        0  ipc.o(i.rt_list_init)
    rt_list_init                             0x00003985   Thumb Code     6  ipc.o(i.rt_list_init)
    i.rt_list_init                           0x0000398a   Section        0  scheduler.o(i.rt_list_init)
    rt_list_init                             0x0000398b   Thumb Code     6  scheduler.o(i.rt_list_init)
    i.rt_list_init                           0x00003990   Section        0  timer_1.o(i.rt_list_init)
    rt_list_init                             0x00003991   Thumb Code     6  timer_1.o(i.rt_list_init)
    i.rt_list_insert_after                   0x00003996   Section        0  object.o(i.rt_list_insert_after)
    rt_list_insert_after                     0x00003997   Thumb Code    14  object.o(i.rt_list_insert_after)
    i.rt_list_insert_after                   0x000039a4   Section        0  thread.o(i.rt_list_insert_after)
    rt_list_insert_after                     0x000039a5   Thumb Code    14  thread.o(i.rt_list_insert_after)
    i.rt_list_insert_after                   0x000039b2   Section        0  timer_1.o(i.rt_list_insert_after)
    rt_list_insert_after                     0x000039b3   Thumb Code    14  timer_1.o(i.rt_list_insert_after)
    i.rt_list_insert_before                  0x000039c0   Section        0  ipc.o(i.rt_list_insert_before)
    rt_list_insert_before                    0x000039c1   Thumb Code    14  ipc.o(i.rt_list_insert_before)
    i.rt_list_isempty                        0x000039ce   Section        0  cmd.o(i.rt_list_isempty)
    rt_list_isempty                          0x000039cf   Thumb Code    16  cmd.o(i.rt_list_isempty)
    i.rt_list_isempty                        0x000039de   Section        0  ipc.o(i.rt_list_isempty)
    rt_list_isempty                          0x000039df   Thumb Code    16  ipc.o(i.rt_list_isempty)
    i.rt_list_isempty                        0x000039ee   Section        0  timer_1.o(i.rt_list_isempty)
    rt_list_isempty                          0x000039ef   Thumb Code    16  timer_1.o(i.rt_list_isempty)
    i.rt_list_len                            0x000039fe   Section        0  cmd.o(i.rt_list_len)
    rt_list_len                              0x000039ff   Thumb Code    20  cmd.o(i.rt_list_len)
    i.rt_list_remove                         0x00003a12   Section        0  object.o(i.rt_list_remove)
    rt_list_remove                           0x00003a13   Thumb Code    18  object.o(i.rt_list_remove)
    i.rt_list_remove                         0x00003a24   Section        0  thread.o(i.rt_list_remove)
    rt_list_remove                           0x00003a25   Thumb Code    18  thread.o(i.rt_list_remove)
    i.rt_list_remove                         0x00003a36   Section        0  timer_1.o(i.rt_list_remove)
    rt_list_remove                           0x00003a37   Thumb Code    18  timer_1.o(i.rt_list_remove)
    i.rt_malloc                              0x00003a48   Section        0  mem.o(i.rt_malloc)
    i.rt_memmove                             0x00003bb4   Section        0  kservice.o(i.rt_memmove)
    i.rt_memset                              0x00003bf6   Section        0  kservice.o(i.rt_memset)
    i.rt_object_allocate                     0x00003c3e   Section        0  object.o(i.rt_object_allocate)
    i.rt_object_delete                       0x00003c92   Section        0  object.o(i.rt_object_delete)
    i.rt_object_detach                       0x00003cb6   Section        0  object.o(i.rt_object_detach)
    i.rt_object_get_information              0x00003cd4   Section        0  object.o(i.rt_object_get_information)
    i.rt_object_init                         0x00003cfc   Section        0  object.o(i.rt_object_init)
    i.rt_object_is_systemobject              0x00003d52   Section        0  object.o(i.rt_object_is_systemobject)
    i.rt_os_tick_callback                    0x00003d64   Section        0  board.o(i.rt_os_tick_callback)
    i.rt_schedule                            0x00003d74   Section        0  scheduler.o(i.rt_schedule)
    i.rt_schedule_insert_thread              0x00003df8   Section        0  scheduler.o(i.rt_schedule_insert_thread)
    i.rt_schedule_remove_thread              0x00003e48   Section        0  scheduler.o(i.rt_schedule_remove_thread)
    i.rt_sem_init                            0x00003e9c   Section        0  ipc.o(i.rt_sem_init)
    i.rt_sem_release                         0x00003ec2   Section        0  ipc.o(i.rt_sem_release)
    i.rt_sem_take                            0x00003f14   Section        0  ipc.o(i.rt_sem_take)
    i.rt_show_version                        0x00003f88   Section        0  kservice.o(i.rt_show_version)
    i.rt_strncpy                             0x00004038   Section        0  kservice.o(i.rt_strncpy)
    i.rt_system_heap_init                    0x0000406c   Section        0  mem.o(i.rt_system_heap_init)
    i.rt_system_scheduler_init               0x00004164   Section        0  scheduler.o(i.rt_system_scheduler_init)
    i.rt_system_scheduler_start              0x000041b0   Section        0  scheduler.o(i.rt_system_scheduler_start)
    i.rt_system_timer_init                   0x000041e0   Section        0  timer_1.o(i.rt_system_timer_init)
    i.rt_system_timer_thread_init            0x000041fc   Section        0  timer_1.o(i.rt_system_timer_thread_init)
    i.rt_thread_create                       0x000041fe   Section        0  thread.o(i.rt_thread_create)
    i.rt_thread_delay                        0x0000424e   Section        0  thread.o(i.rt_thread_delay)
    i.rt_thread_exit                         0x0000425c   Section        0  thread.o(i.rt_thread_exit)
    i.rt_thread_idle_entry                   0x000042b4   Section        0  idle.o(i.rt_thread_idle_entry)
    rt_thread_idle_entry                     0x000042b5   Thumb Code     8  idle.o(i.rt_thread_idle_entry)
    i.rt_thread_idle_excute                  0x000042bc   Section        0  idle.o(i.rt_thread_idle_excute)
    i.rt_thread_idle_init                    0x0000431c   Section        0  idle.o(i.rt_thread_idle_init)
    i.rt_thread_init                         0x00004358   Section        0  thread.o(i.rt_thread_init)
    i.rt_thread_resume                       0x0000438c   Section        0  thread.o(i.rt_thread_resume)
    i.rt_thread_self                         0x000043c8   Section        0  thread.o(i.rt_thread_self)
    i.rt_thread_sleep                        0x000043d4   Section        0  thread.o(i.rt_thread_sleep)
    i.rt_thread_startup                      0x00004418   Section        0  thread.o(i.rt_thread_startup)
    i.rt_thread_suspend                      0x00004444   Section        0  thread.o(i.rt_thread_suspend)
    i.rt_thread_timeout                      0x00004488   Section        0  thread.o(i.rt_thread_timeout)
    i.rt_thread_yield                        0x000044a8   Section        0  thread.o(i.rt_thread_yield)
    i.rt_tick_get                            0x0000450c   Section        0  clock.o(i.rt_tick_get)
    i.rt_tick_increase                       0x00004518   Section        0  clock.o(i.rt_tick_increase)
    i.rt_timer_check                         0x00004548   Section        0  timer_1.o(i.rt_timer_check)
    i.rt_timer_control                       0x000045ec   Section        0  timer_1.o(i.rt_timer_control)
    i.rt_timer_detach                        0x0000464e   Section        0  timer_1.o(i.rt_timer_detach)
    i.rt_timer_init                          0x00004676   Section        0  timer_1.o(i.rt_timer_init)
    i.rt_timer_start                         0x000046a4   Section        0  timer_1.o(i.rt_timer_start)
    i.rt_timer_stop                          0x00004790   Section        0  timer_1.o(i.rt_timer_stop)
    i.rt_vsnprintf                           0x000047c0   Section        0  kservice.o(i.rt_vsnprintf)
    i.rti_board_end                          0x00004b00   Section        0  components.o(i.rti_board_end)
    rti_board_end                            0x00004b01   Thumb Code     4  components.o(i.rti_board_end)
    i.rti_board_start                        0x00004b04   Section        0  components.o(i.rti_board_start)
    rti_board_start                          0x00004b05   Thumb Code     4  components.o(i.rti_board_start)
    i.rti_end                                0x00004b08   Section        0  components.o(i.rti_end)
    rti_end                                  0x00004b09   Thumb Code     4  components.o(i.rti_end)
    i.rti_start                              0x00004b0c   Section        0  components.o(i.rti_start)
    rti_start                                0x00004b0d   Thumb Code     4  components.o(i.rti_start)
    i.rtthread_startup                       0x00004b10   Section        0  components.o(i.rtthread_startup)
    i.shell_auto_complete                    0x00004b3c   Section        0  shell.o(i.shell_auto_complete)
    shell_auto_complete                      0x00004b3d   Thumb Code    42  shell.o(i.shell_auto_complete)
    i.show_wait_queue                        0x00004b74   Section        0  cmd.o(i.show_wait_queue)
    show_wait_queue                          0x00004b75   Thumb Code    40  cmd.o(i.show_wait_queue)
    i.skip_atoi                              0x00004ba4   Section        0  kservice.o(i.skip_atoi)
    skip_atoi                                0x00004ba5   Thumb Code    38  kservice.o(i.skip_atoi)
    i.str_common                             0x00004bca   Section        0  msh.o(i.str_common)
    str_common                               0x00004bcb   Thumb Code    32  msh.o(i.str_common)
    i.uart_init                              0x00004bec   Section        0  blinky.o(i.uart_init)
    uart_init                                0x00004bed   Thumb Code   118  blinky.o(i.uart_init)
    i.uart_init                              0x00004c74   Section        0  board.o(i.uart_init)
    uart_init                                0x00004c75   Thumb Code   118  board.o(i.uart_init)
    i.usage_fault_track                      0x00004d00   Section        0  cpuport.o(i.usage_fault_track)
    usage_fault_track                        0x00004d01   Thumb Code   122  cpuport.o(i.usage_fault_track)
    i.version                                0x00004de8   Section        0  cmd.o(i.version)
    .constdata                               0x00004df4   Section       28  uartstdio.o(.constdata)
    g_pcHex                                  0x00004df4   Data           4  uartstdio.o(.constdata)
    g_ui32UARTBase                           0x00004df8   Data          12  uartstdio.o(.constdata)
    g_ui32UARTPeriph                         0x00004e04   Data          12  uartstdio.o(.constdata)
    .constdata                               0x00004e10   Section     4048  gui.o(.constdata)
    .constdata                               0x00005de0   Section      290  kservice.o(.constdata)
    small_digits                             0x00005ee0   Data          17  kservice.o(.constdata)
    large_digits                             0x00005ef1   Data          17  kservice.o(.constdata)
    .constdata                               0x00005f04   Section      528  sysctl.o(.constdata)
    g_pui32VCOFrequencies                    0x00005f04   Data           8  sysctl.o(.constdata)
    g_pui32Xtals                             0x00005f0c   Data          40  sysctl.o(.constdata)
    g_pppui32XTALtoVCO                       0x00005f34   Data         432  sysctl.o(.constdata)
    g_sXTALtoMEMTIM                          0x000060e4   Data          48  sysctl.o(.constdata)
    .conststring                             0x00006114   Section       17  uartstdio.o(.conststring)
    .conststring                             0x00006128   Section       68  cmd.o(.conststring)
    .rodata.name                             0x0000616c   Section      423  cmd.o(.rodata.name)
    .rodata.name                             0x00006313   Section      118  msh.o(.rodata.name)
    .rodata.name                             0x00006389   Section       39  mem.o(.rodata.name)
    .rti_fn.0                                0x000063b0   Section        4  components.o(.rti_fn.0)
    __tagsym$$used                           0x000063b0   Number         0  components.o(.rti_fn.0)
    .rti_fn.0.end                            0x000063b4   Section        4  components.o(.rti_fn.0.end)
    __tagsym$$used                           0x000063b4   Number         0  components.o(.rti_fn.0.end)
    .rti_fn.1                                0x000063b8   Section        4  board.o(.rti_fn.1)
    __tagsym$$used                           0x000063b8   Number         0  board.o(.rti_fn.1)
    .rti_fn.1.end                            0x000063bc   Section        4  components.o(.rti_fn.1.end)
    __tagsym$$used                           0x000063bc   Number         0  components.o(.rti_fn.1.end)
    .rti_fn.6                                0x000063c0   Section        4  shell.o(.rti_fn.6)
    __tagsym$$used                           0x000063c0   Number         0  shell.o(.rti_fn.6)
    .rti_fn.6.end                            0x000063c4   Section        4  components.o(.rti_fn.6.end)
    __tagsym$$used                           0x000063c4   Number         0  components.o(.rti_fn.6.end)
    FSymTab                                  0x000063c8   Section      144  cmd.o(FSymTab)
    __tagsym$$used                           0x000063c8   Number         0  cmd.o(FSymTab)
    __tagsym$$used                           0x000063d4   Number         0  cmd.o(FSymTab)
    __tagsym$$used                           0x000063e0   Number         0  cmd.o(FSymTab)
    __tagsym$$used                           0x000063ec   Number         0  cmd.o(FSymTab)
    __tagsym$$used                           0x000063f8   Number         0  cmd.o(FSymTab)
    __tagsym$$used                           0x00006404   Number         0  cmd.o(FSymTab)
    __tagsym$$used                           0x00006410   Number         0  cmd.o(FSymTab)
    __tagsym$$used                           0x0000641c   Number         0  cmd.o(FSymTab)
    __tagsym$$used                           0x00006428   Number         0  cmd.o(FSymTab)
    __tagsym$$used                           0x00006434   Number         0  cmd.o(FSymTab)
    __tagsym$$used                           0x00006440   Number         0  cmd.o(FSymTab)
    __tagsym$$used                           0x0000644c   Number         0  cmd.o(FSymTab)
    FSymTab                                  0x00006458   Section       36  msh.o(FSymTab)
    __tagsym$$used                           0x00006458   Number         0  msh.o(FSymTab)
    __tagsym$$used                           0x00006464   Number         0  msh.o(FSymTab)
    __tagsym$$used                           0x00006470   Number         0  msh.o(FSymTab)
    FSymTab                                  0x0000647c   Section       12  mem.o(FSymTab)
    __tagsym$$used                           0x0000647c   Number         0  mem.o(FSymTab)
    .data                                    0x20000000   Section       32  blinky.o(.data)
    water_thread                             0x2000000c   Data           4  blinky.o(.data)
    oled_thread                              0x20000010   Data           4  blinky.o(.data)
    sd01_thread                              0x20000014   Data           4  blinky.o(.data)
    .data                                    0x20000020   Section        4  system_msp432e401y.o(.data)
    .data                                    0x20000024   Section        5  uartstdio.o(.data)
    g_ui32Base                               0x20000024   Data           4  uartstdio.o(.data)
    bLastWasCR                               0x20000028   Data           1  uartstdio.o(.data)
    .data                                    0x20000029   Section     6528  test.o(.data)
    .data                                    0x200019b0   Section       24  sd01.o(.data)
    flag                                     0x200019c1   Data           1  sd01.o(.data)
    time_last                                0x200019c4   Data           4  sd01.o(.data)
    .data                                    0x200019c8   Section        4  timer.o(.data)
    .data                                    0x200019cc   Section       12  delay.o(.data)
    .data                                    0x200019d8   Section       24  shell.o(.data)
    finsh_prompt_custom                      0x200019ec   Data           4  shell.o(.data)
    .data                                    0x200019f0   Section       16  cpuport.o(.data)
    rt_exception_hook                        0x200019fc   Data           4  cpuport.o(.data)
    .data                                    0x20001a00   Section        4  clock.o(.data)
    rt_tick                                  0x20001a00   Data           4  clock.o(.data)
    .data                                    0x20001a04   Section        1  irq.o(.data)
    .data                                    0x20001a08   Section       24  mem.o(.data)
    heap_ptr                                 0x20001a08   Data           4  mem.o(.data)
    heap_end                                 0x20001a0c   Data           4  mem.o(.data)
    lfree                                    0x20001a10   Data           4  mem.o(.data)
    mem_size_aligned                         0x20001a14   Data           4  mem.o(.data)
    used_mem                                 0x20001a18   Data           4  mem.o(.data)
    max_mem                                  0x20001a1c   Data           4  mem.o(.data)
    .data                                    0x20001a20   Section       64  object.o(.data)
    rt_object_container                      0x20001a20   Data          64  object.o(.data)
    .data                                    0x20001a60   Section       24  scheduler.o(.data)
    rt_scheduler_lock_nest                   0x20001a64   Data           2  scheduler.o(.data)
    .data                                    0x20001a78   Section       12  timer_1.o(.data)
    rt_timer_list                            0x20001a78   Data           8  timer_1.o(.data)
    random_nr                                0x20001a80   Data           4  timer_1.o(.data)
    .data                                    0x20001a84   Section        4  board.o(.data)
    .data                                    0x20001a88   Section        4  rand.o(.data)
    _rand_state                              0x20001a88   Data           4  rand.o(.data)
    .bss                                     0x20001a8c   Section     1024  oled.o(.bss)
    OLED_buffer                              0x20001a8c   Data        1024  oled.o(.bss)
    .bss                                     0x20001e8c   Section      257  shell.o(.bss)
    finsh_prompt                             0x20001e8c   Data         257  shell.o(.bss)
    .bss                                     0x20001f90   Section      376  idle.o(.bss)
    idle                                     0x20001f90   Data         120  idle.o(.bss)
    rt_thread_stack                          0x20002008   Data         256  idle.o(.bss)
    .bss                                     0x20002108   Section      256  kservice.o(.bss)
    rt_log_buf                               0x20002108   Data         256  kservice.o(.bss)
    .bss                                     0x20002208   Section       32  mem.o(.bss)
    heap_sem                                 0x20002208   Data          32  mem.o(.bss)
    .bss                                     0x20002228   Section      256  scheduler.o(.bss)
    .bss                                     0x20002328   Section    15360  board.o(.bss)
    rt_heap                                  0x20002328   Data       15360  board.o(.bss)
    STACK                                    0x20005f28   Section      512  startup_msp432e401y_uvision.o(STACK)

    Global Symbols

    Symbol Name                              Value     Ov Type        Size  Object(Section)

    BuildAttributes$$THM_ISAv4$E$P$D$K$B$S$7EM$VFPi3$EXTD16$VFPS$VFMA$PE$A:L22UL41UL21$X:L11$S22US41US21$IEEE1$IW$USESV6$~STKCKD$USESV7$~SHL$OSPACE$ROPI$EBA8$MICROLIB$REQ8$PRES8$EABIv2 0x00000000   Number         0  anon$$obj.o ABSOLUTE
    __ARM_use_no_argv                        0x00000000   Number         0  blinky.o ABSOLUTE
    __Vectors                                0x00000000   Data           4  startup_msp432e401y_uvision.o(RESET)
    __arm_fini_                               - Undefined Weak Reference
    __cpp_initialize__aeabi_                  - Undefined Weak Reference
    __cxa_finalize                            - Undefined Weak Reference
    _clock_init                               - Undefined Weak Reference
    _microlib_exit                            - Undefined Weak Reference
    __Vectors_End                            0x000001fc   Data           0  startup_msp432e401y_uvision.o(RESET)
    __Vectors_Size                           0x000001fc   Number         0  startup_msp432e401y_uvision.o ABSOLUTE
    __main                                   0x000001fd   Thumb Code     0  entry.o(.ARM.Collect$$$$00000000)
    _main_stk                                0x000001fd   Thumb Code     0  entry2.o(.ARM.Collect$$$$00000001)
    _main_scatterload                        0x00000201   Thumb Code     0  entry5.o(.ARM.Collect$$$$00000004)
    __main_after_scatterload                 0x00000205   Thumb Code     0  entry5.o(.ARM.Collect$$$$00000004)
    _main_clock                              0x00000205   Thumb Code     0  entry7b.o(.ARM.Collect$$$$00000008)
    _main_cpp_init                           0x00000205   Thumb Code     0  entry8b.o(.ARM.Collect$$$$0000000A)
    _main_init                               0x00000205   Thumb Code     0  entry9a.o(.ARM.Collect$$$$0000000B)
    __rt_lib_shutdown_fini                   0x0000020d   Thumb Code     0  entry12b.o(.ARM.Collect$$$$0000000E)
    __rt_final_cpp                           0x00000211   Thumb Code     0  entry10a.o(.ARM.Collect$$$$0000000F)
    __rt_final_exit                          0x00000211   Thumb Code     0  entry11a.o(.ARM.Collect$$$$00000011)
    SysCtlDelay                              0x00000215   Thumb Code     6  sysctl.o(.emb_text)
    Reset_Handler                            0x0000021d   Thumb Code     8  startup_msp432e401y_uvision.o(.text)
    NMI_Handler                              0x00000225   Thumb Code     2  startup_msp432e401y_uvision.o(.text)
    MemManage_Handler                        0x00000229   Thumb Code     2  startup_msp432e401y_uvision.o(.text)
    BusFault_Handler                         0x0000022b   Thumb Code     2  startup_msp432e401y_uvision.o(.text)
    UsageFault_Handler                       0x0000022d   Thumb Code     2  startup_msp432e401y_uvision.o(.text)
    SVC_Handler                              0x0000022f   Thumb Code     2  startup_msp432e401y_uvision.o(.text)
    DebugMon_Handler                         0x00000231   Thumb Code     2  startup_msp432e401y_uvision.o(.text)
    ADC0SS0_IRQHandler                       0x00000237   Thumb Code     0  startup_msp432e401y_uvision.o(.text)
    ADC0SS1_IRQHandler                       0x00000237   Thumb Code     0  startup_msp432e401y_uvision.o(.text)
    ADC0SS2_IRQHandler                       0x00000237   Thumb Code     0  startup_msp432e401y_uvision.o(.text)
    ADC0SS3_IRQHandler                       0x00000237   Thumb Code     0  startup_msp432e401y_uvision.o(.text)
    ADC1SS0_IRQHandler                       0x00000237   Thumb Code     0  startup_msp432e401y_uvision.o(.text)
    ADC1SS1_IRQHandler                       0x00000237   Thumb Code     0  startup_msp432e401y_uvision.o(.text)
    ADC1SS2_IRQHandler                       0x00000237   Thumb Code     0  startup_msp432e401y_uvision.o(.text)
    ADC1SS3_IRQHandler                       0x00000237   Thumb Code     0  startup_msp432e401y_uvision.o(.text)
    AES0_IRQHandler                          0x00000237   Thumb Code     0  startup_msp432e401y_uvision.o(.text)
    CAN0_IRQHandler                          0x00000237   Thumb Code     0  startup_msp432e401y_uvision.o(.text)
    CAN1_IRQHandler                          0x00000237   Thumb Code     0  startup_msp432e401y_uvision.o(.text)
    COMP0_IRQHandler                         0x00000237   Thumb Code     0  startup_msp432e401y_uvision.o(.text)
    COMP1_IRQHandler                         0x00000237   Thumb Code     0  startup_msp432e401y_uvision.o(.text)
    COMP2_IRQHandler                         0x00000237   Thumb Code     0  startup_msp432e401y_uvision.o(.text)
    DES0_IRQHandler                          0x00000237   Thumb Code     0  startup_msp432e401y_uvision.o(.text)
    EMAC0_IRQHandler                         0x00000237   Thumb Code     0  startup_msp432e401y_uvision.o(.text)
    EPI0_IRQHandler                          0x00000237   Thumb Code     0  startup_msp432e401y_uvision.o(.text)
    FLASH_IRQHandler                         0x00000237   Thumb Code     0  startup_msp432e401y_uvision.o(.text)
    GPIOA_IRQHandler                         0x00000237   Thumb Code     0  startup_msp432e401y_uvision.o(.text)
    GPIOB_IRQHandler                         0x00000237   Thumb Code     0  startup_msp432e401y_uvision.o(.text)
    GPIOC_IRQHandler                         0x00000237   Thumb Code     0  startup_msp432e401y_uvision.o(.text)
    GPIOD_IRQHandler                         0x00000237   Thumb Code     0  startup_msp432e401y_uvision.o(.text)
    GPIOE_IRQHandler                         0x00000237   Thumb Code     0  startup_msp432e401y_uvision.o(.text)
    GPIOF_IRQHandler                         0x00000237   Thumb Code     0  startup_msp432e401y_uvision.o(.text)
    GPIOG_IRQHandler                         0x00000237   Thumb Code     0  startup_msp432e401y_uvision.o(.text)
    GPIOH_IRQHandler                         0x00000237   Thumb Code     0  startup_msp432e401y_uvision.o(.text)
    GPIOJ_IRQHandler                         0x00000237   Thumb Code     0  startup_msp432e401y_uvision.o(.text)
    GPIOK_IRQHandler                         0x00000237   Thumb Code     0  startup_msp432e401y_uvision.o(.text)
    GPIOL_IRQHandler                         0x00000237   Thumb Code     0  startup_msp432e401y_uvision.o(.text)
    GPION_IRQHandler                         0x00000237   Thumb Code     0  startup_msp432e401y_uvision.o(.text)
    GPIOP0_IRQHandler                        0x00000237   Thumb Code     0  startup_msp432e401y_uvision.o(.text)
    GPIOP1_IRQHandler                        0x00000237   Thumb Code     0  startup_msp432e401y_uvision.o(.text)
    GPIOP2_IRQHandler                        0x00000237   Thumb Code     0  startup_msp432e401y_uvision.o(.text)
    GPIOP3_IRQHandler                        0x00000237   Thumb Code     0  startup_msp432e401y_uvision.o(.text)
    GPIOP4_IRQHandler                        0x00000237   Thumb Code     0  startup_msp432e401y_uvision.o(.text)
    GPIOP5_IRQHandler                        0x00000237   Thumb Code     0  startup_msp432e401y_uvision.o(.text)
    GPIOP6_IRQHandler                        0x00000237   Thumb Code     0  startup_msp432e401y_uvision.o(.text)
    GPIOP7_IRQHandler                        0x00000237   Thumb Code     0  startup_msp432e401y_uvision.o(.text)
    GPIOQ0_IRQHandler                        0x00000237   Thumb Code     0  startup_msp432e401y_uvision.o(.text)
    GPIOQ1_IRQHandler                        0x00000237   Thumb Code     0  startup_msp432e401y_uvision.o(.text)
    GPIOQ2_IRQHandler                        0x00000237   Thumb Code     0  startup_msp432e401y_uvision.o(.text)
    GPIOQ3_IRQHandler                        0x00000237   Thumb Code     0  startup_msp432e401y_uvision.o(.text)
    GPIOQ4_IRQHandler                        0x00000237   Thumb Code     0  startup_msp432e401y_uvision.o(.text)
    GPIOQ5_IRQHandler                        0x00000237   Thumb Code     0  startup_msp432e401y_uvision.o(.text)
    GPIOQ6_IRQHandler                        0x00000237   Thumb Code     0  startup_msp432e401y_uvision.o(.text)
    GPIOQ7_IRQHandler                        0x00000237   Thumb Code     0  startup_msp432e401y_uvision.o(.text)
    HIBERNATE_IRQHandler                     0x00000237   Thumb Code     0  startup_msp432e401y_uvision.o(.text)
    I2C0_IRQHandler                          0x00000237   Thumb Code     0  startup_msp432e401y_uvision.o(.text)
    I2C1_IRQHandler                          0x00000237   Thumb Code     0  startup_msp432e401y_uvision.o(.text)
    I2C2_IRQHandler                          0x00000237   Thumb Code     0  startup_msp432e401y_uvision.o(.text)
    I2C3_IRQHandler                          0x00000237   Thumb Code     0  startup_msp432e401y_uvision.o(.text)
    I2C4_IRQHandler                          0x00000237   Thumb Code     0  startup_msp432e401y_uvision.o(.text)
    I2C5_IRQHandler                          0x00000237   Thumb Code     0  startup_msp432e401y_uvision.o(.text)
    I2C6_IRQHandler                          0x00000237   Thumb Code     0  startup_msp432e401y_uvision.o(.text)
    I2C7_IRQHandler                          0x00000237   Thumb Code     0  startup_msp432e401y_uvision.o(.text)
    I2C8_IRQHandler                          0x00000237   Thumb Code     0  startup_msp432e401y_uvision.o(.text)
    I2C9_IRQHandler                          0x00000237   Thumb Code     0  startup_msp432e401y_uvision.o(.text)
    PWM0_1_IRQHandler                        0x00000237   Thumb Code     0  startup_msp432e401y_uvision.o(.text)
    PWM0_2_IRQHandler                        0x00000237   Thumb Code     0  startup_msp432e401y_uvision.o(.text)
    PWM0_3_IRQHandler                        0x00000237   Thumb Code     0  startup_msp432e401y_uvision.o(.text)
    PWM0_FAULT_IRQHandler                    0x00000237   Thumb Code     0  startup_msp432e401y_uvision.o(.text)
    QEI0_IRQHandler                          0x00000237   Thumb Code     0  startup_msp432e401y_uvision.o(.text)
    SHA0_IRQHandler                          0x00000237   Thumb Code     0  startup_msp432e401y_uvision.o(.text)
    SSI0_IRQHandler                          0x00000237   Thumb Code     0  startup_msp432e401y_uvision.o(.text)
    SSI1_IRQHandler                          0x00000237   Thumb Code     0  startup_msp432e401y_uvision.o(.text)
    SSI2_IRQHandler                          0x00000237   Thumb Code     0  startup_msp432e401y_uvision.o(.text)
    SSI3_IRQHandler                          0x00000237   Thumb Code     0  startup_msp432e401y_uvision.o(.text)
    SYSCTL_IRQHandler                        0x00000237   Thumb Code     0  startup_msp432e401y_uvision.o(.text)
    SYSEXC_IRQHandler                        0x00000237   Thumb Code     0  startup_msp432e401y_uvision.o(.text)
    TAMPER0_IRQHandler                       0x00000237   Thumb Code     0  startup_msp432e401y_uvision.o(.text)
    TIMER0B_IRQHandler                       0x00000237   Thumb Code     0  startup_msp432e401y_uvision.o(.text)
    TIMER1A_IRQHandler                       0x00000237   Thumb Code     0  startup_msp432e401y_uvision.o(.text)
    TIMER1B_IRQHandler                       0x00000237   Thumb Code     0  startup_msp432e401y_uvision.o(.text)
    TIMER2A_IRQHandler                       0x00000237   Thumb Code     0  startup_msp432e401y_uvision.o(.text)
    TIMER2B_IRQHandler                       0x00000237   Thumb Code     0  startup_msp432e401y_uvision.o(.text)
    TIMER3A_IRQHandler                       0x00000237   Thumb Code     0  startup_msp432e401y_uvision.o(.text)
    TIMER3B_IRQHandler                       0x00000237   Thumb Code     0  startup_msp432e401y_uvision.o(.text)
    TIMER4A_IRQHandler                       0x00000237   Thumb Code     0  startup_msp432e401y_uvision.o(.text)
    TIMER4B_IRQHandler                       0x00000237   Thumb Code     0  startup_msp432e401y_uvision.o(.text)
    TIMER5A_IRQHandler                       0x00000237   Thumb Code     0  startup_msp432e401y_uvision.o(.text)
    TIMER5B_IRQHandler                       0x00000237   Thumb Code     0  startup_msp432e401y_uvision.o(.text)
    TIMER6A_IRQHandler                       0x00000237   Thumb Code     0  startup_msp432e401y_uvision.o(.text)
    TIMER6B_IRQHandler                       0x00000237   Thumb Code     0  startup_msp432e401y_uvision.o(.text)
    TIMER7A_IRQHandler                       0x00000237   Thumb Code     0  startup_msp432e401y_uvision.o(.text)
    TIMER7B_IRQHandler                       0x00000237   Thumb Code     0  startup_msp432e401y_uvision.o(.text)
    UART0_IRQHandler                         0x00000237   Thumb Code     0  startup_msp432e401y_uvision.o(.text)
    UART1_IRQHandler                         0x00000237   Thumb Code     0  startup_msp432e401y_uvision.o(.text)
    UART2_IRQHandler                         0x00000237   Thumb Code     0  startup_msp432e401y_uvision.o(.text)
    UART3_IRQHandler                         0x00000237   Thumb Code     0  startup_msp432e401y_uvision.o(.text)
    UART4_IRQHandler                         0x00000237   Thumb Code     0  startup_msp432e401y_uvision.o(.text)
    UART5_IRQHandler                         0x00000237   Thumb Code     0  startup_msp432e401y_uvision.o(.text)
    UART6_IRQHandler                         0x00000237   Thumb Code     0  startup_msp432e401y_uvision.o(.text)
    UART7_IRQHandler                         0x00000237   Thumb Code     0  startup_msp432e401y_uvision.o(.text)
    UDMAERR_IRQHandler                       0x00000237   Thumb Code     0  startup_msp432e401y_uvision.o(.text)
    UDMA_IRQHandler                          0x00000237   Thumb Code     0  startup_msp432e401y_uvision.o(.text)
    USB0_IRQHandler                          0x00000237   Thumb Code     0  startup_msp432e401y_uvision.o(.text)
    WATCHDOG_IRQHandler                      0x00000237   Thumb Code     0  startup_msp432e401y_uvision.o(.text)
    rt_hw_interrupt_disable                  0x00000241   Thumb Code     8  context_rvds.o(.text)
    rt_hw_interrupt_enable                   0x00000249   Thumb Code     6  context_rvds.o(.text)
    rt_hw_context_switch                     0x0000024f   Thumb Code    32  context_rvds.o(.text)
    rt_hw_context_switch_interrupt           0x0000024f   Thumb Code     0  context_rvds.o(.text)
    PendSV_Handler                           0x0000026f   Thumb Code   108  context_rvds.o(.text)
    rt_hw_context_switch_to                  0x000002db   Thumb Code    68  context_rvds.o(.text)
    rt_hw_interrupt_thread_switch            0x0000031f   Thumb Code     2  context_rvds.o(.text)
    HardFault_Handler                        0x00000321   Thumb Code    56  context_rvds.o(.text)
    rand                                     0x00000375   Thumb Code    20  rand.o(.text)
    srand                                    0x00000389   Thumb Code     6  rand.o(.text)
    __aeabi_memcpy                           0x00000399   Thumb Code    36  memcpya.o(.text)
    __aeabi_memcpy4                          0x00000399   Thumb Code     0  memcpya.o(.text)
    __aeabi_memcpy8                          0x00000399   Thumb Code     0  memcpya.o(.text)
    __aeabi_memset                           0x000003bd   Thumb Code    14  memseta.o(.text)
    __aeabi_memset4                          0x000003bd   Thumb Code     0  memseta.o(.text)
    __aeabi_memset8                          0x000003bd   Thumb Code     0  memseta.o(.text)
    __aeabi_memclr                           0x000003cb   Thumb Code     4  memseta.o(.text)
    __aeabi_memclr4                          0x000003cb   Thumb Code     0  memseta.o(.text)
    __aeabi_memclr8                          0x000003cb   Thumb Code     0  memseta.o(.text)
    _memset$wrapper                          0x000003cf   Thumb Code    18  memseta.o(.text)
    strcat                                   0x000003e1   Thumb Code    24  strcat.o(.text)
    strncpy                                  0x000003f9   Thumb Code    24  strncpy.o(.text)
    strlen                                   0x00000411   Thumb Code    14  strlen.o(.text)
    strcpy                                   0x0000041f   Thumb Code    18  strcpy.o(.text)
    strncmp                                  0x00000431   Thumb Code    30  strncmp.o(.text)
    __aeabi_dmul                             0x0000044f   Thumb Code   228  dmul.o(.text)
    __aeabi_ddiv                             0x00000533   Thumb Code   222  ddiv.o(.text)
    __aeabi_ui2d                             0x00000611   Thumb Code    26  dfltui.o(.text)
    __I$use$fp                               0x0000062b   Thumb Code     0  iusefp.o(.text)
    _double_round                            0x0000062b   Thumb Code    30  depilogue.o(.text)
    _double_epilogue                         0x00000649   Thumb Code   156  depilogue.o(.text)
    __scatterload                            0x000006e5   Thumb Code    28  init.o(.text)
    __scatterload_rt2                        0x000006e5   Thumb Code     0  init.o(.text)
    __aeabi_llsl                             0x00000709   Thumb Code    30  llshl.o(.text)
    _ll_shift_l                              0x00000709   Thumb Code     0  llshl.o(.text)
    __aeabi_llsr                             0x00000727   Thumb Code    32  llushr.o(.text)
    _ll_ushift_r                             0x00000727   Thumb Code     0  llushr.o(.text)
    __decompress                             0x00000747   Thumb Code     0  __dczerorl2.o(.text)
    __decompress1                            0x00000747   Thumb Code    86  __dczerorl2.o(.text)
    main                                     0x0000079d   Thumb Code    10  components.o(i.$Sub$$main)
    ADCSequenceStepConfigure                 0x000007a7   Thumb Code   112  adc.o(i.ADCSequenceStepConfigure)
    GPIOM_IRQHandler                         0x00000819   Thumb Code    68  sd01.o(i.GPIOM_IRQHandler)
    GUI_DrawBMP                              0x00000865   Thumb Code   172  gui.o(i.GUI_DrawBMP)
    GUI_DrawLine                             0x00000911   Thumb Code   176  gui.o(i.GUI_DrawLine)
    GUI_Fill                                 0x000009c1   Thumb Code    78  gui.o(i.GUI_Fill)
    GUI_ShowChar                             0x00000a11   Thumb Code   262  gui.o(i.GUI_ShowChar)
    GUI_ShowNum                              0x00000b21   Thumb Code   170  gui.o(i.GUI_ShowNum)
    GUI_ShowString                           0x00000bcb   Thumb Code   110  gui.o(i.GUI_ShowString)
    IIC_Start                                0x00000c39   Thumb Code    68  iic.o(i.IIC_Start)
    IIC_Stop                                 0x00000c81   Thumb Code    52  iic.o(i.IIC_Stop)
    IIC_Wait_Ack                             0x00000cb9   Thumb Code    36  iic.o(i.IIC_Wait_Ack)
    LED0_Blinky                              0x00000ce1   Thumb Code    40  blinky.o(i.LED0_Blinky)
    LED_GPIO_Config                          0x00000d0d   Thumb Code    66  board.o(i.LED_GPIO_Config)
    OLED_Clear                               0x00000d59   Thumb Code    36  oled.o(i.OLED_Clear)
    OLED_Display                             0x00000d81   Thumb Code    68  oled.o(i.OLED_Display)
    OLED_Display_On                          0x00000dc9   Thumb Code    28  oled.o(i.OLED_Display_On)
    OLED_Init                                0x00000de5   Thumb Code   326  oled.o(i.OLED_Init)
    OLED_Set_Pixel                           0x00000f35   Thumb Code   122  oled.o(i.OLED_Set_Pixel)
    OLED_WR_Byte                             0x00000fb5   Thumb Code    24  oled.o(i.OLED_WR_Byte)
    PWM0_0_IRQHandler                        0x0000106d   Thumb Code    38  blinky.o(i.PWM0_0_IRQHandler)
    PWM_configure                            0x00001099   Thumb Code   318  blinky.o(i.PWM_configure)
    SysCtlClockFreqSet                       0x000011f5   Thumb Code   530  sysctl.o(i.SysCtlClockFreqSet)
    SysCtlPeripheralReady                    0x00001425   Thumb Code    40  sysctl.o(i.SysCtlPeripheralReady)
    SysTick_Handler                          0x00001451   Thumb Code     8  board.o(i.SysTick_Handler)
    SystemClock_Config                       0x00001459   Thumb Code    60  board.o(i.SystemClock_Config)
    SystemInit                               0x000014a1   Thumb Code    20  system_msp432e401y.o(i.SystemInit)
    TEST_Menu2                               0x000014c1   Thumb Code   332  test.o(i.TEST_Menu2)
    TIMER0A_IRQHandler                       0x00001661   Thumb Code    72  timer.o(i.TIMER0A_IRQHandler)
    UARTprintf                               0x000016cd   Thumb Code    26  uartstdio.o(i.UARTprintf)
    UARTvprintf                              0x000016e9   Thumb Code   574  uartstdio.o(i.UARTvprintf)
    UARTwrite                                0x00001939   Thumb Code    58  uartstdio.o(i.UARTwrite)
    Write_IIC_Byte                           0x00001ae9   Thumb Code   118  iic.o(i.Write_IIC_Byte)
    Write_IIC_Command                        0x00001b65   Thumb Code    44  iic.o(i.Write_IIC_Command)
    Write_IIC_Data                           0x00001b91   Thumb Code    44  iic.o(i.Write_IIC_Data)
    __rt_ffs                                 0x00001be1   Thumb Code    70  kservice.o(i.__rt_ffs)
    __scatterload_copy                       0x00001c2d   Thumb Code    14  handlers.o(i.__scatterload_copy)
    __scatterload_null                       0x00001c3b   Thumb Code     2  handlers.o(i.__scatterload_null)
    __scatterload_zeroinit                   0x00001c3d   Thumb Code    14  handlers.o(i.__scatterload_zeroinit)
    calculate_drop                           0x00001eb1   Thumb Code   152  sd01.o(i.calculate_drop)
    cmd_free                                 0x00001f71   Thumb Code    14  msh.o(i.cmd_free)
    cmd_ps                                   0x00001f7f   Thumb Code    14  msh.o(i.cmd_ps)
    delay_ms                                 0x00001f8d   Thumb Code    18  delay.o(i.delay_ms)
    finsh_get_prompt                         0x00001fa5   Thumb Code    86  shell.o(i.finsh_get_prompt)
    finsh_set_prompt_mode                    0x00002025   Thumb Code    22  shell.o(i.finsh_set_prompt_mode)
    finsh_system_function_init               0x00002041   Thumb Code    10  shell.o(i.finsh_system_function_init)
    finsh_system_init                        0x00002055   Thumb Code    98  shell.o(i.finsh_system_init)
    finsh_thread_entry                       0x000020f1   Thumb Code   936  shell.o(i.finsh_thread_entry)
    hello                                    0x00002539   Thumb Code    12  cmd.o(i.hello)
    list                                     0x00002559   Thumb Code    54  cmd.o(i.list)
    list_mailbox                             0x00002675   Thumb Code   224  cmd.o(i.list_mailbox)
    list_mem                                 0x000027d1   Thumb Code    34  mem.o(i.list_mem)
    list_sem                                 0x00002849   Thumb Code   216  cmd.o(i.list_sem)
    list_thread                              0x00002981   Thumb Code   294  cmd.o(i.list_thread)
    list_timer                               0x00002b65   Thumb Code   190  cmd.o(i.list_timer)
    $Super$$main                             0x00002cc5   Thumb Code   112  blinky.o(i.main)
    main_thread_entry                        0x00002d61   Thumb Code    14  components.o(i.main_thread_entry)
    msh_auto_complete                        0x00002e59   Thumb Code   138  msh.o(i.msh_auto_complete)
    msh_exec                                 0x00002ef9   Thumb Code    84  msh.o(i.msh_exec)
    msh_help                                 0x00002fc1   Thumb Code    66  msh.o(i.msh_help)
    msh_is_used                              0x00003041   Thumb Code     4  msh.o(i.msh_is_used)
    rt_application_init                      0x00003379   Thumb Code    34  components.o(i.rt_application_init)
    rt_calloc                                0x000033a9   Thumb Code    34  mem.o(i.rt_calloc)
    rt_components_board_init                 0x000033cd   Thumb Code    20  components.o(i.rt_components_board_init)
    rt_components_init                       0x000033e9   Thumb Code    20  components.o(i.rt_components_init)
    rt_enter_critical                        0x00003405   Thumb Code    28  scheduler.o(i.rt_enter_critical)
    rt_exit_critical                         0x00003425   Thumb Code    60  scheduler.o(i.rt_exit_critical)
    rt_free                                  0x00003469   Thumb Code   128  mem.o(i.rt_free)
    rt_heap_begin_get                        0x00003549   Thumb Code     4  board.o(i.rt_heap_begin_get)
    rt_heap_end_get                          0x00003551   Thumb Code     4  board.o(i.rt_heap_end_get)
    rt_hw_board_init                         0x00003559   Thumb Code    34  board.o(i.rt_hw_board_init)
    rt_hw_console_getchar                    0x0000357d   Thumb Code    68  finsh_port.o(i.rt_hw_console_getchar)
    rt_hw_console_output                     0x000035c5   Thumb Code    58  board.o(i.rt_hw_console_output)
    rt_hw_hard_fault_exception               0x00003605   Thumb Code   220  cpuport.o(i.rt_hw_hard_fault_exception)
    rt_hw_stack_init                         0x00003831   Thumb Code    74  cpuport.o(i.rt_hw_stack_init)
    rt_interrupt_enter                       0x00003881   Thumb Code    26  irq.o(i.rt_interrupt_enter)
    rt_interrupt_leave                       0x000038a1   Thumb Code    26  irq.o(i.rt_interrupt_leave)
    rt_kprintf                               0x00003955   Thumb Code    44  kservice.o(i.rt_kprintf)
    rt_malloc                                0x00003a49   Thumb Code   336  mem.o(i.rt_malloc)
    rt_memmove                               0x00003bb5   Thumb Code    66  kservice.o(i.rt_memmove)
    rt_memset                                0x00003bf7   Thumb Code    72  kservice.o(i.rt_memset)
    rt_object_allocate                       0x00003c3f   Thumb Code    84  object.o(i.rt_object_allocate)
    rt_object_delete                         0x00003c93   Thumb Code    36  object.o(i.rt_object_delete)
    rt_object_detach                         0x00003cb7   Thumb Code    30  object.o(i.rt_object_detach)
    rt_object_get_information                0x00003cd5   Thumb Code    36  object.o(i.rt_object_get_information)
    rt_object_init                           0x00003cfd   Thumb Code    86  object.o(i.rt_object_init)
    rt_object_is_systemobject                0x00003d53   Thumb Code    18  object.o(i.rt_object_is_systemobject)
    rt_os_tick_callback                      0x00003d65   Thumb Code    16  board.o(i.rt_os_tick_callback)
    rt_schedule                              0x00003d75   Thumb Code   106  scheduler.o(i.rt_schedule)
    rt_schedule_insert_thread                0x00003df9   Thumb Code    72  scheduler.o(i.rt_schedule_insert_thread)
    rt_schedule_remove_thread                0x00003e49   Thumb Code    76  scheduler.o(i.rt_schedule_remove_thread)
    rt_sem_init                              0x00003e9d   Thumb Code    38  ipc.o(i.rt_sem_init)
    rt_sem_release                           0x00003ec3   Thumb Code    82  ipc.o(i.rt_sem_release)
    rt_sem_take                              0x00003f15   Thumb Code   116  ipc.o(i.rt_sem_take)
    rt_show_version                          0x00003f89   Thumb Code    38  kservice.o(i.rt_show_version)
    rt_strncpy                               0x00004039   Thumb Code    52  kservice.o(i.rt_strncpy)
    rt_system_heap_init                      0x0000406d   Thumb Code   160  mem.o(i.rt_system_heap_init)
    rt_system_scheduler_init                 0x00004165   Thumb Code    52  scheduler.o(i.rt_system_scheduler_init)
    rt_system_scheduler_start                0x000041b1   Thumb Code    36  scheduler.o(i.rt_system_scheduler_start)
    rt_system_timer_init                     0x000041e1   Thumb Code    24  timer_1.o(i.rt_system_timer_init)
    rt_system_timer_thread_init              0x000041fd   Thumb Code     2  timer_1.o(i.rt_system_timer_thread_init)
    rt_thread_create                         0x000041ff   Thumb Code    80  thread.o(i.rt_thread_create)
    rt_thread_delay                          0x0000424f   Thumb Code    12  thread.o(i.rt_thread_delay)
    rt_thread_exit                           0x0000425d   Thumb Code    78  thread.o(i.rt_thread_exit)
    rt_thread_idle_excute                    0x000042bd   Thumb Code    92  idle.o(i.rt_thread_idle_excute)
    rt_thread_idle_init                      0x0000431d   Thumb Code    38  idle.o(i.rt_thread_idle_init)
    rt_thread_init                           0x00004359   Thumb Code    52  thread.o(i.rt_thread_init)
    rt_thread_resume                         0x0000438d   Thumb Code    60  thread.o(i.rt_thread_resume)
    rt_thread_self                           0x000043c9   Thumb Code     6  thread.o(i.rt_thread_self)
    rt_thread_sleep                          0x000043d5   Thumb Code    62  thread.o(i.rt_thread_sleep)
    rt_thread_startup                        0x00004419   Thumb Code    44  thread.o(i.rt_thread_startup)
    rt_thread_suspend                        0x00004445   Thumb Code    68  thread.o(i.rt_thread_suspend)
    rt_thread_timeout                        0x00004489   Thumb Code    32  thread.o(i.rt_thread_timeout)
    rt_thread_yield                          0x000044a9   Thumb Code    92  thread.o(i.rt_thread_yield)
    rt_tick_get                              0x0000450d   Thumb Code     6  clock.o(i.rt_tick_get)
    rt_tick_increase                         0x00004519   Thumb Code    42  clock.o(i.rt_tick_increase)
    rt_timer_check                           0x00004549   Thumb Code   160  timer_1.o(i.rt_timer_check)
    rt_timer_control                         0x000045ed   Thumb Code    98  timer_1.o(i.rt_timer_control)
    rt_timer_detach                          0x0000464f   Thumb Code    40  timer_1.o(i.rt_timer_detach)
    rt_timer_init                            0x00004677   Thumb Code    46  timer_1.o(i.rt_timer_init)
    rt_timer_start                           0x000046a5   Thumb Code   226  timer_1.o(i.rt_timer_start)
    rt_timer_stop                            0x00004791   Thumb Code    48  timer_1.o(i.rt_timer_stop)
    rt_vsnprintf                             0x000047c1   Thumb Code   824  kservice.o(i.rt_vsnprintf)
    rtthread_startup                         0x00004b11   Thumb Code    42  components.o(i.rtthread_startup)
    version                                  0x00004de9   Thumb Code    10  cmd.o(i.version)
    F6x8                                     0x00004e10   Data         760  gui.o(.constdata)
    F8X16                                    0x00005108   Data        1520  gui.o(.constdata)
    cfont16                                  0x000056f8   Data         544  gui.o(.constdata)
    cfont24                                  0x00005918   Data         444  gui.o(.constdata)
    cfont32                                  0x00005ad4   Data         780  gui.o(.constdata)
    __lowest_bit_bitmap                      0x00005de0   Data         256  kservice.o(.constdata)
    __fsym_hello_name                        0x0000616c   Data           6  cmd.o(.rodata.name)
    __fsym_hello_desc                        0x00006172   Data          16  cmd.o(.rodata.name)
    __fsym_version_name                      0x00006182   Data           8  cmd.o(.rodata.name)
    __fsym_version_desc                      0x0000618a   Data          35  cmd.o(.rodata.name)
    __fsym___cmd_version_name                0x000061ad   Data          14  cmd.o(.rodata.name)
    __fsym___cmd_version_desc                0x000061bb   Data          35  cmd.o(.rodata.name)
    __fsym_list_thread_name                  0x000061de   Data          12  cmd.o(.rodata.name)
    __fsym_list_thread_desc                  0x000061ea   Data          12  cmd.o(.rodata.name)
    __fsym___cmd_list_thread_name            0x000061f6   Data          18  cmd.o(.rodata.name)
    __fsym___cmd_list_thread_desc            0x00006208   Data          12  cmd.o(.rodata.name)
    __fsym_list_sem_name                     0x00006214   Data           9  cmd.o(.rodata.name)
    __fsym_list_sem_desc                     0x0000621d   Data          25  cmd.o(.rodata.name)
    __fsym___cmd_list_sem_name               0x00006236   Data          15  cmd.o(.rodata.name)
    __fsym___cmd_list_sem_desc               0x00006245   Data          25  cmd.o(.rodata.name)
    __fsym_list_mailbox_name                 0x0000625e   Data          13  cmd.o(.rodata.name)
    __fsym_list_mailbox_desc                 0x0000626b   Data          24  cmd.o(.rodata.name)
    __fsym___cmd_list_mailbox_name           0x00006283   Data          19  cmd.o(.rodata.name)
    __fsym___cmd_list_mailbox_desc           0x00006296   Data          24  cmd.o(.rodata.name)
    __fsym_list_timer_name                   0x000062ae   Data          11  cmd.o(.rodata.name)
    __fsym_list_timer_desc                   0x000062b9   Data          21  cmd.o(.rodata.name)
    __fsym___cmd_list_timer_name             0x000062ce   Data          17  cmd.o(.rodata.name)
    __fsym___cmd_list_timer_desc             0x000062df   Data          21  cmd.o(.rodata.name)
    __fsym_list_name                         0x000062f4   Data           5  cmd.o(.rodata.name)
    __fsym_list_desc                         0x000062f9   Data          26  cmd.o(.rodata.name)
    __fsym___cmd_help_name                   0x00006313   Data          11  msh.o(.rodata.name)
    __fsym___cmd_help_desc                   0x0000631e   Data          22  msh.o(.rodata.name)
    __fsym___cmd_ps_name                     0x00006334   Data           9  msh.o(.rodata.name)
    __fsym___cmd_ps_desc                     0x0000633d   Data          28  msh.o(.rodata.name)
    __fsym___cmd_free_name                   0x00006359   Data          11  msh.o(.rodata.name)
    __fsym___cmd_free_desc                   0x00006364   Data          37  msh.o(.rodata.name)
    __fsym_list_mem_name                     0x00006389   Data           9  mem.o(.rodata.name)
    __fsym_list_mem_desc                     0x00006392   Data          30  mem.o(.rodata.name)
    __rt_init_rti_start                      0x000063b0   Data           4  components.o(.rti_fn.0)
    __rt_init_rti_board_start                0x000063b4   Data           4  components.o(.rti_fn.0.end)
    __rt_init_uart_init                      0x000063b8   Data           4  board.o(.rti_fn.1)
    __rt_init_rti_board_end                  0x000063bc   Data           4  components.o(.rti_fn.1.end)
    __rt_init_finsh_system_init              0x000063c0   Data           4  shell.o(.rti_fn.6)
    __rt_init_rti_end                        0x000063c4   Data           4  components.o(.rti_fn.6.end)
    FSymTab$$Base                            0x000063c8   Number         0  cmd.o(FSymTab)
    __fsym_hello                             0x000063c8   Data          12  cmd.o(FSymTab)
    __fsym_version                           0x000063d4   Data          12  cmd.o(FSymTab)
    __fsym___cmd_version                     0x000063e0   Data          12  cmd.o(FSymTab)
    __fsym_list_thread                       0x000063ec   Data          12  cmd.o(FSymTab)
    __fsym___cmd_list_thread                 0x000063f8   Data          12  cmd.o(FSymTab)
    __fsym_list_sem                          0x00006404   Data          12  cmd.o(FSymTab)
    __fsym___cmd_list_sem                    0x00006410   Data          12  cmd.o(FSymTab)
    __fsym_list_mailbox                      0x0000641c   Data          12  cmd.o(FSymTab)
    __fsym___cmd_list_mailbox                0x00006428   Data          12  cmd.o(FSymTab)
    __fsym_list_timer                        0x00006434   Data          12  cmd.o(FSymTab)
    __fsym___cmd_list_timer                  0x00006440   Data          12  cmd.o(FSymTab)
    __fsym_list                              0x0000644c   Data          12  cmd.o(FSymTab)
    __fsym___cmd_help                        0x00006458   Data          12  msh.o(FSymTab)
    __fsym___cmd_ps                          0x00006464   Data          12  msh.o(FSymTab)
    __fsym___cmd_free                        0x00006470   Data          12  msh.o(FSymTab)
    __fsym_list_mem                          0x0000647c   Data          12  mem.o(FSymTab)
    FSymTab$$Limit                           0x00006488   Number         0  mem.o(FSymTab)
    Region$$Table$$Base                      0x00006488   Number         0  anon$$obj.o(Region$$Table)
    Region$$Table$$Limit                     0x000064a8   Number         0  anon$$obj.o(Region$$Table)
    getSystemClock                           0x20000000   Data           4  blinky.o(.data)
    duty_cycle                               0x20000004   Data           4  blinky.o(.data)
    increment                                0x20000008   Data           4  blinky.o(.data)
    getADCValue                              0x20000018   Data           4  blinky.o(.data)
    theWaterDept                             0x2000001c   Data           4  blinky.o(.data)
    SystemCoreClock                          0x20000020   Data           4  system_msp432e401y.o(.data)
    BMP2                                     0x20000029   Data        1024  test.o(.data)
    BMP3                                     0x20000429   Data        1024  test.o(.data)
    BMP4                                     0x20000829   Data        1024  test.o(.data)
    BMP5                                     0x20000c29   Data         224  test.o(.data)
    BMP6                                     0x20000d09   Data        3232  test.o(.data)
    time_drop                                0x200019b0   Data           4  sd01.o(.data)
    count_drop                               0x200019b4   Data           4  sd01.o(.data)
    speed_drop                               0x200019b8   Data           8  sd01.o(.data)
    warn_status                              0x200019c0   Data           1  sd01.o(.data)
    timer_sd01_ms                            0x200019c8   Data           4  timer.o(.data)
    g_ui32SysClock                           0x200019cc   Data           4  delay.o(.data)
    g_ui32Clk_us                             0x200019d0   Data           4  delay.o(.data)
    g_ui32Clk_ms                             0x200019d4   Data           4  delay.o(.data)
    _syscall_table_begin                     0x200019d8   Data           4  shell.o(.data)
    _syscall_table_end                       0x200019dc   Data           4  shell.o(.data)
    _sysvar_table_begin                      0x200019e0   Data           4  shell.o(.data)
    _sysvar_table_end                        0x200019e4   Data           4  shell.o(.data)
    shell                                    0x200019e8   Data           4  shell.o(.data)
    rt_interrupt_from_thread                 0x200019f0   Data           4  cpuport.o(.data)
    rt_interrupt_to_thread                   0x200019f4   Data           4  cpuport.o(.data)
    rt_thread_switch_interrupt_flag          0x200019f8   Data           4  cpuport.o(.data)
    rt_interrupt_nest                        0x20001a04   Data           1  irq.o(.data)
    rt_thread_ready_priority_group           0x20001a60   Data           4  scheduler.o(.data)
    rt_current_thread                        0x20001a68   Data           4  scheduler.o(.data)
    rt_current_priority                      0x20001a6c   Data           1  scheduler.o(.data)
    rt_thread_defunct                        0x20001a70   Data           8  scheduler.o(.data)
    systemClock                              0x20001a84   Data           4  board.o(.data)
    rt_thread_priority_table                 0x20002228   Data         256  scheduler.o(.bss)
    __initial_sp                             0x20006128   Data           0  startup_msp432e401y_uvision.o(STACK)



==============================================================================

Memory Map of the image

  Image Entry point : 0x000001fd

  Load Region LR_IROM1 (Base: 0x00000000, Size: 0x00007f34, Max: 0x00100000, ABSOLUTE, COMPRESSED[0x00006f48])

    Execution Region ER_IROM1 (Exec base: 0x00000000, Load base: 0x00000000, Size: 0x000064a8, Max: 0x00100000, ABSOLUTE)

    Exec Addr    Load Addr    Size         Type   Attr      Idx    E Section Name        Object

    0x00000000   0x00000000   0x000001fc   Data   RO          305    RESET               startup_msp432e401y_uvision.o
    0x000001fc   0x000001fc   0x00000000   Code   RO         3487  * .ARM.Collect$$$$00000000  mc_w.l(entry.o)
    0x000001fc   0x000001fc   0x00000004   Code   RO         3548    .ARM.Collect$$$$00000001  mc_w.l(entry2.o)
    0x00000200   0x00000200   0x00000004   Code   RO         3551    .ARM.Collect$$$$00000004  mc_w.l(entry5.o)
    0x00000204   0x00000204   0x00000000   Code   RO         3553    .ARM.Collect$$$$00000008  mc_w.l(entry7b.o)
    0x00000204   0x00000204   0x00000000   Code   RO         3555    .ARM.Collect$$$$0000000A  mc_w.l(entry8b.o)
    0x00000204   0x00000204   0x00000008   Code   RO         3556    .ARM.Collect$$$$0000000B  mc_w.l(entry9a.o)
    0x0000020c   0x0000020c   0x00000004   Code   RO         3563    .ARM.Collect$$$$0000000E  mc_w.l(entry12b.o)
    0x00000210   0x00000210   0x00000000   Code   RO         3558    .ARM.Collect$$$$0000000F  mc_w.l(entry10a.o)
    0x00000210   0x00000210   0x00000000   Code   RO         3560    .ARM.Collect$$$$00000011  mc_w.l(entry11a.o)
    0x00000210   0x00000210   0x00000004   Code   RO         3549    .ARM.Collect$$$$00002712  mc_w.l(entry2.o)
    0x00000214   0x00000214   0x00000006   Code   RO         3074    .emb_text           msp432e4_driverlib.a(sysctl.o)
    0x0000021a   0x0000021a   0x00000002   PAD
    0x0000021c   0x0000021c   0x00000024   Code   RO          306    .text               startup_msp432e401y_uvision.o
    0x00000240   0x00000240   0x00000134   Code   RO         1331    .text               context_rvds.o
    0x00000374   0x00000374   0x00000024   Code   RO         3495    .text               mc_w.l(rand.o)
    0x00000398   0x00000398   0x00000024   Code   RO         3498    .text               mc_w.l(memcpya.o)
    0x000003bc   0x000003bc   0x00000024   Code   RO         3500    .text               mc_w.l(memseta.o)
    0x000003e0   0x000003e0   0x00000018   Code   RO         3502    .text               mc_w.l(strcat.o)
    0x000003f8   0x000003f8   0x00000018   Code   RO         3504    .text               mc_w.l(strncpy.o)
    0x00000410   0x00000410   0x0000000e   Code   RO         3506    .text               mc_w.l(strlen.o)
    0x0000041e   0x0000041e   0x00000012   Code   RO         3508    .text               mc_w.l(strcpy.o)
    0x00000430   0x00000430   0x0000001e   Code   RO         3510    .text               mc_w.l(strncmp.o)
    0x0000044e   0x0000044e   0x000000e4   Code   RO         3542    .text               mf_w.l(dmul.o)
    0x00000532   0x00000532   0x000000de   Code   RO         3544    .text               mf_w.l(ddiv.o)
    0x00000610   0x00000610   0x0000001a   Code   RO         3546    .text               mf_w.l(dfltui.o)
    0x0000062a   0x0000062a   0x00000000   Code   RO         3569    .text               mc_w.l(iusefp.o)
    0x0000062a   0x0000062a   0x000000ba   Code   RO         3570    .text               mf_w.l(depilogue.o)
    0x000006e4   0x000006e4   0x00000024   Code   RO         3578    .text               mc_w.l(init.o)
    0x00000708   0x00000708   0x0000001e   Code   RO         3580    .text               mc_w.l(llshl.o)
    0x00000726   0x00000726   0x00000020   Code   RO         3582    .text               mc_w.l(llushr.o)
    0x00000746   0x00000746   0x00000056   Code   RO         3594    .text               mc_w.l(__dczerorl2.o)
    0x0000079c   0x0000079c   0x0000000a   Code   RO         1432    i.$Sub$$main        components.o
    0x000007a6   0x000007a6   0x00000070   Code   RO         2480    i.ADCSequenceStepConfigure  msp432e4_driverlib.a(adc.o)
    0x00000816   0x00000816   0x00000002   PAD
    0x00000818   0x00000818   0x0000004c   Code   RO          867    i.GPIOM_IRQHandler  sd01.o
    0x00000864   0x00000864   0x000000ac   Code   RO          620    i.GUI_DrawBMP       gui.o
    0x00000910   0x00000910   0x000000b0   Code   RO          622    i.GUI_DrawLine      gui.o
    0x000009c0   0x000009c0   0x0000004e   Code   RO          626    i.GUI_Fill          gui.o
    0x00000a0e   0x00000a0e   0x00000002   PAD
    0x00000a10   0x00000a10   0x00000110   Code   RO          631    i.GUI_ShowChar      gui.o
    0x00000b20   0x00000b20   0x000000aa   Code   RO          635    i.GUI_ShowNum       gui.o
    0x00000bca   0x00000bca   0x0000006e   Code   RO          636    i.GUI_ShowString    gui.o
    0x00000c38   0x00000c38   0x00000048   Code   RO          566    i.IIC_Start         iic.o
    0x00000c80   0x00000c80   0x00000038   Code   RO          567    i.IIC_Stop          iic.o
    0x00000cb8   0x00000cb8   0x00000028   Code   RO          568    i.IIC_Wait_Ack      iic.o
    0x00000ce0   0x00000ce0   0x0000002c   Code   RO            4    i.LED0_Blinky       blinky.o
    0x00000d0c   0x00000d0c   0x0000004c   Code   RO         2345    i.LED_GPIO_Config   board.o
    0x00000d58   0x00000d58   0x00000028   Code   RO          486    i.OLED_Clear        oled.o
    0x00000d80   0x00000d80   0x00000048   Code   RO          487    i.OLED_Display      oled.o
    0x00000dc8   0x00000dc8   0x0000001c   Code   RO          489    i.OLED_Display_On   oled.o
    0x00000de4   0x00000de4   0x00000150   Code   RO          490    i.OLED_Init         oled.o
    0x00000f34   0x00000f34   0x00000080   Code   RO          492    i.OLED_Set_Pixel    oled.o
    0x00000fb4   0x00000fb4   0x00000018   Code   RO          494    i.OLED_WR_Byte      oled.o
    0x00000fcc   0x00000fcc   0x000000a0   Code   RO            5    i.OLED_thread_entry  blinky.o
    0x0000106c   0x0000106c   0x0000002c   Code   RO            6    i.PWM0_0_IRQHandler  blinky.o
    0x00001098   0x00001098   0x0000015c   Code   RO            7    i.PWM_configure     blinky.o
    0x000011f4   0x000011f4   0x00000230   Code   RO         3076    i.SysCtlClockFreqSet  msp432e4_driverlib.a(sysctl.o)
    0x00001424   0x00001424   0x0000002c   Code   RO         3103    i.SysCtlPeripheralReady  msp432e4_driverlib.a(sysctl.o)
    0x00001450   0x00001450   0x00000008   Code   RO         2346    i.SysTick_Handler   board.o
    0x00001458   0x00001458   0x00000048   Code   RO         2347    i.SystemClock_Config  board.o
    0x000014a0   0x000014a0   0x00000020   Code   RO          271    i.SystemInit        system_msp432e401y.o
    0x000014c0   0x000014c0   0x000001a0   Code   RO          771    i.TEST_Menu2        test.o
    0x00001660   0x00001660   0x0000006c   Code   RO          914    i.TIMER0A_IRQHandler  timer.o
    0x000016cc   0x000016cc   0x0000001a   Code   RO          355    i.UARTprintf        uartstdio.o
    0x000016e6   0x000016e6   0x00000002   PAD
    0x000016e8   0x000016e8   0x00000250   Code   RO          356    i.UARTvprintf       uartstdio.o
    0x00001938   0x00001938   0x00000040   Code   RO          357    i.UARTwrite         uartstdio.o
    0x00001978   0x00001978   0x00000170   Code   RO            8    i.WaterSensor_thread_entry  blinky.o
    0x00001ae8   0x00001ae8   0x0000007c   Code   RO          569    i.Write_IIC_Byte    iic.o
    0x00001b64   0x00001b64   0x0000002c   Code   RO          570    i.Write_IIC_Command  iic.o
    0x00001b90   0x00001b90   0x0000002c   Code   RO          571    i.Write_IIC_Data    iic.o
    0x00001bbc   0x00001bbc   0x00000024   Code   RO         3119    i._SysCtlMemTimingGet  msp432e4_driverlib.a(sysctl.o)
    0x00001be0   0x00001be0   0x0000004c   Code   RO         1702    i.__rt_ffs          kservice.o
    0x00001c2c   0x00001c2c   0x0000000e   Code   RO         3588    i.__scatterload_copy  mc_w.l(handlers.o)
    0x00001c3a   0x00001c3a   0x00000002   Code   RO         3589    i.__scatterload_null  mc_w.l(handlers.o)
    0x00001c3c   0x00001c3c   0x0000000e   Code   RO         3590    i.__scatterload_zeroinit  mc_w.l(handlers.o)
    0x00001c4a   0x00001c4a   0x0000006a   Code   RO         1170    i._msh_exec_cmd     msh.o
    0x00001cb4   0x00001cb4   0x00000084   Code   RO         2098    i._rt_thread_init   thread.o
    0x00001d38   0x00001d38   0x00000042   Code   RO         2230    i._rt_timer_init    timer_1.o
    0x00001d7a   0x00001d7a   0x0000001c   Code   RO         2231    i._rt_timer_remove  timer_1.o
    0x00001d96   0x00001d96   0x0000001c   Code   RO         2099    i._thread_cleanup_execute  thread.o
    0x00001db2   0x00001db2   0x00000002   PAD
    0x00001db4   0x00001db4   0x000000fc   Code   RO         1335    i.bus_fault_track   cpuport.o
    0x00001eb0   0x00001eb0   0x000000c0   Code   RO          868    i.calculate_drop    sd01.o
    0x00001f70   0x00001f70   0x0000000e   Code   RO         1171    i.cmd_free          msh.o
    0x00001f7e   0x00001f7e   0x0000000e   Code   RO         1172    i.cmd_ps            msh.o
    0x00001f8c   0x00001f8c   0x00000018   Code   RO          956    i.delay_ms          delay.o
    0x00001fa4   0x00001fa4   0x00000078   Code   RO         1243    i.finsh_get_prompt  shell.o
    0x0000201c   0x0000201c   0x00000008   Code   RO         1245    i.finsh_getchar     shell.o
    0x00002024   0x00002024   0x0000001c   Code   RO         1248    i.finsh_set_prompt_mode  shell.o
    0x00002040   0x00002040   0x00000014   Code   RO         1249    i.finsh_system_function_init  shell.o
    0x00002054   0x00002054   0x0000009c   Code   RO         1250    i.finsh_system_init  shell.o
    0x000020f0   0x000020f0   0x000003c8   Code   RO         1252    i.finsh_thread_entry  shell.o
    0x000024b8   0x000024b8   0x00000080   Code   RO         1336    i.hard_fault_track  cpuport.o
    0x00002538   0x00002538   0x00000020   Code   RO         1067    i.hello             cmd.o
    0x00002558   0x00002558   0x00000068   Code   RO         1068    i.list              cmd.o
    0x000025c0   0x000025c0   0x0000002a   Code   RO         1069    i.list_find_init    cmd.o
    0x000025ea   0x000025ea   0x00000088   Code   RO         1070    i.list_get_next     cmd.o
    0x00002672   0x00002672   0x00000002   PAD
    0x00002674   0x00002674   0x0000015c   Code   RO         1071    i.list_mailbox      cmd.o
    0x000027d0   0x000027d0   0x00000078   Code   RO         1879    i.list_mem          mem.o
    0x00002848   0x00002848   0x00000138   Code   RO         1072    i.list_sem          cmd.o
    0x00002980   0x00002980   0x000001e4   Code   RO         1073    i.list_thread       cmd.o
    0x00002b64   0x00002b64   0x00000160   Code   RO         1074    i.list_timer        cmd.o
    0x00002cc4   0x00002cc4   0x0000009c   Code   RO            9    i.main              blinky.o
    0x00002d60   0x00002d60   0x0000000e   Code   RO         1433    i.main_thread_entry  components.o
    0x00002d6e   0x00002d6e   0x00000002   PAD
    0x00002d70   0x00002d70   0x000000e8   Code   RO         1337    i.mem_manage_fault_track  cpuport.o
    0x00002e58   0x00002e58   0x000000a0   Code   RO         1173    i.msh_auto_complete  msh.o
    0x00002ef8   0x00002ef8   0x0000006c   Code   RO         1174    i.msh_exec          msh.o
    0x00002f64   0x00002f64   0x0000005c   Code   RO         1175    i.msh_get_cmd       msh.o
    0x00002fc0   0x00002fc0   0x00000080   Code   RO         1176    i.msh_help          msh.o
    0x00003040   0x00003040   0x00000004   Code   RO         1177    i.msh_is_used       msh.o
    0x00003044   0x00003044   0x000000f0   Code   RO         1178    i.msh_split         msh.o
    0x00003134   0x00003134   0x00000016   Code   RO          640    i.mypow             gui.o
    0x0000314a   0x0000314a   0x00000002   PAD
    0x0000314c   0x0000314c   0x0000001c   Code   RO         1075    i.object_split      cmd.o
    0x00003168   0x00003168   0x00000078   Code   RO         1880    i.plug_holes        mem.o
    0x000031e0   0x000031e0   0x00000198   Code   RO         1704    i.print_number      kservice.o
    0x00003378   0x00003378   0x00000030   Code   RO         1434    i.rt_application_init  components.o
    0x000033a8   0x000033a8   0x00000022   Code   RO         1881    i.rt_calloc         mem.o
    0x000033ca   0x000033ca   0x00000002   PAD
    0x000033cc   0x000033cc   0x0000001c   Code   RO         1435    i.rt_components_board_init  components.o
    0x000033e8   0x000033e8   0x0000001c   Code   RO         1436    i.rt_components_init  components.o
    0x00003404   0x00003404   0x00000020   Code   RO         2032    i.rt_enter_critical  scheduler.o
    0x00003424   0x00003424   0x00000044   Code   RO         2033    i.rt_exit_critical  scheduler.o
    0x00003468   0x00003468   0x000000e0   Code   RO         1882    i.rt_free           mem.o
    0x00003548   0x00003548   0x00000008   Code   RO         2348    i.rt_heap_begin_get  board.o
    0x00003550   0x00003550   0x00000008   Code   RO         2349    i.rt_heap_end_get   board.o
    0x00003558   0x00003558   0x00000022   Code   RO         2350    i.rt_hw_board_init  board.o
    0x0000357a   0x0000357a   0x00000002   PAD
    0x0000357c   0x0000357c   0x00000048   Code   RO         2422    i.rt_hw_console_getchar  finsh_port.o
    0x000035c4   0x000035c4   0x00000040   Code   RO         2351    i.rt_hw_console_output  board.o
    0x00003604   0x00003604   0x0000022c   Code   RO         1341    i.rt_hw_hard_fault_exception  cpuport.o
    0x00003830   0x00003830   0x00000050   Code   RO         1342    i.rt_hw_stack_init  cpuport.o
    0x00003880   0x00003880   0x00000020   Code   RO         1675    i.rt_interrupt_enter  irq.o
    0x000038a0   0x000038a0   0x00000020   Code   RO         1677    i.rt_interrupt_leave  irq.o
    0x000038c0   0x000038c0   0x00000014   Code   RO         1535    i.rt_ipc_list_resume  ipc.o
    0x000038d4   0x000038d4   0x0000006e   Code   RO         1537    i.rt_ipc_list_suspend  ipc.o
    0x00003942   0x00003942   0x00000010   Code   RO         1538    i.rt_ipc_object_init  ipc.o
    0x00003952   0x00003952   0x00000002   PAD
    0x00003954   0x00003954   0x00000030   Code   RO         1708    i.rt_kprintf        kservice.o
    0x00003984   0x00003984   0x00000006   Code   RO         1539    i.rt_list_init      ipc.o
    0x0000398a   0x0000398a   0x00000006   Code   RO         2034    i.rt_list_init      scheduler.o
    0x00003990   0x00003990   0x00000006   Code   RO         2232    i.rt_list_init      timer_1.o
    0x00003996   0x00003996   0x0000000e   Code   RO         1944    i.rt_list_insert_after  object.o
    0x000039a4   0x000039a4   0x0000000e   Code   RO         2100    i.rt_list_insert_after  thread.o
    0x000039b2   0x000039b2   0x0000000e   Code   RO         2233    i.rt_list_insert_after  timer_1.o
    0x000039c0   0x000039c0   0x0000000e   Code   RO         1540    i.rt_list_insert_before  ipc.o
    0x000039ce   0x000039ce   0x00000010   Code   RO         1076    i.rt_list_isempty   cmd.o
    0x000039de   0x000039de   0x00000010   Code   RO         1541    i.rt_list_isempty   ipc.o
    0x000039ee   0x000039ee   0x00000010   Code   RO         2234    i.rt_list_isempty   timer_1.o
    0x000039fe   0x000039fe   0x00000014   Code   RO         1077    i.rt_list_len       cmd.o
    0x00003a12   0x00003a12   0x00000012   Code   RO         1945    i.rt_list_remove    object.o
    0x00003a24   0x00003a24   0x00000012   Code   RO         2101    i.rt_list_remove    thread.o
    0x00003a36   0x00003a36   0x00000012   Code   RO         2235    i.rt_list_remove    timer_1.o
    0x00003a48   0x00003a48   0x0000016c   Code   RO         1883    i.rt_malloc         mem.o
    0x00003bb4   0x00003bb4   0x00000042   Code   RO         1713    i.rt_memmove        kservice.o
    0x00003bf6   0x00003bf6   0x00000048   Code   RO         1714    i.rt_memset         kservice.o
    0x00003c3e   0x00003c3e   0x00000054   Code   RO         1946    i.rt_object_allocate  object.o
    0x00003c92   0x00003c92   0x00000024   Code   RO         1947    i.rt_object_delete  object.o
    0x00003cb6   0x00003cb6   0x0000001e   Code   RO         1948    i.rt_object_detach  object.o
    0x00003cd4   0x00003cd4   0x00000028   Code   RO         1950    i.rt_object_get_information  object.o
    0x00003cfc   0x00003cfc   0x00000056   Code   RO         1954    i.rt_object_init    object.o
    0x00003d52   0x00003d52   0x00000012   Code   RO         1955    i.rt_object_is_systemobject  object.o
    0x00003d64   0x00003d64   0x00000010   Code   RO         2352    i.rt_os_tick_callback  board.o
    0x00003d74   0x00003d74   0x00000084   Code   RO         2035    i.rt_schedule       scheduler.o
    0x00003df8   0x00003df8   0x00000050   Code   RO         2036    i.rt_schedule_insert_thread  scheduler.o
    0x00003e48   0x00003e48   0x00000054   Code   RO         2037    i.rt_schedule_remove_thread  scheduler.o
    0x00003e9c   0x00003e9c   0x00000026   Code   RO         1554    i.rt_sem_init       ipc.o
    0x00003ec2   0x00003ec2   0x00000052   Code   RO         1555    i.rt_sem_release    ipc.o
    0x00003f14   0x00003f14   0x00000074   Code   RO         1556    i.rt_sem_take       ipc.o
    0x00003f88   0x00003f88   0x000000b0   Code   RO         1716    i.rt_show_version   kservice.o
    0x00004038   0x00004038   0x00000034   Code   RO         1724    i.rt_strncpy        kservice.o
    0x0000406c   0x0000406c   0x000000f8   Code   RO         1886    i.rt_system_heap_init  mem.o
    0x00004164   0x00004164   0x0000004c   Code   RO         2038    i.rt_system_scheduler_init  scheduler.o
    0x000041b0   0x000041b0   0x00000030   Code   RO         2039    i.rt_system_scheduler_start  scheduler.o
    0x000041e0   0x000041e0   0x0000001c   Code   RO         2236    i.rt_system_timer_init  timer_1.o
    0x000041fc   0x000041fc   0x00000002   Code   RO         2237    i.rt_system_timer_thread_init  timer_1.o
    0x000041fe   0x000041fe   0x00000050   Code   RO         2103    i.rt_thread_create  thread.o
    0x0000424e   0x0000424e   0x0000000c   Code   RO         2104    i.rt_thread_delay   thread.o
    0x0000425a   0x0000425a   0x00000002   PAD
    0x0000425c   0x0000425c   0x00000058   Code   RO         2108    i.rt_thread_exit    thread.o
    0x000042b4   0x000042b4   0x00000008   Code   RO         1500    i.rt_thread_idle_entry  idle.o
    0x000042bc   0x000042bc   0x00000060   Code   RO         1501    i.rt_thread_idle_excute  idle.o
    0x0000431c   0x0000431c   0x0000003c   Code   RO         1503    i.rt_thread_idle_init  idle.o
    0x00004358   0x00004358   0x00000034   Code   RO         2110    i.rt_thread_init    thread.o
    0x0000438c   0x0000438c   0x0000003c   Code   RO         2112    i.rt_thread_resume  thread.o
    0x000043c8   0x000043c8   0x0000000c   Code   RO         2113    i.rt_thread_self    thread.o
    0x000043d4   0x000043d4   0x00000044   Code   RO         2114    i.rt_thread_sleep   thread.o
    0x00004418   0x00004418   0x0000002c   Code   RO         2115    i.rt_thread_startup  thread.o
    0x00004444   0x00004444   0x00000044   Code   RO         2116    i.rt_thread_suspend  thread.o
    0x00004488   0x00004488   0x00000020   Code   RO         2117    i.rt_thread_timeout  thread.o
    0x000044a8   0x000044a8   0x00000064   Code   RO         2118    i.rt_thread_yield   thread.o
    0x0000450c   0x0000450c   0x0000000c   Code   RO         1396    i.rt_tick_get       clock.o
    0x00004518   0x00004518   0x00000030   Code   RO         1397    i.rt_tick_increase  clock.o
    0x00004548   0x00004548   0x000000a4   Code   RO         2238    i.rt_timer_check    timer_1.o
    0x000045ec   0x000045ec   0x00000062   Code   RO         2239    i.rt_timer_control  timer_1.o
    0x0000464e   0x0000464e   0x00000028   Code   RO         2242    i.rt_timer_detach   timer_1.o
    0x00004676   0x00004676   0x0000002e   Code   RO         2243    i.rt_timer_init     timer_1.o
    0x000046a4   0x000046a4   0x000000ec   Code   RO         2246    i.rt_timer_start    timer_1.o
    0x00004790   0x00004790   0x00000030   Code   RO         2247    i.rt_timer_stop     timer_1.o
    0x000047c0   0x000047c0   0x00000340   Code   RO         1727    i.rt_vsnprintf      kservice.o
    0x00004b00   0x00004b00   0x00000004   Code   RO         1437    i.rti_board_end     components.o
    0x00004b04   0x00004b04   0x00000004   Code   RO         1438    i.rti_board_start   components.o
    0x00004b08   0x00004b08   0x00000004   Code   RO         1439    i.rti_end           components.o
    0x00004b0c   0x00004b0c   0x00000004   Code   RO         1440    i.rti_start         components.o
    0x00004b10   0x00004b10   0x0000002a   Code   RO         1441    i.rtthread_startup  components.o
    0x00004b3a   0x00004b3a   0x00000002   PAD
    0x00004b3c   0x00004b3c   0x00000038   Code   RO         1253    i.shell_auto_complete  shell.o
    0x00004b74   0x00004b74   0x00000030   Code   RO         1078    i.show_wait_queue   cmd.o
    0x00004ba4   0x00004ba4   0x00000026   Code   RO         1729    i.skip_atoi         kservice.o
    0x00004bca   0x00004bca   0x00000020   Code   RO         1179    i.str_common        msh.o
    0x00004bea   0x00004bea   0x00000002   PAD
    0x00004bec   0x00004bec   0x00000088   Code   RO           12    i.uart_init         blinky.o
    0x00004c74   0x00004c74   0x0000008c   Code   RO         2353    i.uart_init         board.o
    0x00004d00   0x00004d00   0x000000e8   Code   RO         1343    i.usage_fault_track  cpuport.o
    0x00004de8   0x00004de8   0x0000000a   Code   RO         1079    i.version           cmd.o
    0x00004df2   0x00004df2   0x00000002   PAD
    0x00004df4   0x00004df4   0x0000001c   Data   RO          358    .constdata          uartstdio.o
    0x00004e10   0x00004e10   0x00000fd0   Data   RO          641    .constdata          gui.o
    0x00005de0   0x00005de0   0x00000122   Data   RO         1731    .constdata          kservice.o
    0x00005f02   0x00005f02   0x00000002   PAD
    0x00005f04   0x00005f04   0x00000210   Data   RO         3120    .constdata          msp432e4_driverlib.a(sysctl.o)
    0x00006114   0x00006114   0x00000011   Data   RO          359    .conststring        uartstdio.o
    0x00006125   0x00006125   0x00000003   PAD
    0x00006128   0x00006128   0x00000044   Data   RO         1080    .conststring        cmd.o
    0x0000616c   0x0000616c   0x000001a7   Data   RO         1081    .rodata.name        cmd.o
    0x00006313   0x00006313   0x00000076   Data   RO         1180    .rodata.name        msh.o
    0x00006389   0x00006389   0x00000027   Data   RO         1889    .rodata.name        mem.o
    0x000063b0   0x000063b0   0x00000004   Data   RO         1442    .rti_fn.0           components.o
    0x000063b4   0x000063b4   0x00000004   Data   RO         1443    .rti_fn.0.end       components.o
    0x000063b8   0x000063b8   0x00000004   Data   RO         2356    .rti_fn.1           board.o
    0x000063bc   0x000063bc   0x00000004   Data   RO         1444    .rti_fn.1.end       components.o
    0x000063c0   0x000063c0   0x00000004   Data   RO         1256    .rti_fn.6           shell.o
    0x000063c4   0x000063c4   0x00000004   Data   RO         1445    .rti_fn.6.end       components.o
    0x000063c8   0x000063c8   0x00000090   Data   RO         1082    FSymTab             cmd.o
    0x00006458   0x00006458   0x00000024   Data   RO         1181    FSymTab             msh.o
    0x0000647c   0x0000647c   0x0000000c   Data   RO         1890    FSymTab             mem.o
    0x00006488   0x00006488   0x00000020   Data   RO         3586    Region$$Table       anon$$obj.o


    Execution Region RW_IRAM1 (Exec base: 0x20000000, Load base: 0x000064a8, Size: 0x00006128, Max: 0x00040000, ABSOLUTE, COMPRESSED[0x00000aa0])

    Exec Addr    Load Addr    Size         Type   Attr      Idx    E Section Name        Object

    0x20000000   COMPRESSED   0x00000020   Data   RW           13    .data               blinky.o
    0x20000020   COMPRESSED   0x00000004   Data   RW          272    .data               system_msp432e401y.o
    0x20000024   COMPRESSED   0x00000005   Data   RW          360    .data               uartstdio.o
    0x20000029   COMPRESSED   0x00001980   Data   RW          777    .data               test.o
    0x200019a9   COMPRESSED   0x00000007   PAD
    0x200019b0   COMPRESSED   0x00000018   Data   RW          871    .data               sd01.o
    0x200019c8   COMPRESSED   0x00000004   Data   RW          916    .data               timer.o
    0x200019cc   COMPRESSED   0x0000000c   Data   RW          958    .data               delay.o
    0x200019d8   COMPRESSED   0x00000018   Data   RW         1255    .data               shell.o
    0x200019f0   COMPRESSED   0x00000010   Data   RW         1344    .data               cpuport.o
    0x20001a00   COMPRESSED   0x00000004   Data   RW         1399    .data               clock.o
    0x20001a04   COMPRESSED   0x00000001   Data   RW         1678    .data               irq.o
    0x20001a05   COMPRESSED   0x00000003   PAD
    0x20001a08   COMPRESSED   0x00000018   Data   RW         1888    .data               mem.o
    0x20001a20   COMPRESSED   0x00000040   Data   RW         1957    .data               object.o
    0x20001a60   COMPRESSED   0x00000018   Data   RW         2041    .data               scheduler.o
    0x20001a78   COMPRESSED   0x0000000c   Data   RW         2248    .data               timer_1.o
    0x20001a84   COMPRESSED   0x00000004   Data   RW         2355    .data               board.o
    0x20001a88   COMPRESSED   0x00000004   Data   RW         3496    .data               mc_w.l(rand.o)
    0x20001a8c        -       0x00000400   Zero   RW          495    .bss                oled.o
    0x20001e8c        -       0x00000101   Zero   RW         1254    .bss                shell.o
    0x20001f8d   COMPRESSED   0x00000003   PAD
    0x20001f90        -       0x00000178   Zero   RW         1504    .bss                idle.o
    0x20002108        -       0x00000100   Zero   RW         1730    .bss                kservice.o
    0x20002208        -       0x00000020   Zero   RW         1887    .bss                mem.o
    0x20002228        -       0x00000100   Zero   RW         2040    .bss                scheduler.o
    0x20002328        -       0x00003c00   Zero   RW         2354    .bss                board.o
    0x20005f28        -       0x00000200   Zero   RW          303    STACK               startup_msp432e401y_uvision.o


==============================================================================

Image component sizes


      Code (inc. data)   RO Data    RW Data    ZI Data      Debug   Object Name

      1256        152          0         32          0      17330   blinky.o
       426         58          4          4      15360       5574   board.o
        60         12          0          4          0       1345   clock.o
      1932        656        635          0          0      16417   cmd.o
       186         30         16          0          0       6724   components.o
       308         28          0          0          0        964   context_rvds.o
      1480        738          0         16          0       6922   cpuport.o
        24          6          0         12          0        850   delay.o
        72          4          0          0          0        608   finsh_port.o
      1000         10       4048          0          0       7563   gui.o
       164         26          0          0        376       5506   idle.o
       380         18          0          0          0       3232   iic.o
       418          0          0          0          0       9173   ipc.o
        64         12          0          1          0       1830   irq.o
      1768        164        290          0        256       9773   kservice.o
      1110        310         51         24         32       5863   mem.o
       898        162        154          0          0      10356   msh.o
       326          4          0         64          0       8996   object.o
       628         24          0          0       1024       4102   oled.o
       526         90          0         24        256       9302   scheduler.o
       268         48          0         24          0       1750   sd01.o
      1356        154          4         24        257      11192   shell.o
        36          8        508          0        512        840   startup_msp432e401y_uvision.o
        32         12          0          4          0        731   system_msp432e401y.o
       416         84          0       6528          0       1228   test.o
       808         38          0          0          0      13687   thread.o
       108         36          0          4          0        765   timer.o
       810         24          0         12          0      12828   timer_1.o
       682         24         45          5          0       4030   uartstdio.o

    ----------------------------------------------------------------------
     17568       2932       5792       6792      18076     179481   Object Totals
         0          0         32          0          0          0   (incl. Generated)
        26          0          5         10          3          0   (incl. Padding)

    ----------------------------------------------------------------------

      Code (inc. data)   RO Data    RW Data    ZI Data      Debug   Library Member Name

        86          0          0          0          0          0   __dczerorl2.o
         0          0          0          0          0          0   entry.o
         0          0          0          0          0          0   entry10a.o
         0          0          0          0          0          0   entry11a.o
         4          0          0          0          0          0   entry12b.o
         8          4          0          0          0          0   entry2.o
         4          0          0          0          0          0   entry5.o
         0          0          0          0          0          0   entry7b.o
         0          0          0          0          0          0   entry8b.o
         8          4          0          0          0          0   entry9a.o
        30          0          0          0          0          0   handlers.o
        36          8          0          0          0         68   init.o
         0          0          0          0          0          0   iusefp.o
        30          0          0          0          0         68   llshl.o
        32          0          0          0          0         68   llushr.o
        36          0          0          0          0         68   memcpya.o
        36          0          0          0          0        108   memseta.o
        36         10          0          4          0        136   rand.o
        24          0          0          0          0         68   strcat.o
        18          0          0          0          0         68   strcpy.o
        14          0          0          0          0         68   strlen.o
        30          0          0          0          0         80   strncmp.o
        24          0          0          0          0         76   strncpy.o
       222          0          0          0          0        100   ddiv.o
       186          0          0          0          0        176   depilogue.o
        26          0          0          0          0         76   dfltui.o
       228          0          0          0          0         96   dmul.o
       112          0          0          0          0       3875   adc.o
       646         40        528          0          0       5561   sysctl.o

    ----------------------------------------------------------------------
      1880         66        528          4          0      10760   Library Totals
         4          0          0          0          0          0   (incl. Padding)

    ----------------------------------------------------------------------

      Code (inc. data)   RO Data    RW Data    ZI Data      Debug   Library Name

       456         26          0          4          0        876   mc_w.l
       662          0          0          0          0        448   mf_w.l
       758         40        528          0          0       9436   msp432e4_driverlib.a

    ----------------------------------------------------------------------
      1880         66        528          4          0      10760   Library Totals

    ----------------------------------------------------------------------

==============================================================================


      Code (inc. data)   RO Data    RW Data    ZI Data      Debug   

     19448       2998       6320       6796      18076     173401   Grand Totals
     19448       2998       6320       2720      18076     173401   ELF Image Totals (compressed)
     19448       2998       6320       2720          0          0   ROM Totals

==============================================================================

    Total RO  Size (Code + RO Data)                25768 (  25.16kB)
    Total RW  Size (RW Data + ZI Data)             24872 (  24.29kB)
    Total ROM Size (Code + RO Data + RW Data)      28488 (  27.82kB)

==============================================================================

